Component: ARM Compiler 6.16 Tool: armlink [5dfeaa00]

==============================================================================

Section Cross References

    lab_api.o(.text.__cxx_global_var_init) refers to lab_api.o(.bss.tick) for tick
    lab_api.o(.text.__cxx_global_var_init) refers to lab_api.o(.text._ZN9EC_TickerC2Ej) for EC_Ticker::EC_Ticker__sub_object(unsigned int)
    lab_api.o(.ARM.exidx.text.__cxx_global_var_init) refers to lab_api.o(.text.__cxx_global_var_init) for [Anonymous Symbol]
    lab_api.o(.text.setup) refers to ecrcc.o(.text.RCC_PLL_init) for RCC_PLL_init
    lab_api.o(.text.setup) refers to ecgpio.o(.text.sevensegment_init) for sevensegment_init
    lab_api.o(.ARM.exidx.text.setup) refers to lab_api.o(.text.setup) for [Anonymous Symbol]
    lab_api.o(.text.main) refers to lab_api.o(.text.setup) for setup
    lab_api.o(.text.main) refers to lab_api.o(.bss.count) for count
    lab_api.o(.text.main) refers to lab_api.o(.bss.tick) for tick
    lab_api.o(.text.main) refers to ecgpio.o(.text.sevensegment_decoder) for sevensegment_decoder
    lab_api.o(.text.main) refers to ec_api.o(.text._ZN9EC_Ticker8Delay_msEj) for EC_Ticker::Delay_ms(unsigned int)
    lab_api.o(.text.main) refers to ec_api.o(.text._ZN9EC_Ticker5resetEv) for EC_Ticker::reset()
    lab_api.o(.ARM.exidx.text.main) refers to lab_api.o(.text.main) for [Anonymous Symbol]
    lab_api.o(.text._GLOBAL__sub_I_LAB_API.cpp) refers to lab_api.o(.text.__cxx_global_var_init) for __cxx_global_var_init
    lab_api.o(.ARM.exidx.text._GLOBAL__sub_I_LAB_API.cpp) refers to lab_api.o(.text._GLOBAL__sub_I_LAB_API.cpp) for [Anonymous Symbol]
    lab_api.o(.init_array) refers to lab_api.o(.text._GLOBAL__sub_I_LAB_API.cpp) for _GLOBAL__sub_I_LAB_API.cpp
    ecgpio.o(.text.GPIO_init) refers to ecrcc.o(.text.RCC_GPIOA_enable) for RCC_GPIOA_enable
    ecgpio.o(.text.GPIO_init) refers to ecrcc.o(.text.RCC_GPIOC_enable) for RCC_GPIOC_enable
    ecgpio.o(.text.GPIO_init) refers to ecrcc.o(.text.RCC_GPIOB_enable) for RCC_GPIOB_enable
    ecgpio.o(.text.GPIO_init) refers to ecgpio.o(.text.GPIO_mode) for GPIO_mode
    ecgpio.o(.ARM.exidx.text.GPIO_init) refers to ecgpio.o(.text.GPIO_init) for [Anonymous Symbol]
    ecgpio.o(.ARM.exidx.text.GPIO_mode) refers to ecgpio.o(.text.GPIO_mode) for [Anonymous Symbol]
    ecgpio.o(.ARM.exidx.text.GPIO_write) refers to ecgpio.o(.text.GPIO_write) for [Anonymous Symbol]
    ecgpio.o(.ARM.exidx.text.GPIO_read) refers to ecgpio.o(.text.GPIO_read) for [Anonymous Symbol]
    ecgpio.o(.ARM.exidx.text.GPIO_ospeed) refers to ecgpio.o(.text.GPIO_ospeed) for [Anonymous Symbol]
    ecgpio.o(.ARM.exidx.text.GPIO_otype) refers to ecgpio.o(.text.GPIO_otype) for [Anonymous Symbol]
    ecgpio.o(.ARM.exidx.text.GPIO_pudr) refers to ecgpio.o(.text.GPIO_pudr) for [Anonymous Symbol]
    ecgpio.o(.text.sevensegment_decoder) refers to ecgpio.o(.rodata..L__const.sevensegment_decoder.number) for .L__const.sevensegment_decoder.number
    ecgpio.o(.text.sevensegment_decoder) refers to ecgpio.o(.rodata.cst32) for .L__const.sevensegment_decoder.PIN
    ecgpio.o(.text.sevensegment_decoder) refers to ecgpio.o(.text.GPIO_write) for GPIO_write
    ecgpio.o(.ARM.exidx.text.sevensegment_decoder) refers to ecgpio.o(.text.sevensegment_decoder) for [Anonymous Symbol]
    ecgpio.o(.ARM.exidx.text.ButtonST) refers to ecgpio.o(.text.ButtonST) for [Anonymous Symbol]
    ecgpio.o(.text.sevensegment_init) refers to ecgpio.o(.text.GPIO_init) for GPIO_init
    ecgpio.o(.text.sevensegment_init) refers to ecgpio.o(.text.GPIO_mode) for GPIO_mode
    ecgpio.o(.text.sevensegment_init) refers to ecgpio.o(.text.GPIO_ospeed) for GPIO_ospeed
    ecgpio.o(.text.sevensegment_init) refers to ecgpio.o(.text.GPIO_otype) for GPIO_otype
    ecgpio.o(.text.sevensegment_init) refers to ecgpio.o(.text.GPIO_pudr) for GPIO_pudr
    ecgpio.o(.ARM.exidx.text.sevensegment_init) refers to ecgpio.o(.text.sevensegment_init) for [Anonymous Symbol]
    ecrcc.o(.text.RCC_HSI_init) refers to ecrcc.o(.data.EC_SYSCLK) for EC_SYSCLK
    ecrcc.o(.ARM.exidx.text.RCC_HSI_init) refers to ecrcc.o(.text.RCC_HSI_init) for [Anonymous Symbol]
    ecrcc.o(.text.RCC_PLL_init) refers to ecrcc.o(.data.EC_SYSCLK) for EC_SYSCLK
    ecrcc.o(.ARM.exidx.text.RCC_PLL_init) refers to ecrcc.o(.text.RCC_PLL_init) for [Anonymous Symbol]
    ecrcc.o(.ARM.exidx.text.RCC_GPIOA_enable) refers to ecrcc.o(.text.RCC_GPIOA_enable) for [Anonymous Symbol]
    ecrcc.o(.ARM.exidx.text.RCC_GPIOB_enable) refers to ecrcc.o(.text.RCC_GPIOB_enable) for [Anonymous Symbol]
    ecrcc.o(.ARM.exidx.text.RCC_GPIOC_enable) refers to ecrcc.o(.text.RCC_GPIOC_enable) for [Anonymous Symbol]
    exexti.o(.text.EXTI_init) refers to exexti.o(.text.EXTI_enable) for EXTI_enable
    exexti.o(.text.EXTI_init) refers to exexti.o(.text.__NVIC_SetPriority) for __NVIC_SetPriority
    exexti.o(.text.EXTI_init) refers to exexti.o(.text.__NVIC_EnableIRQ) for __NVIC_EnableIRQ
    exexti.o(.ARM.exidx.text.EXTI_init) refers to exexti.o(.text.EXTI_init) for [Anonymous Symbol]
    exexti.o(.text.EXTI_enable) refers to exexti.o(.text.__NVIC_EnableIRQ) for __NVIC_EnableIRQ
    exexti.o(.ARM.exidx.text.EXTI_enable) refers to exexti.o(.text.EXTI_enable) for [Anonymous Symbol]
    exexti.o(.ARM.exidx.text.__NVIC_SetPriority) refers to exexti.o(.text.__NVIC_SetPriority) for [Anonymous Symbol]
    exexti.o(.ARM.exidx.text.__NVIC_EnableIRQ) refers to exexti.o(.text.__NVIC_EnableIRQ) for [Anonymous Symbol]
    exexti.o(.ARM.exidx.text.EXTI_disable) refers to exexti.o(.text.EXTI_disable) for [Anonymous Symbol]
    exexti.o(.ARM.exidx.text.is_pending_EXTI) refers to exexti.o(.text.is_pending_EXTI) for [Anonymous Symbol]
    exexti.o(.ARM.exidx.text.clear_pending_EXTI) refers to exexti.o(.text.clear_pending_EXTI) for [Anonymous Symbol]
    ecsystick.o(.text.SysTick_init) refers to ecsystick.o(.text.__NVIC_SetPriority) for __NVIC_SetPriority
    ecsystick.o(.ARM.exidx.text.SysTick_init) refers to ecsystick.o(.text.SysTick_init) for [Anonymous Symbol]
    ecsystick.o(.ARM.exidx.text.__NVIC_SetPriority) refers to ecsystick.o(.text.__NVIC_SetPriority) for [Anonymous Symbol]
    ecsystick.o(.ARM.exidx.text.SysTick_val) refers to ecsystick.o(.text.SysTick_val) for [Anonymous Symbol]
    ecsystick.o(.text.SysTick_reset) refers to ecsystick.o(.bss.TimeDelay) for TimeDelay
    ecsystick.o(.ARM.exidx.text.SysTick_reset) refers to ecsystick.o(.text.SysTick_reset) for [Anonymous Symbol]
    ecsystick.o(.ARM.exidx.text.SysTick_enable) refers to ecsystick.o(.text.SysTick_enable) for [Anonymous Symbol]
    ecsystick.o(.ARM.exidx.text.SysTick_disable) refers to ecsystick.o(.text.SysTick_disable) for [Anonymous Symbol]
    ecsystick.o(.text.SysTick_Handler) refers to ecsystick.o(.bss.TimeDelay) for TimeDelay
    ecsystick.o(.ARM.exidx.text.SysTick_Handler) refers to ecsystick.o(.text.SysTick_Handler) for [Anonymous Symbol]
    ecsystick.o(.text.delay_ms) refers to ecsystick.o(.bss.TimeDelay) for TimeDelay
    ecsystick.o(.ARM.exidx.text.delay_ms) refers to ecsystick.o(.text.delay_ms) for [Anonymous Symbol]
    ec_api.o(.text._ZN12EC_DigitalIn4readEv) refers to ecgpio.o(.text.GPIO_read) for GPIO_read
    ec_api.o(.ARM.exidx.text._ZN12EC_DigitalIn4readEv) refers to ec_api.o(.text._ZN12EC_DigitalIn4readEv) for [Anonymous Symbol]
    ec_api.o(.text._ZN12EC_DigitalIn5pupdrEi) refers to ecgpio.o(.text.GPIO_pudr) for GPIO_pudr
    ec_api.o(.ARM.exidx.text._ZN12EC_DigitalIn5pupdrEi) refers to ec_api.o(.text._ZN12EC_DigitalIn5pupdrEi) for [Anonymous Symbol]
    ec_api.o(.text._ZN13EC_DigitalOut5writeEi) refers to ecgpio.o(.text.GPIO_write) for GPIO_write
    ec_api.o(.ARM.exidx.text._ZN13EC_DigitalOut5writeEi) refers to ec_api.o(.text._ZN13EC_DigitalOut5writeEi) for [Anonymous Symbol]
    ec_api.o(.text._ZN13EC_DigitalOut5pupdrEi) refers to ecgpio.o(.text.GPIO_pudr) for GPIO_pudr
    ec_api.o(.ARM.exidx.text._ZN13EC_DigitalOut5pupdrEi) refers to ec_api.o(.text._ZN13EC_DigitalOut5pupdrEi) for [Anonymous Symbol]
    ec_api.o(.text._ZN13EC_DigitalOut5otypeEi) refers to ecgpio.o(.text.GPIO_otype) for GPIO_otype
    ec_api.o(.ARM.exidx.text._ZN13EC_DigitalOut5otypeEi) refers to ec_api.o(.text._ZN13EC_DigitalOut5otypeEi) for [Anonymous Symbol]
    ec_api.o(.text._ZN13EC_DigitalOut6ospeedEi) refers to ecgpio.o(.text.GPIO_ospeed) for GPIO_ospeed
    ec_api.o(.ARM.exidx.text._ZN13EC_DigitalOut6ospeedEi) refers to ec_api.o(.text._ZN13EC_DigitalOut6ospeedEi) for [Anonymous Symbol]
    ec_api.o(.text._ZN9EC_Ticker8Delay_msEj) refers to ecsystick.o(.text.delay_ms) for delay_ms
    ec_api.o(.ARM.exidx.text._ZN9EC_Ticker8Delay_msEj) refers to ec_api.o(.text._ZN9EC_Ticker8Delay_msEj) for [Anonymous Symbol]
    ec_api.o(.ARM.exidx.text._ZN9EC_Ticker7read_msEv) refers to ec_api.o(.text._ZN9EC_Ticker7read_msEv) for [Anonymous Symbol]
    ec_api.o(.text._ZN9EC_Ticker5resetEv) refers to ecsystick.o(.text.SysTick_reset) for SysTick_reset
    ec_api.o(.ARM.exidx.text._ZN9EC_Ticker5resetEv) refers to ec_api.o(.text._ZN9EC_Ticker5resetEv) for [Anonymous Symbol]
    startup_stm32f411xe.o(STACK) refers (Special) to heapauxi.o(.text) for __use_two_region_memory
    startup_stm32f411xe.o(HEAP) refers (Special) to heapauxi.o(.text) for __use_two_region_memory
    startup_stm32f411xe.o(RESET) refers (Special) to heapauxi.o(.text) for __use_two_region_memory
    startup_stm32f411xe.o(RESET) refers to startup_stm32f411xe.o(STACK) for __initial_sp
    startup_stm32f411xe.o(RESET) refers to startup_stm32f411xe.o(.text) for Reset_Handler
    startup_stm32f411xe.o(RESET) refers to ecsystick.o(.text.SysTick_Handler) for SysTick_Handler
    startup_stm32f411xe.o(.text) refers (Special) to heapauxi.o(.text) for __use_two_region_memory
    startup_stm32f411xe.o(.text) refers to system_stm32f4xx.o(.text.SystemInit) for SystemInit
    startup_stm32f411xe.o(.text) refers to __main.o(!!!main) for __main
    startup_stm32f411xe.o(.text) refers to startup_stm32f411xe.o(HEAP) for Heap_Mem
    startup_stm32f411xe.o(.text) refers to startup_stm32f411xe.o(STACK) for Stack_Mem
    system_stm32f4xx.o(.ARM.exidx.text.SystemInit) refers to system_stm32f4xx.o(.text.SystemInit) for [Anonymous Symbol]
    system_stm32f4xx.o(.text.SystemCoreClockUpdate) refers to system_stm32f4xx.o(.data.SystemCoreClock) for SystemCoreClock
    system_stm32f4xx.o(.text.SystemCoreClockUpdate) refers to system_stm32f4xx.o(.rodata.AHBPrescTable) for AHBPrescTable
    system_stm32f4xx.o(.ARM.exidx.text.SystemCoreClockUpdate) refers to system_stm32f4xx.o(.text.SystemCoreClockUpdate) for [Anonymous Symbol]
    __main.o(!!!main) refers to __rtentry.o(.ARM.Collect$$rtentry$$00000000) for __rt_entry
    init_aeabi.o(.emb_text) refers (Special) to libinit2.o(.ARM.Collect$$libinit$$00000031) for __rt_lib_init_cpp_2
    init_aeabi.o(.init_array) refers (Special) to libinit2.o(.ARM.Collect$$libinit$$00000031) for __rt_lib_init_cpp_2
    init_aeabi.o(.dummy_text) refers (Special) to libinit2.o(.ARM.Collect$$libinit$$00000031) for __rt_lib_init_cpp_2
    init_aeabi.o(.text) refers (Special) to libinit2.o(.ARM.Collect$$libinit$$00000031) for __rt_lib_init_cpp_2
    init_aeabi.o(.ARM.exidx) refers (Special) to libinit2.o(.ARM.Collect$$libinit$$00000031) for __rt_lib_init_cpp_2
    init_aeabi.o(.ARM.exidx) refers to init_aeabi.o(.text) for .text
    __rtentry.o(.ARM.Collect$$rtentry$$00000000) refers (Special) to __rtentry2.o(.ARM.Collect$$rtentry$$0000000A) for __rt_entry_li
    __rtentry.o(.ARM.Collect$$rtentry$$00000000) refers (Special) to __rtentry2.o(.ARM.Collect$$rtentry$$0000000D) for __rt_entry_main
    __rtentry.o(.ARM.Collect$$rtentry$$00000000) refers (Special) to __rtentry2.o(.ARM.Collect$$rtentry$$0000000C) for __rt_entry_postli_1
    __rtentry.o(.ARM.Collect$$rtentry$$00000000) refers (Special) to __rtentry2.o(.ARM.Collect$$rtentry$$00000009) for __rt_entry_postsh_1
    __rtentry.o(.ARM.Collect$$rtentry$$00000000) refers (Special) to __rtentry2.o(.ARM.Collect$$rtentry$$00000002) for __rt_entry_presh_1
    __rtentry.o(.ARM.Collect$$rtentry$$00000000) refers (Special) to __rtentry4.o(.ARM.Collect$$rtentry$$00000004) for __rt_entry_sh
    libinit2.o(.ARM.Collect$$libinit$$00000001) refers to fpinit.o(x$fpl$fpinit) for _fp_init
    libinit2.o(.ARM.Collect$$libinit$$00000010) refers to libinit2.o(.ARM.Collect$$libinit$$0000000F) for .ARM.Collect$$libinit$$0000000F
    libinit2.o(.ARM.Collect$$libinit$$00000012) refers to libinit2.o(.ARM.Collect$$libinit$$0000000F) for .ARM.Collect$$libinit$$0000000F
    libinit2.o(.ARM.Collect$$libinit$$00000014) refers to libinit2.o(.ARM.Collect$$libinit$$0000000F) for .ARM.Collect$$libinit$$0000000F
    libinit2.o(.ARM.Collect$$libinit$$00000016) refers to libinit2.o(.ARM.Collect$$libinit$$0000000F) for .ARM.Collect$$libinit$$0000000F
    libinit2.o(.ARM.Collect$$libinit$$00000018) refers to libinit2.o(.ARM.Collect$$libinit$$0000000F) for .ARM.Collect$$libinit$$0000000F
    libinit2.o(.ARM.Collect$$libinit$$00000026) refers to argv_veneer.o(.emb_text) for __ARM_argv_veneer
    libinit2.o(.ARM.Collect$$libinit$$00000027) refers to argv_veneer.o(.emb_text) for __ARM_argv_veneer
    libinit2.o(.ARM.Collect$$libinit$$00000031) refers (Weak) to init_aeabi.o(.text) for __cpp_initialize__aeabi_
    __rtentry2.o(.ARM.Collect$$rtentry$$00000008) refers to boardinit2.o(.text) for _platform_post_stackheap_init
    __rtentry2.o(.ARM.Collect$$rtentry$$0000000A) refers to libinit.o(.ARM.Collect$$libinit$$00000000) for __rt_lib_init
    __rtentry2.o(.ARM.Collect$$rtentry$$0000000B) refers to boardinit3.o(.text) for _platform_post_lib_init
    __rtentry2.o(.ARM.Collect$$rtentry$$0000000D) refers to lab_api.o(.text.main) for main
    __rtentry2.o(.ARM.Collect$$rtentry$$0000000D) refers to exit.o(.text) for exit
    __rtentry2.o(.ARM.exidx) refers to __rtentry2.o(.ARM.Collect$$rtentry$$00000001) for .ARM.Collect$$rtentry$$00000001
    __rtentry2.o(.ARM.exidx) refers to __rtentry2.o(.ARM.Collect$$rtentry$$00000008) for .ARM.Collect$$rtentry$$00000008
    __rtentry2.o(.ARM.exidx) refers to __rtentry2.o(.ARM.Collect$$rtentry$$0000000A) for .ARM.Collect$$rtentry$$0000000A
    __rtentry2.o(.ARM.exidx) refers to __rtentry2.o(.ARM.Collect$$rtentry$$0000000B) for .ARM.Collect$$rtentry$$0000000B
    __rtentry2.o(.ARM.exidx) refers to __rtentry2.o(.ARM.Collect$$rtentry$$0000000D) for .ARM.Collect$$rtentry$$0000000D
    __rtentry4.o(.ARM.Collect$$rtentry$$00000004) refers to sys_stackheap_outer.o(.text) for __user_setup_stackheap
    __rtentry4.o(.ARM.exidx) refers to __rtentry4.o(.ARM.Collect$$rtentry$$00000004) for .ARM.Collect$$rtentry$$00000004
    argv_veneer.o(.emb_text) refers to no_argv.o(.text) for __ARM_get_argv
    sys_stackheap_outer.o(.text) refers to libspace.o(.text) for __user_perproc_libspace
    sys_stackheap_outer.o(.text) refers to startup_stm32f411xe.o(.text) for __user_initial_stackheap
    exit.o(.text) refers to rtexit.o(.ARM.Collect$$rtexit$$00000000) for __rt_exit
    _get_argv_nomalloc.o(.text) refers (Special) to hrguard.o(.text) for __heap_region$guard
    _get_argv_nomalloc.o(.text) refers to defsig_rtmem_outer.o(.text) for __rt_SIGRTMEM
    _get_argv_nomalloc.o(.text) refers to sys_command.o(.text) for _sys_command_string
    libinit.o(.ARM.Collect$$libinit$$00000000) refers (Special) to libinit2.o(.ARM.Collect$$libinit$$0000002E) for __rt_lib_init_alloca_1
    libinit.o(.ARM.Collect$$libinit$$00000000) refers (Special) to libinit2.o(.ARM.Collect$$libinit$$0000002C) for __rt_lib_init_argv_1
    libinit.o(.ARM.Collect$$libinit$$00000000) refers (Special) to libinit2.o(.ARM.Collect$$libinit$$0000001B) for __rt_lib_init_atexit_1
    libinit.o(.ARM.Collect$$libinit$$00000000) refers (Special) to libinit2.o(.ARM.Collect$$libinit$$00000021) for __rt_lib_init_clock_1
    libinit.o(.ARM.Collect$$libinit$$00000000) refers (Special) to libinit2.o(.ARM.Collect$$libinit$$00000032) for __rt_lib_init_cpp_1
    libinit.o(.ARM.Collect$$libinit$$00000000) refers (Special) to libinit2.o(.ARM.Collect$$libinit$$00000030) for __rt_lib_init_exceptions_1
    libinit.o(.ARM.Collect$$libinit$$00000000) refers (Special) to libinit2.o(.ARM.Collect$$libinit$$00000001) for __rt_lib_init_fp_1
    libinit.o(.ARM.Collect$$libinit$$00000000) refers (Special) to libinit2.o(.ARM.Collect$$libinit$$0000001F) for __rt_lib_init_fp_trap_1
    libinit.o(.ARM.Collect$$libinit$$00000000) refers (Special) to libinit2.o(.ARM.Collect$$libinit$$00000023) for __rt_lib_init_getenv_1
    libinit.o(.ARM.Collect$$libinit$$00000000) refers (Special) to libinit2.o(.ARM.Collect$$libinit$$0000000A) for __rt_lib_init_heap_1
    libinit.o(.ARM.Collect$$libinit$$00000000) refers (Special) to libinit2.o(.ARM.Collect$$libinit$$00000011) for __rt_lib_init_lc_collate_1
    libinit.o(.ARM.Collect$$libinit$$00000000) refers (Special) to libinit2.o(.ARM.Collect$$libinit$$00000013) for __rt_lib_init_lc_ctype_1
    libinit.o(.ARM.Collect$$libinit$$00000000) refers (Special) to libinit2.o(.ARM.Collect$$libinit$$00000015) for __rt_lib_init_lc_monetary_1
    libinit.o(.ARM.Collect$$libinit$$00000000) refers (Special) to libinit2.o(.ARM.Collect$$libinit$$00000017) for __rt_lib_init_lc_numeric_1
    libinit.o(.ARM.Collect$$libinit$$00000000) refers (Special) to libinit2.o(.ARM.Collect$$libinit$$00000019) for __rt_lib_init_lc_time_1
    libinit.o(.ARM.Collect$$libinit$$00000000) refers (Special) to libinit2.o(.ARM.Collect$$libinit$$00000004) for __rt_lib_init_preinit_1
    libinit.o(.ARM.Collect$$libinit$$00000000) refers (Special) to libinit2.o(.ARM.Collect$$libinit$$0000000E) for __rt_lib_init_rand_1
    libinit.o(.ARM.Collect$$libinit$$00000000) refers (Special) to libinit2.o(.ARM.Collect$$libinit$$00000033) for __rt_lib_init_return
    libinit.o(.ARM.Collect$$libinit$$00000000) refers (Special) to libinit2.o(.ARM.Collect$$libinit$$0000001D) for __rt_lib_init_signal_1
    libinit.o(.ARM.Collect$$libinit$$00000000) refers (Special) to libinit2.o(.ARM.Collect$$libinit$$00000025) for __rt_lib_init_stdio_1
    libinit.o(.ARM.Collect$$libinit$$00000000) refers (Special) to libinit2.o(.ARM.Collect$$libinit$$0000000C) for __rt_lib_init_user_alloc_1
    sys_command.o(.text) refers (Special) to use_no_semi.o(.text) for __I$use$semihosting
    sys_command.o(.text) refers (Special) to indicate_semi.o(.text) for __semihosting_library_function
    sys_command_hlt.o(.text) refers (Special) to use_no_semi.o(.text) for __I$use$semihosting
    sys_command_hlt.o(.text) refers (Special) to indicate_semi.o(.text) for __semihosting_library_function
    libspace.o(.text) refers to libspace.o(.bss) for __libspace_start
    rtexit.o(.ARM.Collect$$rtexit$$00000000) refers (Special) to rtexit2.o(.ARM.Collect$$rtexit$$00000004) for __rt_exit_exit
    rtexit.o(.ARM.Collect$$rtexit$$00000000) refers (Special) to rtexit2.o(.ARM.Collect$$rtexit$$00000003) for __rt_exit_ls
    rtexit.o(.ARM.Collect$$rtexit$$00000000) refers (Special) to rtexit2.o(.ARM.Collect$$rtexit$$00000002) for __rt_exit_prels_1
    rtexit.o(.ARM.exidx) refers (Special) to rtexit2.o(.ARM.Collect$$rtexit$$00000004) for __rt_exit_exit
    rtexit.o(.ARM.exidx) refers (Special) to rtexit2.o(.ARM.Collect$$rtexit$$00000003) for __rt_exit_ls
    rtexit.o(.ARM.exidx) refers (Special) to rtexit2.o(.ARM.Collect$$rtexit$$00000002) for __rt_exit_prels_1
    rtexit.o(.ARM.exidx) refers to rtexit.o(.ARM.Collect$$rtexit$$00000000) for .ARM.Collect$$rtexit$$00000000
    defsig_rtmem_outer.o(.text) refers to defsig_rtmem_inner.o(.text) for __rt_SIGRTMEM_inner
    defsig_rtmem_outer.o(.text) refers to defsig_exit.o(.text) for __sig_exit
    defsig_rtmem_formal.o(.text) refers to rt_raise.o(.text) for __rt_raise
    rtexit2.o(.ARM.Collect$$rtexit$$00000003) refers to libshutdown.o(.ARM.Collect$$libshutdown$$00000000) for __rt_lib_shutdown
    rtexit2.o(.ARM.Collect$$rtexit$$00000004) refers to sys_exit.o(.text) for _sys_exit
    rtexit2.o(.ARM.exidx) refers to rtexit2.o(.ARM.Collect$$rtexit$$00000001) for .ARM.Collect$$rtexit$$00000001
    rtexit2.o(.ARM.exidx) refers to rtexit2.o(.ARM.Collect$$rtexit$$00000003) for .ARM.Collect$$rtexit$$00000003
    rtexit2.o(.ARM.exidx) refers to rtexit2.o(.ARM.Collect$$rtexit$$00000004) for .ARM.Collect$$rtexit$$00000004
    rt_raise.o(.text) refers to __raise.o(.text) for __raise
    rt_raise.o(.text) refers to sys_exit.o(.text) for _sys_exit
    defsig_exit.o(.text) refers to sys_exit.o(.text) for _sys_exit
    defsig_rtmem_inner.o(.text) refers to defsig_general.o(.text) for __default_signal_display
    sys_exit.o(.text) refers (Special) to use_no_semi.o(.text) for __I$use$semihosting
    sys_exit.o(.text) refers (Special) to indicate_semi.o(.text) for __semihosting_library_function
    sys_exit_hlt.o(.text) refers (Special) to use_no_semi.o(.text) for __I$use$semihosting
    sys_exit_hlt.o(.text) refers (Special) to indicate_semi.o(.text) for __semihosting_library_function
    __raise.o(.text) refers to defsig.o(CL$$defsig) for __default_signal_handler
    defsig_general.o(.text) refers to sys_wrch.o(.text) for _ttywrch
    libshutdown.o(.ARM.Collect$$libshutdown$$00000000) refers (Special) to libshutdown2.o(.ARM.Collect$$libshutdown$$00000002) for __rt_lib_shutdown_cpp_1
    libshutdown.o(.ARM.Collect$$libshutdown$$00000000) refers (Special) to libshutdown2.o(.ARM.Collect$$libshutdown$$00000007) for __rt_lib_shutdown_fp_trap_1
    libshutdown.o(.ARM.Collect$$libshutdown$$00000000) refers (Special) to libshutdown2.o(.ARM.Collect$$libshutdown$$0000000F) for __rt_lib_shutdown_heap_1
    libshutdown.o(.ARM.Collect$$libshutdown$$00000000) refers (Special) to libshutdown2.o(.ARM.Collect$$libshutdown$$00000010) for __rt_lib_shutdown_return
    libshutdown.o(.ARM.Collect$$libshutdown$$00000000) refers (Special) to libshutdown2.o(.ARM.Collect$$libshutdown$$0000000A) for __rt_lib_shutdown_signal_1
    libshutdown.o(.ARM.Collect$$libshutdown$$00000000) refers (Special) to libshutdown2.o(.ARM.Collect$$libshutdown$$00000004) for __rt_lib_shutdown_stdio_1
    libshutdown.o(.ARM.Collect$$libshutdown$$00000000) refers (Special) to libshutdown2.o(.ARM.Collect$$libshutdown$$0000000C) for __rt_lib_shutdown_user_alloc_1
    sys_wrch.o(.text) refers (Special) to use_no_semi.o(.text) for __I$use$semihosting
    sys_wrch.o(.text) refers (Special) to indicate_semi.o(.text) for __semihosting_library_function
    sys_wrch_hlt.o(.text) refers (Special) to use_no_semi.o(.text) for __I$use$semihosting
    sys_wrch_hlt.o(.text) refers (Special) to indicate_semi.o(.text) for __semihosting_library_function
    defsig.o(CL$$defsig) refers to defsig_rtmem_inner.o(.text) for __rt_SIGRTMEM_inner
    defsig_abrt_inner.o(.text) refers to defsig_general.o(.text) for __default_signal_display
    defsig_fpe_inner.o(.text) refers to defsig_general.o(.text) for __default_signal_display
    defsig_rtred_inner.o(.text) refers to defsig_general.o(.text) for __default_signal_display
    defsig_stak_inner.o(.text) refers to defsig_general.o(.text) for __default_signal_display
    defsig_pvfn_inner.o(.text) refers to defsig_general.o(.text) for __default_signal_display
    defsig_cppl_inner.o(.text) refers to defsig_general.o(.text) for __default_signal_display
    defsig_segv_inner.o(.text) refers to defsig_general.o(.text) for __default_signal_display
    defsig_other.o(.text) refers to defsig_general.o(.text) for __default_signal_display
    lab_api.o(.text._ZN9EC_TickerC2Ej) refers to ecsystick.o(.text.SysTick_init) for SysTick_init
    lab_api.o(.ARM.exidx.text._ZN9EC_TickerC2Ej) refers to lab_api.o(.text._ZN9EC_TickerC2Ej) for [Anonymous Symbol]


==============================================================================

Removing Unused input sections from the image.

    Removing lab_api.o(.text), (0 bytes).
    Removing lab_api.o(.ARM.exidx.text.__cxx_global_var_init), (8 bytes).
    Removing lab_api.o(.ARM.exidx.text.setup), (8 bytes).
    Removing lab_api.o(.ARM.exidx.text.main), (8 bytes).
    Removing lab_api.o(.ARM.exidx.text._GLOBAL__sub_I_LAB_API.cpp), (8 bytes).
    Removing lab_api.o(.ARM.use_no_argv), (4 bytes).
    Removing ecgpio.o(.text), (0 bytes).
    Removing ecgpio.o(.ARM.exidx.text.GPIO_init), (8 bytes).
    Removing ecgpio.o(.ARM.exidx.text.GPIO_mode), (8 bytes).
    Removing ecgpio.o(.ARM.exidx.text.GPIO_write), (8 bytes).
    Removing ecgpio.o(.text.GPIO_read), (12 bytes).
    Removing ecgpio.o(.ARM.exidx.text.GPIO_read), (8 bytes).
    Removing ecgpio.o(.ARM.exidx.text.GPIO_ospeed), (8 bytes).
    Removing ecgpio.o(.ARM.exidx.text.GPIO_otype), (8 bytes).
    Removing ecgpio.o(.ARM.exidx.text.GPIO_pudr), (8 bytes).
    Removing ecgpio.o(.ARM.exidx.text.sevensegment_decoder), (8 bytes).
    Removing ecgpio.o(.text.ButtonST), (62 bytes).
    Removing ecgpio.o(.ARM.exidx.text.ButtonST), (8 bytes).
    Removing ecgpio.o(.ARM.exidx.text.sevensegment_init), (8 bytes).
    Removing ecrcc.o(.text), (0 bytes).
    Removing ecrcc.o(.text.RCC_HSI_init), (72 bytes).
    Removing ecrcc.o(.ARM.exidx.text.RCC_HSI_init), (8 bytes).
    Removing ecrcc.o(.ARM.exidx.text.RCC_PLL_init), (8 bytes).
    Removing ecrcc.o(.ARM.exidx.text.RCC_GPIOA_enable), (8 bytes).
    Removing ecrcc.o(.ARM.exidx.text.RCC_GPIOB_enable), (8 bytes).
    Removing ecrcc.o(.ARM.exidx.text.RCC_GPIOC_enable), (8 bytes).
    Removing exexti.o(.text), (0 bytes).
    Removing exexti.o(.text.EXTI_init), (384 bytes).
    Removing exexti.o(.ARM.exidx.text.EXTI_init), (8 bytes).
    Removing exexti.o(.text.EXTI_enable), (58 bytes).
    Removing exexti.o(.ARM.exidx.text.EXTI_enable), (8 bytes).
    Removing exexti.o(.text.__NVIC_SetPriority), (16 bytes).
    Removing exexti.o(.ARM.exidx.text.__NVIC_SetPriority), (8 bytes).
    Removing exexti.o(.text.__NVIC_EnableIRQ), (32 bytes).
    Removing exexti.o(.ARM.exidx.text.__NVIC_EnableIRQ), (8 bytes).
    Removing exexti.o(.text.EXTI_disable), (16 bytes).
    Removing exexti.o(.ARM.exidx.text.EXTI_disable), (8 bytes).
    Removing exexti.o(.text.is_pending_EXTI), (20 bytes).
    Removing exexti.o(.ARM.exidx.text.is_pending_EXTI), (8 bytes).
    Removing exexti.o(.text.clear_pending_EXTI), (22 bytes).
    Removing exexti.o(.ARM.exidx.text.clear_pending_EXTI), (8 bytes).
    Removing ecsystick.o(.text), (0 bytes).
    Removing ecsystick.o(.ARM.exidx.text.SysTick_init), (8 bytes).
    Removing ecsystick.o(.ARM.exidx.text.__NVIC_SetPriority), (8 bytes).
    Removing ecsystick.o(.text.SysTick_val), (18 bytes).
    Removing ecsystick.o(.ARM.exidx.text.SysTick_val), (8 bytes).
    Removing ecsystick.o(.ARM.exidx.text.SysTick_reset), (8 bytes).
    Removing ecsystick.o(.text.SysTick_enable), (18 bytes).
    Removing ecsystick.o(.ARM.exidx.text.SysTick_enable), (8 bytes).
    Removing ecsystick.o(.text.SysTick_disable), (16 bytes).
    Removing ecsystick.o(.ARM.exidx.text.SysTick_disable), (8 bytes).
    Removing ecsystick.o(.ARM.exidx.text.SysTick_Handler), (8 bytes).
    Removing ecsystick.o(.ARM.exidx.text.delay_ms), (8 bytes).
    Removing ec_api.o(.text), (0 bytes).
    Removing ec_api.o(.text._ZN12EC_DigitalIn4readEv), (16 bytes).
    Removing ec_api.o(.ARM.exidx.text._ZN12EC_DigitalIn4readEv), (8 bytes).
    Removing ec_api.o(.text._ZN12EC_DigitalIn5pupdrEi), (20 bytes).
    Removing ec_api.o(.ARM.exidx.text._ZN12EC_DigitalIn5pupdrEi), (8 bytes).
    Removing ec_api.o(.text._ZN13EC_DigitalOut5writeEi), (20 bytes).
    Removing ec_api.o(.ARM.exidx.text._ZN13EC_DigitalOut5writeEi), (8 bytes).
    Removing ec_api.o(.text._ZN13EC_DigitalOut5pupdrEi), (20 bytes).
    Removing ec_api.o(.ARM.exidx.text._ZN13EC_DigitalOut5pupdrEi), (8 bytes).
    Removing ec_api.o(.text._ZN13EC_DigitalOut5otypeEi), (20 bytes).
    Removing ec_api.o(.ARM.exidx.text._ZN13EC_DigitalOut5otypeEi), (8 bytes).
    Removing ec_api.o(.text._ZN13EC_DigitalOut6ospeedEi), (20 bytes).
    Removing ec_api.o(.ARM.exidx.text._ZN13EC_DigitalOut6ospeedEi), (8 bytes).
    Removing ec_api.o(.ARM.exidx.text._ZN9EC_Ticker8Delay_msEj), (8 bytes).
    Removing ec_api.o(.text._ZN9EC_Ticker7read_msEv), (20 bytes).
    Removing ec_api.o(.ARM.exidx.text._ZN9EC_Ticker7read_msEv), (8 bytes).
    Removing ec_api.o(.ARM.exidx.text._ZN9EC_Ticker5resetEv), (8 bytes).
    Removing system_stm32f4xx.o(.text), (0 bytes).
    Removing system_stm32f4xx.o(.ARM.exidx.text.SystemInit), (8 bytes).
    Removing system_stm32f4xx.o(.text.SystemCoreClockUpdate), (126 bytes).
    Removing system_stm32f4xx.o(.ARM.exidx.text.SystemCoreClockUpdate), (8 bytes).
    Removing system_stm32f4xx.o(.data.SystemCoreClock), (4 bytes).
    Removing system_stm32f4xx.o(.rodata.AHBPrescTable), (16 bytes).
    Removing system_stm32f4xx.o(.rodata.APBPrescTable), (8 bytes).
    Removing lab_api.o(.ARM.exidx.text._ZN9EC_TickerC2Ej), (8 bytes).

78 unused section(s) (total 1408 bytes) removed from the image.

==============================================================================

Image Symbol Table

    Local Symbols

    Symbol Name                              Value     Ov Type        Size  Object(Section)

    ../clib/angel/boardlib.s                 0x00000000   Number         0  boardinit1.o ABSOLUTE
    ../clib/angel/boardlib.s                 0x00000000   Number         0  boardinit2.o ABSOLUTE
    ../clib/angel/boardlib.s                 0x00000000   Number         0  boardinit3.o ABSOLUTE
    ../clib/angel/boardlib.s                 0x00000000   Number         0  boardshut.o ABSOLUTE
    ../clib/angel/handlers.s                 0x00000000   Number         0  __scatter_copy.o ABSOLUTE
    ../clib/angel/handlers.s                 0x00000000   Number         0  __scatter_zi.o ABSOLUTE
    ../clib/angel/kernel.s                   0x00000000   Number         0  __rtentry.o ABSOLUTE
    ../clib/angel/kernel.s                   0x00000000   Number         0  __rtentry2.o ABSOLUTE
    ../clib/angel/kernel.s                   0x00000000   Number         0  __rtentry4.o ABSOLUTE
    ../clib/angel/kernel.s                   0x00000000   Number         0  rtexit.o ABSOLUTE
    ../clib/angel/kernel.s                   0x00000000   Number         0  rtexit2.o ABSOLUTE
    ../clib/angel/rt.s                       0x00000000   Number         0  rt_raise.o ABSOLUTE
    ../clib/angel/scatter.s                  0x00000000   Number         0  __scatter.o ABSOLUTE
    ../clib/angel/startup.s                  0x00000000   Number         0  __main.o ABSOLUTE
    ../clib/angel/sys.s                      0x00000000   Number         0  sys_stackheap_outer.o ABSOLUTE
    ../clib/angel/sys.s                      0x00000000   Number         0  libspace.o ABSOLUTE
    ../clib/angel/sys.s                      0x00000000   Number         0  use_no_semi.o ABSOLUTE
    ../clib/angel/sys.s                      0x00000000   Number         0  indicate_semi.o ABSOLUTE
    ../clib/angel/sysapp.c                   0x00000000   Number         0  sys_command.o ABSOLUTE
    ../clib/angel/sysapp.c                   0x00000000   Number         0  sys_command_hlt.o ABSOLUTE
    ../clib/angel/sysapp.c                   0x00000000   Number         0  sys_exit.o ABSOLUTE
    ../clib/angel/sysapp.c                   0x00000000   Number         0  sys_exit_hlt.o ABSOLUTE
    ../clib/angel/sysapp.c                   0x00000000   Number         0  sys_wrch.o ABSOLUTE
    ../clib/angel/sysapp.c                   0x00000000   Number         0  sys_wrch_hlt.o ABSOLUTE
    ../clib/arm_runtime.c                    0x00000000   Number         0  init_aeabi.o ABSOLUTE
    ../clib/arm_runtime.c                    0x00000000   Number         0  init_aeabi.o ABSOLUTE
    ../clib/armsys.c                         0x00000000   Number         0  argv_veneer.o ABSOLUTE
    ../clib/armsys.c                         0x00000000   Number         0  argv_veneer.o ABSOLUTE
    ../clib/armsys.c                         0x00000000   Number         0  _get_argv_nomalloc.o ABSOLUTE
    ../clib/armsys.c                         0x00000000   Number         0  no_argv.o ABSOLUTE
    ../clib/heapalloc.c                      0x00000000   Number         0  hrguard.o ABSOLUTE
    ../clib/heapaux.c                        0x00000000   Number         0  heapauxi.o ABSOLUTE
    ../clib/libinit.s                        0x00000000   Number         0  libinit2.o ABSOLUTE
    ../clib/libinit.s                        0x00000000   Number         0  libinit.o ABSOLUTE
    ../clib/libinit.s                        0x00000000   Number         0  libshutdown.o ABSOLUTE
    ../clib/libinit.s                        0x00000000   Number         0  libshutdown2.o ABSOLUTE
    ../clib/r_arm_target.c                   0x00000000   Number         0  __ARM_resolve_target1.o ABSOLUTE
    ../clib/r_arm_target.c                   0x00000000   Number         0  __ARM_resolve_target1_abs32.o ABSOLUTE
    ../clib/signal.c                         0x00000000   Number         0  defsig_rtmem_outer.o ABSOLUTE
    ../clib/signal.c                         0x00000000   Number         0  defsig_rtmem_formal.o ABSOLUTE
    ../clib/signal.c                         0x00000000   Number         0  defsig_exit.o ABSOLUTE
    ../clib/signal.c                         0x00000000   Number         0  defsig_rtmem_inner.o ABSOLUTE
    ../clib/signal.c                         0x00000000   Number         0  __raise.o ABSOLUTE
    ../clib/signal.c                         0x00000000   Number         0  defsig_general.o ABSOLUTE
    ../clib/signal.c                         0x00000000   Number         0  defsig_abrt_inner.o ABSOLUTE
    ../clib/signal.c                         0x00000000   Number         0  defsig_fpe_inner.o ABSOLUTE
    ../clib/signal.c                         0x00000000   Number         0  defsig_rtred_inner.o ABSOLUTE
    ../clib/signal.c                         0x00000000   Number         0  defsig_stak_inner.o ABSOLUTE
    ../clib/signal.c                         0x00000000   Number         0  defsig_pvfn_inner.o ABSOLUTE
    ../clib/signal.c                         0x00000000   Number         0  defsig_cppl_inner.o ABSOLUTE
    ../clib/signal.c                         0x00000000   Number         0  defsig_segv_inner.o ABSOLUTE
    ../clib/signal.c                         0x00000000   Number         0  defsig_other.o ABSOLUTE
    ../clib/signal.s                         0x00000000   Number         0  defsig.o ABSOLUTE
    ../clib/stdlib.c                         0x00000000   Number         0  exit.o ABSOLUTE
    ../fplib/fpinit.s                        0x00000000   Number         0  fpinit.o ABSOLUTE
    EC_API.cpp                               0x00000000   Number         0  ec_api.o ABSOLUTE
    LAB_API.cpp                              0x00000000   Number         0  lab_api.o ABSOLUTE
    RTE/Device/STM32F411RETx/startup_stm32f411xe.s 0x00000000   Number         0  startup_stm32f411xe.o ABSOLUTE
    dc.s                                     0x00000000   Number         0  dc.o ABSOLUTE
    ecGPIO.c                                 0x00000000   Number         0  ecgpio.o ABSOLUTE
    ecRCC.c                                  0x00000000   Number         0  ecrcc.o ABSOLUTE
    ecSysTick.c                              0x00000000   Number         0  ecsystick.o ABSOLUTE
    exEXTI.c                                 0x00000000   Number         0  exexti.o ABSOLUTE
    system_stm32f4xx.c                       0x00000000   Number         0  system_stm32f4xx.o ABSOLUTE
    RESET                                    0x08000000   Section      408  startup_stm32f411xe.o(RESET)
    !!!main                                  0x08000198   Section        8  __main.o(!!!main)
    !!!scatter                               0x080001a0   Section       52  __scatter.o(!!!scatter)
    !!handler_copy                           0x080001d4   Section       26  __scatter_copy.o(!!handler_copy)
    !!handler_zi                             0x080001f0   Section       28  __scatter_zi.o(!!handler_zi)
    .ARM.Collect$$libinit$$00000000          0x0800020c   Section        2  libinit.o(.ARM.Collect$$libinit$$00000000)
    .ARM.Collect$$libinit$$00000001          0x0800020e   Section        4  libinit2.o(.ARM.Collect$$libinit$$00000001)
    .ARM.Collect$$libinit$$00000004          0x08000212   Section        0  libinit2.o(.ARM.Collect$$libinit$$00000004)
    .ARM.Collect$$libinit$$0000000A          0x08000212   Section        0  libinit2.o(.ARM.Collect$$libinit$$0000000A)
    .ARM.Collect$$libinit$$0000000C          0x08000212   Section        0  libinit2.o(.ARM.Collect$$libinit$$0000000C)
    .ARM.Collect$$libinit$$0000000E          0x08000212   Section        0  libinit2.o(.ARM.Collect$$libinit$$0000000E)
    .ARM.Collect$$libinit$$00000011          0x08000212   Section        0  libinit2.o(.ARM.Collect$$libinit$$00000011)
    .ARM.Collect$$libinit$$00000013          0x08000212   Section        0  libinit2.o(.ARM.Collect$$libinit$$00000013)
    .ARM.Collect$$libinit$$00000015          0x08000212   Section        0  libinit2.o(.ARM.Collect$$libinit$$00000015)
    .ARM.Collect$$libinit$$00000017          0x08000212   Section        0  libinit2.o(.ARM.Collect$$libinit$$00000017)
    .ARM.Collect$$libinit$$00000019          0x08000212   Section        0  libinit2.o(.ARM.Collect$$libinit$$00000019)
    .ARM.Collect$$libinit$$0000001B          0x08000212   Section        0  libinit2.o(.ARM.Collect$$libinit$$0000001B)
    .ARM.Collect$$libinit$$0000001D          0x08000212   Section        0  libinit2.o(.ARM.Collect$$libinit$$0000001D)
    .ARM.Collect$$libinit$$0000001F          0x08000212   Section        0  libinit2.o(.ARM.Collect$$libinit$$0000001F)
    .ARM.Collect$$libinit$$00000021          0x08000212   Section        0  libinit2.o(.ARM.Collect$$libinit$$00000021)
    .ARM.Collect$$libinit$$00000023          0x08000212   Section        0  libinit2.o(.ARM.Collect$$libinit$$00000023)
    .ARM.Collect$$libinit$$00000025          0x08000212   Section        0  libinit2.o(.ARM.Collect$$libinit$$00000025)
    .ARM.Collect$$libinit$$0000002C          0x08000212   Section        0  libinit2.o(.ARM.Collect$$libinit$$0000002C)
    .ARM.Collect$$libinit$$0000002E          0x08000212   Section        0  libinit2.o(.ARM.Collect$$libinit$$0000002E)
    .ARM.Collect$$libinit$$00000030          0x08000212   Section        0  libinit2.o(.ARM.Collect$$libinit$$00000030)
    .ARM.Collect$$libinit$$00000031          0x08000212   Section        4  libinit2.o(.ARM.Collect$$libinit$$00000031)
    .ARM.Collect$$libinit$$00000032          0x08000216   Section        0  libinit2.o(.ARM.Collect$$libinit$$00000032)
    .ARM.Collect$$libinit$$00000033          0x08000216   Section        2  libinit2.o(.ARM.Collect$$libinit$$00000033)
    .ARM.Collect$$libshutdown$$00000000      0x08000218   Section        2  libshutdown.o(.ARM.Collect$$libshutdown$$00000000)
    .ARM.Collect$$libshutdown$$00000002      0x0800021a   Section        0  libshutdown2.o(.ARM.Collect$$libshutdown$$00000002)
    .ARM.Collect$$libshutdown$$00000004      0x0800021a   Section        0  libshutdown2.o(.ARM.Collect$$libshutdown$$00000004)
    .ARM.Collect$$libshutdown$$00000007      0x0800021a   Section        0  libshutdown2.o(.ARM.Collect$$libshutdown$$00000007)
    .ARM.Collect$$libshutdown$$0000000A      0x0800021a   Section        0  libshutdown2.o(.ARM.Collect$$libshutdown$$0000000A)
    .ARM.Collect$$libshutdown$$0000000C      0x0800021a   Section        0  libshutdown2.o(.ARM.Collect$$libshutdown$$0000000C)
    .ARM.Collect$$libshutdown$$0000000F      0x0800021a   Section        0  libshutdown2.o(.ARM.Collect$$libshutdown$$0000000F)
    .ARM.Collect$$libshutdown$$00000010      0x0800021a   Section        2  libshutdown2.o(.ARM.Collect$$libshutdown$$00000010)
    .ARM.Collect$$rtentry$$00000000          0x0800021c   Section        0  __rtentry.o(.ARM.Collect$$rtentry$$00000000)
    .ARM.Collect$$rtentry$$00000002          0x0800021c   Section        0  __rtentry2.o(.ARM.Collect$$rtentry$$00000002)
    .ARM.Collect$$rtentry$$00000004          0x0800021c   Section        6  __rtentry4.o(.ARM.Collect$$rtentry$$00000004)
    .ARM.Collect$$rtentry$$00000009          0x08000222   Section        0  __rtentry2.o(.ARM.Collect$$rtentry$$00000009)
    .ARM.Collect$$rtentry$$0000000A          0x08000222   Section        4  __rtentry2.o(.ARM.Collect$$rtentry$$0000000A)
    .ARM.Collect$$rtentry$$0000000C          0x08000226   Section        0  __rtentry2.o(.ARM.Collect$$rtentry$$0000000C)
    .ARM.Collect$$rtentry$$0000000D          0x08000226   Section        8  __rtentry2.o(.ARM.Collect$$rtentry$$0000000D)
    .ARM.Collect$$rtexit$$00000000           0x0800022e   Section        2  rtexit.o(.ARM.Collect$$rtexit$$00000000)
    .ARM.Collect$$rtexit$$00000002           0x08000230   Section        0  rtexit2.o(.ARM.Collect$$rtexit$$00000002)
    .ARM.Collect$$rtexit$$00000003           0x08000230   Section        4  rtexit2.o(.ARM.Collect$$rtexit$$00000003)
    .ARM.Collect$$rtexit$$00000004           0x08000234   Section        6  rtexit2.o(.ARM.Collect$$rtexit$$00000004)
    $v0                                      0x0800023c   Number         0  startup_stm32f411xe.o(.text)
    .text                                    0x0800023c   Section       64  startup_stm32f411xe.o(.text)
    .text                                    0x0800027c   Section        0  heapauxi.o(.text)
    .text                                    0x08000284   Section        0  init_aeabi.o(.text)
    .text                                    0x080002a8   Section       74  sys_stackheap_outer.o(.text)
    .text                                    0x080002f2   Section        0  exit.o(.text)
    .text                                    0x08000304   Section        8  libspace.o(.text)
    .text                                    0x0800030c   Section        2  use_no_semi.o(.text)
    .text                                    0x0800030e   Section        0  indicate_semi.o(.text)
    .text                                    0x08000310   Section        0  sys_exit.o(.text)
    [Anonymous Symbol]                       0x0800031c   Section        0  ecgpio.o(.text.GPIO_init)
    [Anonymous Symbol]                       0x08000364   Section        0  ecgpio.o(.text.GPIO_mode)
    [Anonymous Symbol]                       0x08000388   Section        0  ecgpio.o(.text.GPIO_ospeed)
    [Anonymous Symbol]                       0x080003ac   Section        0  ecgpio.o(.text.GPIO_otype)
    [Anonymous Symbol]                       0x080003d4   Section        0  ecgpio.o(.text.GPIO_pudr)
    [Anonymous Symbol]                       0x080003f8   Section        0  ecgpio.o(.text.GPIO_write)
    [Anonymous Symbol]                       0x08000420   Section        0  ecrcc.o(.text.RCC_GPIOA_enable)
    [Anonymous Symbol]                       0x08000434   Section        0  ecrcc.o(.text.RCC_GPIOB_enable)
    [Anonymous Symbol]                       0x08000448   Section        0  ecrcc.o(.text.RCC_GPIOC_enable)
    [Anonymous Symbol]                       0x0800045c   Section        0  ecrcc.o(.text.RCC_PLL_init)
    [Anonymous Symbol]                       0x0800053c   Section        0  ecsystick.o(.text.SysTick_Handler)
    [Anonymous Symbol]                       0x08000554   Section        0  ecsystick.o(.text.SysTick_init)
    [Anonymous Symbol]                       0x0800059c   Section        0  ecsystick.o(.text.SysTick_reset)
    [Anonymous Symbol]                       0x080005b4   Section        0  system_stm32f4xx.o(.text.SystemInit)
    _GLOBAL__sub_I_LAB_API.cpp               0x080005d1   Thumb Code     8  lab_api.o(.text._GLOBAL__sub_I_LAB_API.cpp)
    [Anonymous Symbol]                       0x080005d0   Section        0  lab_api.o(.text._GLOBAL__sub_I_LAB_API.cpp)
    [Anonymous Symbol]                       0x080005d8   Section        0  ec_api.o(.text._ZN9EC_Ticker5resetEv)
    [Anonymous Symbol]                       0x080005e0   Section        0  ec_api.o(.text._ZN9EC_Ticker8Delay_msEj)
    [Anonymous Symbol]                       0x080005ec   Section        0  lab_api.o(.text._ZN9EC_TickerC2Ej)
    __NVIC_SetPriority                       0x08000605   Thumb Code    14  ecsystick.o(.text.__NVIC_SetPriority)
    [Anonymous Symbol]                       0x08000604   Section        0  ecsystick.o(.text.__NVIC_SetPriority)
    __cxx_global_var_init                    0x08000615   Thumb Code    18  lab_api.o(.text.__cxx_global_var_init)
    [Anonymous Symbol]                       0x08000614   Section        0  lab_api.o(.text.__cxx_global_var_init)
    [Anonymous Symbol]                       0x08000628   Section        0  ecsystick.o(.text.delay_ms)
    [Anonymous Symbol]                       0x0800063c   Section        0  lab_api.o(.text.main)
    [Anonymous Symbol]                       0x0800067c   Section        0  lab_api.o(.text.setup)
    [Anonymous Symbol]                       0x08000688   Section        0  ecgpio.o(.text.sevensegment_decoder)
    [Anonymous Symbol]                       0x08000718   Section        0  ecgpio.o(.text.sevensegment_init)
    $v0                                      0x080008ba   Number         0  fpinit.o(x$fpl$fpinit)
    x$fpl$fpinit                             0x080008ba   Section       26  fpinit.o(x$fpl$fpinit)
    .L__const.sevensegment_decoder.number    0x080008d4   Data         320  ecgpio.o(.rodata..L__const.sevensegment_decoder.number)
    .L__const.sevensegment_decoder.PIN       0x08000a14   Data          32  ecgpio.o(.rodata.cst32)
    .init_array                              0x08000a58   Section        0  init_aeabi.o(.init_array)
    .bss                                     0x20000008   Section       96  libspace.o(.bss)
    TimeDelay                                0x20000068   Data           4  ecsystick.o(.bss.TimeDelay)
    [Anonymous Symbol]                       0x20000068   Section        0  ecsystick.o(.bss.TimeDelay)
    Heap_Mem                                 0x20000078   Data         512  startup_stm32f411xe.o(HEAP)
    HEAP                                     0x20000078   Section      512  startup_stm32f411xe.o(HEAP)
    Stack_Mem                                0x20000278   Data        1024  startup_stm32f411xe.o(STACK)
    STACK                                    0x20000278   Section     1024  startup_stm32f411xe.o(STACK)
    __initial_sp                             0x20000678   Data           0  startup_stm32f411xe.o(STACK)

    Global Symbols

    Symbol Name                              Value     Ov Type        Size  Object(Section)

    BuildAttributes$$THM_ISAv4$E$P$D$K$B$S$7EM$VFPi3$EXTD16$VFPS$VFMA$PE$A:L22UL41UL21$X:L11$S22US41US21$IEEE1$IW$~IW$USESV6$~STKCKD$USESV7$~SHL$OTIME$ROPI$EBA8$UX$STANDARDLIB$REQ8$PRES8$EABIv2 0x00000000   Number         0  anon$$obj.o ABSOLUTE
    __ARM_exceptions_init                     - Undefined Weak Reference
    __alloca_initialize                       - Undefined Weak Reference
    __arm_preinit_                            - Undefined Weak Reference
    __cxa_finalize                            - Undefined Weak Reference
    __rt_locale                               - Undefined Weak Reference
    __sigvec_lookup                           - Undefined Weak Reference
    _atexit_init                              - Undefined Weak Reference
    _call_atexit_fns                          - Undefined Weak Reference
    _clock_init                               - Undefined Weak Reference
    _fp_trap_init                             - Undefined Weak Reference
    _fp_trap_shutdown                         - Undefined Weak Reference
    _get_lc_collate                           - Undefined Weak Reference
    _get_lc_ctype                             - Undefined Weak Reference
    _get_lc_monetary                          - Undefined Weak Reference
    _get_lc_numeric                           - Undefined Weak Reference
    _get_lc_time                              - Undefined Weak Reference
    _getenv_init                              - Undefined Weak Reference
    _handle_redirection                       - Undefined Weak Reference
    _init_alloc                               - Undefined Weak Reference
    _init_user_alloc                          - Undefined Weak Reference
    _initio                                   - Undefined Weak Reference
    _rand_init                                - Undefined Weak Reference
    _signal_finish                            - Undefined Weak Reference
    _signal_init                              - Undefined Weak Reference
    _terminate_alloc                          - Undefined Weak Reference
    _terminate_user_alloc                     - Undefined Weak Reference
    _terminateio                              - Undefined Weak Reference
    __Vectors_Size                           0x00000198   Number         0  startup_stm32f411xe.o ABSOLUTE
    __Vectors                                0x08000000   Data           4  startup_stm32f411xe.o(RESET)
    __Vectors_End                            0x08000198   Data           0  startup_stm32f411xe.o(RESET)
    __main                                   0x08000199   Thumb Code     8  __main.o(!!!main)
    __scatterload                            0x080001a1   Thumb Code     0  __scatter.o(!!!scatter)
    __scatterload_rt2                        0x080001a1   Thumb Code    44  __scatter.o(!!!scatter)
    __scatterload_rt2_thumb_only             0x080001a1   Thumb Code     0  __scatter.o(!!!scatter)
    __scatterload_null                       0x080001af   Thumb Code     0  __scatter.o(!!!scatter)
    __scatterload_copy                       0x080001d5   Thumb Code    26  __scatter_copy.o(!!handler_copy)
    __scatterload_zeroinit                   0x080001f1   Thumb Code    28  __scatter_zi.o(!!handler_zi)
    __rt_lib_init                            0x0800020d   Thumb Code     0  libinit.o(.ARM.Collect$$libinit$$00000000)
    __rt_lib_init_fp_1                       0x0800020f   Thumb Code     0  libinit2.o(.ARM.Collect$$libinit$$00000001)
    __rt_lib_init_alloca_1                   0x08000213   Thumb Code     0  libinit2.o(.ARM.Collect$$libinit$$0000002E)
    __rt_lib_init_argv_1                     0x08000213   Thumb Code     0  libinit2.o(.ARM.Collect$$libinit$$0000002C)
    __rt_lib_init_atexit_1                   0x08000213   Thumb Code     0  libinit2.o(.ARM.Collect$$libinit$$0000001B)
    __rt_lib_init_clock_1                    0x08000213   Thumb Code     0  libinit2.o(.ARM.Collect$$libinit$$00000021)
    __rt_lib_init_cpp_2                      0x08000213   Thumb Code     0  libinit2.o(.ARM.Collect$$libinit$$00000031)
    __rt_lib_init_exceptions_1               0x08000213   Thumb Code     0  libinit2.o(.ARM.Collect$$libinit$$00000030)
    __rt_lib_init_fp_trap_1                  0x08000213   Thumb Code     0  libinit2.o(.ARM.Collect$$libinit$$0000001F)
    __rt_lib_init_getenv_1                   0x08000213   Thumb Code     0  libinit2.o(.ARM.Collect$$libinit$$00000023)
    __rt_lib_init_heap_1                     0x08000213   Thumb Code     0  libinit2.o(.ARM.Collect$$libinit$$0000000A)
    __rt_lib_init_lc_collate_1               0x08000213   Thumb Code     0  libinit2.o(.ARM.Collect$$libinit$$00000011)
    __rt_lib_init_lc_ctype_1                 0x08000213   Thumb Code     0  libinit2.o(.ARM.Collect$$libinit$$00000013)
    __rt_lib_init_lc_monetary_1              0x08000213   Thumb Code     0  libinit2.o(.ARM.Collect$$libinit$$00000015)
    __rt_lib_init_lc_numeric_1               0x08000213   Thumb Code     0  libinit2.o(.ARM.Collect$$libinit$$00000017)
    __rt_lib_init_lc_time_1                  0x08000213   Thumb Code     0  libinit2.o(.ARM.Collect$$libinit$$00000019)
    __rt_lib_init_preinit_1                  0x08000213   Thumb Code     0  libinit2.o(.ARM.Collect$$libinit$$00000004)
    __rt_lib_init_rand_1                     0x08000213   Thumb Code     0  libinit2.o(.ARM.Collect$$libinit$$0000000E)
    __rt_lib_init_signal_1                   0x08000213   Thumb Code     0  libinit2.o(.ARM.Collect$$libinit$$0000001D)
    __rt_lib_init_stdio_1                    0x08000213   Thumb Code     0  libinit2.o(.ARM.Collect$$libinit$$00000025)
    __rt_lib_init_user_alloc_1               0x08000213   Thumb Code     0  libinit2.o(.ARM.Collect$$libinit$$0000000C)
    __rt_lib_init_cpp_1                      0x08000217   Thumb Code     0  libinit2.o(.ARM.Collect$$libinit$$00000032)
    __rt_lib_init_return                     0x08000217   Thumb Code     0  libinit2.o(.ARM.Collect$$libinit$$00000033)
    __rt_lib_shutdown                        0x08000219   Thumb Code     0  libshutdown.o(.ARM.Collect$$libshutdown$$00000000)
    __rt_lib_shutdown_cpp_1                  0x0800021b   Thumb Code     0  libshutdown2.o(.ARM.Collect$$libshutdown$$00000002)
    __rt_lib_shutdown_fp_trap_1              0x0800021b   Thumb Code     0  libshutdown2.o(.ARM.Collect$$libshutdown$$00000007)
    __rt_lib_shutdown_heap_1                 0x0800021b   Thumb Code     0  libshutdown2.o(.ARM.Collect$$libshutdown$$0000000F)
    __rt_lib_shutdown_return                 0x0800021b   Thumb Code     0  libshutdown2.o(.ARM.Collect$$libshutdown$$00000010)
    __rt_lib_shutdown_signal_1               0x0800021b   Thumb Code     0  libshutdown2.o(.ARM.Collect$$libshutdown$$0000000A)
    __rt_lib_shutdown_stdio_1                0x0800021b   Thumb Code     0  libshutdown2.o(.ARM.Collect$$libshutdown$$00000004)
    __rt_lib_shutdown_user_alloc_1           0x0800021b   Thumb Code     0  libshutdown2.o(.ARM.Collect$$libshutdown$$0000000C)
    __rt_entry                               0x0800021d   Thumb Code     0  __rtentry.o(.ARM.Collect$$rtentry$$00000000)
    __rt_entry_presh_1                       0x0800021d   Thumb Code     0  __rtentry2.o(.ARM.Collect$$rtentry$$00000002)
    __rt_entry_sh                            0x0800021d   Thumb Code     0  __rtentry4.o(.ARM.Collect$$rtentry$$00000004)
    __rt_entry_li                            0x08000223   Thumb Code     0  __rtentry2.o(.ARM.Collect$$rtentry$$0000000A)
    __rt_entry_postsh_1                      0x08000223   Thumb Code     0  __rtentry2.o(.ARM.Collect$$rtentry$$00000009)
    __rt_entry_main                          0x08000227   Thumb Code     0  __rtentry2.o(.ARM.Collect$$rtentry$$0000000D)
    __rt_entry_postli_1                      0x08000227   Thumb Code     0  __rtentry2.o(.ARM.Collect$$rtentry$$0000000C)
    __rt_exit                                0x0800022f   Thumb Code     0  rtexit.o(.ARM.Collect$$rtexit$$00000000)
    __rt_exit_ls                             0x08000231   Thumb Code     0  rtexit2.o(.ARM.Collect$$rtexit$$00000003)
    __rt_exit_prels_1                        0x08000231   Thumb Code     0  rtexit2.o(.ARM.Collect$$rtexit$$00000002)
    __rt_exit_exit                           0x08000235   Thumb Code     0  rtexit2.o(.ARM.Collect$$rtexit$$00000004)
    Reset_Handler                            0x0800023d   Thumb Code     8  startup_stm32f411xe.o(.text)
    NMI_Handler                              0x08000245   Thumb Code     2  startup_stm32f411xe.o(.text)
    HardFault_Handler                        0x08000247   Thumb Code     2  startup_stm32f411xe.o(.text)
    MemManage_Handler                        0x08000249   Thumb Code     2  startup_stm32f411xe.o(.text)
    BusFault_Handler                         0x0800024b   Thumb Code     2  startup_stm32f411xe.o(.text)
    UsageFault_Handler                       0x0800024d   Thumb Code     2  startup_stm32f411xe.o(.text)
    SVC_Handler                              0x0800024f   Thumb Code     2  startup_stm32f411xe.o(.text)
    DebugMon_Handler                         0x08000251   Thumb Code     2  startup_stm32f411xe.o(.text)
    PendSV_Handler                           0x08000253   Thumb Code     2  startup_stm32f411xe.o(.text)
    ADC_IRQHandler                           0x08000257   Thumb Code     0  startup_stm32f411xe.o(.text)
    DMA1_Stream0_IRQHandler                  0x08000257   Thumb Code     0  startup_stm32f411xe.o(.text)
    DMA1_Stream1_IRQHandler                  0x08000257   Thumb Code     0  startup_stm32f411xe.o(.text)
    DMA1_Stream2_IRQHandler                  0x08000257   Thumb Code     0  startup_stm32f411xe.o(.text)
    DMA1_Stream3_IRQHandler                  0x08000257   Thumb Code     0  startup_stm32f411xe.o(.text)
    DMA1_Stream4_IRQHandler                  0x08000257   Thumb Code     0  startup_stm32f411xe.o(.text)
    DMA1_Stream5_IRQHandler                  0x08000257   Thumb Code     0  startup_stm32f411xe.o(.text)
    DMA1_Stream6_IRQHandler                  0x08000257   Thumb Code     0  startup_stm32f411xe.o(.text)
    DMA1_Stream7_IRQHandler                  0x08000257   Thumb Code     0  startup_stm32f411xe.o(.text)
    DMA2_Stream0_IRQHandler                  0x08000257   Thumb Code     0  startup_stm32f411xe.o(.text)
    DMA2_Stream1_IRQHandler                  0x08000257   Thumb Code     0  startup_stm32f411xe.o(.text)
    DMA2_Stream2_IRQHandler                  0x08000257   Thumb Code     0  startup_stm32f411xe.o(.text)
    DMA2_Stream3_IRQHandler                  0x08000257   Thumb Code     0  startup_stm32f411xe.o(.text)
    DMA2_Stream4_IRQHandler                  0x08000257   Thumb Code     0  startup_stm32f411xe.o(.text)
    DMA2_Stream5_IRQHandler                  0x08000257   Thumb Code     0  startup_stm32f411xe.o(.text)
    DMA2_Stream6_IRQHandler                  0x08000257   Thumb Code     0  startup_stm32f411xe.o(.text)
    DMA2_Stream7_IRQHandler                  0x08000257   Thumb Code     0  startup_stm32f411xe.o(.text)
    EXTI0_IRQHandler                         0x08000257   Thumb Code     0  startup_stm32f411xe.o(.text)
    EXTI15_10_IRQHandler                     0x08000257   Thumb Code     0  startup_stm32f411xe.o(.text)
    EXTI1_IRQHandler                         0x08000257   Thumb Code     0  startup_stm32f411xe.o(.text)
    EXTI2_IRQHandler                         0x08000257   Thumb Code     0  startup_stm32f411xe.o(.text)
    EXTI3_IRQHandler                         0x08000257   Thumb Code     0  startup_stm32f411xe.o(.text)
    EXTI4_IRQHandler                         0x08000257   Thumb Code     0  startup_stm32f411xe.o(.text)
    EXTI9_5_IRQHandler                       0x08000257   Thumb Code     0  startup_stm32f411xe.o(.text)
    FLASH_IRQHandler                         0x08000257   Thumb Code     0  startup_stm32f411xe.o(.text)
    FPU_IRQHandler                           0x08000257   Thumb Code     0  startup_stm32f411xe.o(.text)
    I2C1_ER_IRQHandler                       0x08000257   Thumb Code     0  startup_stm32f411xe.o(.text)
    I2C1_EV_IRQHandler                       0x08000257   Thumb Code     0  startup_stm32f411xe.o(.text)
    I2C2_ER_IRQHandler                       0x08000257   Thumb Code     0  startup_stm32f411xe.o(.text)
    I2C2_EV_IRQHandler                       0x08000257   Thumb Code     0  startup_stm32f411xe.o(.text)
    I2C3_ER_IRQHandler                       0x08000257   Thumb Code     0  startup_stm32f411xe.o(.text)
    I2C3_EV_IRQHandler                       0x08000257   Thumb Code     0  startup_stm32f411xe.o(.text)
    OTG_FS_IRQHandler                        0x08000257   Thumb Code     0  startup_stm32f411xe.o(.text)
    OTG_FS_WKUP_IRQHandler                   0x08000257   Thumb Code     0  startup_stm32f411xe.o(.text)
    PVD_IRQHandler                           0x08000257   Thumb Code     0  startup_stm32f411xe.o(.text)
    RCC_IRQHandler                           0x08000257   Thumb Code     0  startup_stm32f411xe.o(.text)
    RTC_Alarm_IRQHandler                     0x08000257   Thumb Code     0  startup_stm32f411xe.o(.text)
    RTC_WKUP_IRQHandler                      0x08000257   Thumb Code     0  startup_stm32f411xe.o(.text)
    SDIO_IRQHandler                          0x08000257   Thumb Code     0  startup_stm32f411xe.o(.text)
    SPI1_IRQHandler                          0x08000257   Thumb Code     0  startup_stm32f411xe.o(.text)
    SPI2_IRQHandler                          0x08000257   Thumb Code     0  startup_stm32f411xe.o(.text)
    SPI3_IRQHandler                          0x08000257   Thumb Code     0  startup_stm32f411xe.o(.text)
    SPI4_IRQHandler                          0x08000257   Thumb Code     0  startup_stm32f411xe.o(.text)
    SPI5_IRQHandler                          0x08000257   Thumb Code     0  startup_stm32f411xe.o(.text)
    TAMP_STAMP_IRQHandler                    0x08000257   Thumb Code     0  startup_stm32f411xe.o(.text)
    TIM1_BRK_TIM9_IRQHandler                 0x08000257   Thumb Code     0  startup_stm32f411xe.o(.text)
    TIM1_CC_IRQHandler                       0x08000257   Thumb Code     0  startup_stm32f411xe.o(.text)
    TIM1_TRG_COM_TIM11_IRQHandler            0x08000257   Thumb Code     0  startup_stm32f411xe.o(.text)
    TIM1_UP_TIM10_IRQHandler                 0x08000257   Thumb Code     0  startup_stm32f411xe.o(.text)
    TIM2_IRQHandler                          0x08000257   Thumb Code     0  startup_stm32f411xe.o(.text)
    TIM3_IRQHandler                          0x08000257   Thumb Code     0  startup_stm32f411xe.o(.text)
    TIM4_IRQHandler                          0x08000257   Thumb Code     0  startup_stm32f411xe.o(.text)
    TIM5_IRQHandler                          0x08000257   Thumb Code     0  startup_stm32f411xe.o(.text)
    USART1_IRQHandler                        0x08000257   Thumb Code     0  startup_stm32f411xe.o(.text)
    USART2_IRQHandler                        0x08000257   Thumb Code     0  startup_stm32f411xe.o(.text)
    USART6_IRQHandler                        0x08000257   Thumb Code     0  startup_stm32f411xe.o(.text)
    WWDG_IRQHandler                          0x08000257   Thumb Code     0  startup_stm32f411xe.o(.text)
    __user_initial_stackheap                 0x08000259   Thumb Code     0  startup_stm32f411xe.o(.text)
    __use_two_region_memory                  0x0800027d   Thumb Code     2  heapauxi.o(.text)
    __rt_heap_escrow$2region                 0x0800027f   Thumb Code     2  heapauxi.o(.text)
    __rt_heap_expand$2region                 0x08000281   Thumb Code     2  heapauxi.o(.text)
    __cpp_initialize__aeabi_                 0x08000285   Thumb Code    28  init_aeabi.o(.text)
    __user_setup_stackheap                   0x080002a9   Thumb Code    74  sys_stackheap_outer.o(.text)
    exit                                     0x080002f3   Thumb Code    18  exit.o(.text)
    __user_libspace                          0x08000305   Thumb Code     8  libspace.o(.text)
    __user_perproc_libspace                  0x08000305   Thumb Code     0  libspace.o(.text)
    __user_perthread_libspace                0x08000305   Thumb Code     0  libspace.o(.text)
    __I$use$semihosting                      0x0800030d   Thumb Code     0  use_no_semi.o(.text)
    __use_no_semihosting_swi                 0x0800030d   Thumb Code     2  use_no_semi.o(.text)
    __semihosting_library_function           0x0800030f   Thumb Code     0  indicate_semi.o(.text)
    _sys_exit                                0x08000311   Thumb Code     8  sys_exit.o(.text)
    GPIO_init                                0x0800031d   Thumb Code    70  ecgpio.o(.text.GPIO_init)
    GPIO_mode                                0x08000365   Thumb Code    34  ecgpio.o(.text.GPIO_mode)
    GPIO_ospeed                              0x08000389   Thumb Code    34  ecgpio.o(.text.GPIO_ospeed)
    GPIO_otype                               0x080003ad   Thumb Code    40  ecgpio.o(.text.GPIO_otype)
    GPIO_pudr                                0x080003d5   Thumb Code    34  ecgpio.o(.text.GPIO_pudr)
    GPIO_write                               0x080003f9   Thumb Code    40  ecgpio.o(.text.GPIO_write)
    RCC_GPIOA_enable                         0x08000421   Thumb Code    18  ecrcc.o(.text.RCC_GPIOA_enable)
    RCC_GPIOB_enable                         0x08000435   Thumb Code    18  ecrcc.o(.text.RCC_GPIOB_enable)
    RCC_GPIOC_enable                         0x08000449   Thumb Code    18  ecrcc.o(.text.RCC_GPIOC_enable)
    RCC_PLL_init                             0x0800045d   Thumb Code   222  ecrcc.o(.text.RCC_PLL_init)
    SysTick_Handler                          0x0800053d   Thumb Code    24  ecsystick.o(.text.SysTick_Handler)
    SysTick_init                             0x08000555   Thumb Code    70  ecsystick.o(.text.SysTick_init)
    SysTick_reset                            0x0800059d   Thumb Code    24  ecsystick.o(.text.SysTick_reset)
    SystemInit                               0x080005b5   Thumb Code    26  system_stm32f4xx.o(.text.SystemInit)
    EC_Ticker::reset()                       0x080005d9   Thumb Code     8  ec_api.o(.text._ZN9EC_Ticker5resetEv)
    EC_Ticker::Delay_ms(unsigned int)        0x080005e1   Thumb Code    10  ec_api.o(.text._ZN9EC_Ticker8Delay_msEj)
    EC_Ticker::EC_Ticker__sub_object(unsigned int) 0x080005ed   Thumb Code    24  lab_api.o(.text._ZN9EC_TickerC2Ej)
    delay_ms                                 0x08000629   Thumb Code    20  ecsystick.o(.text.delay_ms)
    main                                     0x0800063d   Thumb Code    62  lab_api.o(.text.main)
    setup                                    0x0800067d   Thumb Code    12  lab_api.o(.text.setup)
    sevensegment_decoder                     0x08000689   Thumb Code   144  ecgpio.o(.text.sevensegment_decoder)
    sevensegment_init                        0x08000719   Thumb Code   418  ecgpio.o(.text.sevensegment_init)
    _fp_init                                 0x080008bb   Thumb Code    26  fpinit.o(x$fpl$fpinit)
    __fplib_config_fpu_vfp                   0x080008d3   Thumb Code     0  fpinit.o(x$fpl$fpinit)
    __fplib_config_pureend_doubles           0x080008d3   Thumb Code     0  fpinit.o(x$fpl$fpinit)
    Region$$Table$$Base                      0x08000a34   Number         0  anon$$obj.o(Region$$Table)
    Region$$Table$$Limit                     0x08000a54   Number         0  anon$$obj.o(Region$$Table)
    SHT$$INIT_ARRAY$$Base                    0x08000a54   Number         0  lab_api.o(.init_array)
    SHT$$INIT_ARRAY$$Limit                   0x08000a58   Number         0  init_aeabi.o(.init_array)
    EC_SYSCLK                                0x20000000   Data           4  ecrcc.o(.data.EC_SYSCLK)
    __libspace_start                         0x20000008   Data          96  libspace.o(.bss)
    __temporary_stack_top$libspace           0x20000068   Data           0  libspace.o(.bss)
    count                                    0x2000006c   Data           4  lab_api.o(.bss.count)
    tick                                     0x20000070   Data           4  lab_api.o(.bss.tick)



==============================================================================

Memory Map of the image

  Image Entry point : 0x08000199

  Load Region LR_IROM1 (Base: 0x08000000, Size: 0x00000a60, Max: 0x00080000, ABSOLUTE)

    Execution Region ER_IROM1 (Exec base: 0x08000000, Load base: 0x08000000, Size: 0x00000a58, Max: 0x00080000, ABSOLUTE)

    Exec Addr    Load Addr    Size         Type   Attr      Idx    E Section Name        Object

    0x08000000   0x08000000   0x00000198   Data   RO          147    RESET               startup_stm32f411xe.o
    0x08000198   0x08000198   0x00000008   Code   RO          172  * !!!main             c_w.l(__main.o)
    0x080001a0   0x080001a0   0x00000034   Code   RO          345    !!!scatter          c_w.l(__scatter.o)
    0x080001d4   0x080001d4   0x0000001a   Code   RO          347    !!handler_copy      c_w.l(__scatter_copy.o)
    0x080001ee   0x080001ee   0x00000002   PAD
    0x080001f0   0x080001f0   0x0000001c   Code   RO          349    !!handler_zi        c_w.l(__scatter_zi.o)
    0x0800020c   0x0800020c   0x00000002   Code   RO          262    .ARM.Collect$$libinit$$00000000  c_w.l(libinit.o)
    0x0800020e   0x0800020e   0x00000004   Code   RO          181    .ARM.Collect$$libinit$$00000001  c_w.l(libinit2.o)
    0x08000212   0x08000212   0x00000000   Code   RO          184    .ARM.Collect$$libinit$$00000004  c_w.l(libinit2.o)
    0x08000212   0x08000212   0x00000000   Code   RO          187    .ARM.Collect$$libinit$$0000000A  c_w.l(libinit2.o)
    0x08000212   0x08000212   0x00000000   Code   RO          189    .ARM.Collect$$libinit$$0000000C  c_w.l(libinit2.o)
    0x08000212   0x08000212   0x00000000   Code   RO          191    .ARM.Collect$$libinit$$0000000E  c_w.l(libinit2.o)
    0x08000212   0x08000212   0x00000000   Code   RO          194    .ARM.Collect$$libinit$$00000011  c_w.l(libinit2.o)
    0x08000212   0x08000212   0x00000000   Code   RO          196    .ARM.Collect$$libinit$$00000013  c_w.l(libinit2.o)
    0x08000212   0x08000212   0x00000000   Code   RO          198    .ARM.Collect$$libinit$$00000015  c_w.l(libinit2.o)
    0x08000212   0x08000212   0x00000000   Code   RO          200    .ARM.Collect$$libinit$$00000017  c_w.l(libinit2.o)
    0x08000212   0x08000212   0x00000000   Code   RO          202    .ARM.Collect$$libinit$$00000019  c_w.l(libinit2.o)
    0x08000212   0x08000212   0x00000000   Code   RO          204    .ARM.Collect$$libinit$$0000001B  c_w.l(libinit2.o)
    0x08000212   0x08000212   0x00000000   Code   RO          206    .ARM.Collect$$libinit$$0000001D  c_w.l(libinit2.o)
    0x08000212   0x08000212   0x00000000   Code   RO          208    .ARM.Collect$$libinit$$0000001F  c_w.l(libinit2.o)
    0x08000212   0x08000212   0x00000000   Code   RO          210    .ARM.Collect$$libinit$$00000021  c_w.l(libinit2.o)
    0x08000212   0x08000212   0x00000000   Code   RO          212    .ARM.Collect$$libinit$$00000023  c_w.l(libinit2.o)
    0x08000212   0x08000212   0x00000000   Code   RO          214    .ARM.Collect$$libinit$$00000025  c_w.l(libinit2.o)
    0x08000212   0x08000212   0x00000000   Code   RO          218    .ARM.Collect$$libinit$$0000002C  c_w.l(libinit2.o)
    0x08000212   0x08000212   0x00000000   Code   RO          220    .ARM.Collect$$libinit$$0000002E  c_w.l(libinit2.o)
    0x08000212   0x08000212   0x00000000   Code   RO          222    .ARM.Collect$$libinit$$00000030  c_w.l(libinit2.o)
    0x08000212   0x08000212   0x00000004   Code   RO          223    .ARM.Collect$$libinit$$00000031  c_w.l(libinit2.o)
    0x08000216   0x08000216   0x00000000   Code   RO          224    .ARM.Collect$$libinit$$00000032  c_w.l(libinit2.o)
    0x08000216   0x08000216   0x00000002   Code   RO          225    .ARM.Collect$$libinit$$00000033  c_w.l(libinit2.o)
    0x08000218   0x08000218   0x00000002   Code   RO          304    .ARM.Collect$$libshutdown$$00000000  c_w.l(libshutdown.o)
    0x0800021a   0x0800021a   0x00000000   Code   RO          312    .ARM.Collect$$libshutdown$$00000002  c_w.l(libshutdown2.o)
    0x0800021a   0x0800021a   0x00000000   Code   RO          314    .ARM.Collect$$libshutdown$$00000004  c_w.l(libshutdown2.o)
    0x0800021a   0x0800021a   0x00000000   Code   RO          317    .ARM.Collect$$libshutdown$$00000007  c_w.l(libshutdown2.o)
    0x0800021a   0x0800021a   0x00000000   Code   RO          320    .ARM.Collect$$libshutdown$$0000000A  c_w.l(libshutdown2.o)
    0x0800021a   0x0800021a   0x00000000   Code   RO          322    .ARM.Collect$$libshutdown$$0000000C  c_w.l(libshutdown2.o)
    0x0800021a   0x0800021a   0x00000000   Code   RO          325    .ARM.Collect$$libshutdown$$0000000F  c_w.l(libshutdown2.o)
    0x0800021a   0x0800021a   0x00000002   Code   RO          326    .ARM.Collect$$libshutdown$$00000010  c_w.l(libshutdown2.o)
    0x0800021c   0x0800021c   0x00000000   Code   RO          180    .ARM.Collect$$rtentry$$00000000  c_w.l(__rtentry.o)
    0x0800021c   0x0800021c   0x00000000   Code   RO          231    .ARM.Collect$$rtentry$$00000002  c_w.l(__rtentry2.o)
    0x0800021c   0x0800021c   0x00000006   Code   RO          243    .ARM.Collect$$rtentry$$00000004  c_w.l(__rtentry4.o)
    0x08000222   0x08000222   0x00000000   Code   RO          233    .ARM.Collect$$rtentry$$00000009  c_w.l(__rtentry2.o)
    0x08000222   0x08000222   0x00000004   Code   RO          234    .ARM.Collect$$rtentry$$0000000A  c_w.l(__rtentry2.o)
    0x08000226   0x08000226   0x00000000   Code   RO          236    .ARM.Collect$$rtentry$$0000000C  c_w.l(__rtentry2.o)
    0x08000226   0x08000226   0x00000008   Code   RO          237    .ARM.Collect$$rtentry$$0000000D  c_w.l(__rtentry2.o)
    0x0800022e   0x0800022e   0x00000002   Code   RO          270    .ARM.Collect$$rtexit$$00000000  c_w.l(rtexit.o)
    0x08000230   0x08000230   0x00000000   Code   RO          282    .ARM.Collect$$rtexit$$00000002  c_w.l(rtexit2.o)
    0x08000230   0x08000230   0x00000004   Code   RO          283    .ARM.Collect$$rtexit$$00000003  c_w.l(rtexit2.o)
    0x08000234   0x08000234   0x00000006   Code   RO          284    .ARM.Collect$$rtexit$$00000004  c_w.l(rtexit2.o)
    0x0800023a   0x0800023a   0x00000002   PAD
    0x0800023c   0x0800023c   0x00000040   Code   RO          148    .text               startup_stm32f411xe.o
    0x0800027c   0x0800027c   0x00000006   Code   RO          170    .text               c_w.l(heapauxi.o)
    0x08000282   0x08000282   0x00000002   PAD
    0x08000284   0x08000284   0x00000024   Code   RO          177    .text               c_w.l(init_aeabi.o)
    0x080002a8   0x080002a8   0x0000004a   Code   RO          249    .text               c_w.l(sys_stackheap_outer.o)
    0x080002f2   0x080002f2   0x00000012   Code   RO          251    .text               c_w.l(exit.o)
    0x08000304   0x08000304   0x00000008   Code   RO          267    .text               c_w.l(libspace.o)
    0x0800030c   0x0800030c   0x00000002   Code   RO          278    .text               c_w.l(use_no_semi.o)
    0x0800030e   0x0800030e   0x00000000   Code   RO          280    .text               c_w.l(indicate_semi.o)
    0x0800030e   0x0800030e   0x00000002   PAD
    0x08000310   0x08000310   0x0000000c   Code   RO          294    .text               c_w.l(sys_exit.o)
    0x0800031c   0x0800031c   0x00000046   Code   RO           25    .text.GPIO_init     ecgpio.o
    0x08000362   0x08000362   0x00000002   PAD
    0x08000364   0x08000364   0x00000022   Code   RO           27    .text.GPIO_mode     ecgpio.o
    0x08000386   0x08000386   0x00000002   PAD
    0x08000388   0x08000388   0x00000022   Code   RO           33    .text.GPIO_ospeed   ecgpio.o
    0x080003aa   0x080003aa   0x00000002   PAD
    0x080003ac   0x080003ac   0x00000028   Code   RO           35    .text.GPIO_otype    ecgpio.o
    0x080003d4   0x080003d4   0x00000022   Code   RO           37    .text.GPIO_pudr     ecgpio.o
    0x080003f6   0x080003f6   0x00000002   PAD
    0x080003f8   0x080003f8   0x00000028   Code   RO           29    .text.GPIO_write    ecgpio.o
    0x08000420   0x08000420   0x00000012   Code   RO           59    .text.RCC_GPIOA_enable  ecrcc.o
    0x08000432   0x08000432   0x00000002   PAD
    0x08000434   0x08000434   0x00000012   Code   RO           61    .text.RCC_GPIOB_enable  ecrcc.o
    0x08000446   0x08000446   0x00000002   PAD
    0x08000448   0x08000448   0x00000012   Code   RO           63    .text.RCC_GPIOC_enable  ecrcc.o
    0x0800045a   0x0800045a   0x00000002   PAD
    0x0800045c   0x0800045c   0x000000de   Code   RO           57    .text.RCC_PLL_init  ecrcc.o
    0x0800053a   0x0800053a   0x00000002   PAD
    0x0800053c   0x0800053c   0x00000018   Code   RO          107    .text.SysTick_Handler  ecsystick.o
    0x08000554   0x08000554   0x00000046   Code   RO           95    .text.SysTick_init  ecsystick.o
    0x0800059a   0x0800059a   0x00000002   PAD
    0x0800059c   0x0800059c   0x00000018   Code   RO          101    .text.SysTick_reset  ecsystick.o
    0x080005b4   0x080005b4   0x0000001a   Code   RO          154    .text.SystemInit    system_stm32f4xx.o
    0x080005ce   0x080005ce   0x00000002   PAD
    0x080005d0   0x080005d0   0x00000008   Code   RO            8    .text._GLOBAL__sub_I_LAB_API.cpp  lab_api.o
    0x080005d8   0x080005d8   0x00000008   Code   RO          136    .text._ZN9EC_Ticker5resetEv  ec_api.o
    0x080005e0   0x080005e0   0x0000000a   Code   RO          132    .text._ZN9EC_Ticker8Delay_msEj  ec_api.o
    0x080005ea   0x080005ea   0x00000002   PAD
    0x080005ec   0x080005ec   0x00000018   Code   RO           22    .text._ZN9EC_TickerC2Ej  lab_api.o
    0x08000604   0x08000604   0x0000000e   Code   RO           97    .text.__NVIC_SetPriority  ecsystick.o
    0x08000612   0x08000612   0x00000002   PAD
    0x08000614   0x08000614   0x00000012   Code   RO            2    .text.__cxx_global_var_init  lab_api.o
    0x08000626   0x08000626   0x00000002   PAD
    0x08000628   0x08000628   0x00000014   Code   RO          109    .text.delay_ms      ecsystick.o
    0x0800063c   0x0800063c   0x0000003e   Code   RO            6    .text.main          lab_api.o
    0x0800067a   0x0800067a   0x00000002   PAD
    0x0800067c   0x0800067c   0x0000000c   Code   RO            4    .text.setup         lab_api.o
    0x08000688   0x08000688   0x00000090   Code   RO           39    .text.sevensegment_decoder  ecgpio.o
    0x08000718   0x08000718   0x000001a2   Code   RO           43    .text.sevensegment_init  ecgpio.o
    0x080008ba   0x080008ba   0x0000001a   Code   RO          247    x$fpl$fpinit        fz_wm.l(fpinit.o)
    0x080008d4   0x080008d4   0x00000140   Data   RO           46    .rodata..L__const.sevensegment_decoder.number  ecgpio.o
    0x08000a14   0x08000a14   0x00000020   Data   RO           45    .rodata.cst32       ecgpio.o
    0x08000a34   0x08000a34   0x00000020   Data   RO          344    Region$$Table       anon$$obj.o
    0x08000a54   0x08000a54   0x00000004   Data   RO           12    .init_array         lab_api.o
    0x08000a58   0x08000a54   0x00000000   Data   RO          175    .init_array         c_w.l(init_aeabi.o)


    Execution Region RW_IRAM1 (Exec base: 0x20000000, Load base: 0x08000a58, Size: 0x00000678, Max: 0x00020000, ABSOLUTE)

    Exec Addr    Load Addr    Size         Type   Attr      Idx    E Section Name        Object

    0x20000000   0x08000a58   0x00000004   Data   RW           65    .data.EC_SYSCLK     ecrcc.o
    0x20000004   0x08000a5c   0x00000004   PAD
    0x20000008        -       0x00000060   Zero   RW          268    .bss                c_w.l(libspace.o)
    0x20000068        -       0x00000004   Zero   RW          111    .bss.TimeDelay      ecsystick.o
    0x2000006c        -       0x00000004   Zero   RW           11    .bss.count          lab_api.o
    0x20000070        -       0x00000004   Zero   RW           10    .bss.tick           lab_api.o
    0x20000074   0x08000a5c   0x00000004   PAD
    0x20000078        -       0x00000200   Zero   RW          146    HEAP                startup_stm32f411xe.o
    0x20000278        -       0x00000400   Zero   RW          145    STACK               startup_stm32f411xe.o


==============================================================================

Image component sizes


      Code (inc. data)   RO Data    RW Data    ZI Data      Debug   Object Name

        18          0          0          0          0       4890   ec_api.o
       814          0        352          0          0       3368   ecgpio.o
       276          0          0          4          0       2135   ecrcc.o
       152          0          0          0          4       4205   ecsystick.o
       124          0          4          0          8       2532   lab_api.o
        64         26        408          0       1536        892   startup_stm32f411xe.o
        26          0          0          0          0       2834   system_stm32f4xx.o

    ----------------------------------------------------------------------
      1502         26        796          4       1556      20856   Object Totals
         0          0         32          0          0          0   (incl. Generated)
        28          0          0          0          8          0   (incl. Padding)

    ----------------------------------------------------------------------

      Code (inc. data)   RO Data    RW Data    ZI Data      Debug   Library Member Name

         8          0          0          0          0         68   __main.o
         0          0          0          0          0          0   __rtentry.o
        12          0          0          0          0          0   __rtentry2.o
         6          0          0          0          0          0   __rtentry4.o
        52          8          0          0          0          0   __scatter.o
        26          0          0          0          0          0   __scatter_copy.o
        28          0          0          0          0          0   __scatter_zi.o
        18          0          0          0          0         80   exit.o
         6          0          0          0          0        152   heapauxi.o
         0          0          0          0          0          0   indicate_semi.o
        36          8          0          0          0         80   init_aeabi.o
         2          0          0          0          0          0   libinit.o
        10          0          0          0          0          0   libinit2.o
         2          0          0          0          0          0   libshutdown.o
         2          0          0          0          0          0   libshutdown2.o
         8          4          0          0         96         68   libspace.o
         2          0          0          0          0          0   rtexit.o
        10          0          0          0          0          0   rtexit2.o
        12          4          0          0          0         68   sys_exit.o
        74          0          0          0          0         80   sys_stackheap_outer.o
         2          0          0          0          0         68   use_no_semi.o
        26          0          0          0          0        116   fpinit.o

    ----------------------------------------------------------------------
       350         24          0          0         96        780   Library Totals
         8          0          0          0          0          0   (incl. Padding)

    ----------------------------------------------------------------------

      Code (inc. data)   RO Data    RW Data    ZI Data      Debug   Library Name

       316         24          0          0         96        664   c_w.l
        26          0          0          0          0        116   fz_wm.l

    ----------------------------------------------------------------------
       350         24          0          0         96        780   Library Totals

    ----------------------------------------------------------------------

==============================================================================


      Code (inc. data)   RO Data    RW Data    ZI Data      Debug   

      1852         50        796          4       1652      21328   Grand Totals
      1852         50        796          4       1652      21328   ELF Image Totals
      1852         50        796          4          0          0   ROM Totals

==============================================================================

    Total RO  Size (Code + RO Data)                 2648 (   2.59kB)
    Total RW  Size (RW Data + ZI Data)              1656 (   1.62kB)
    Total ROM Size (Code + RO Data + RW Data)       2652 (   2.59kB)

==============================================================================

