<html>
<body>
<pre>
<h1>µVision Build Log</h1>
<h2>Tool Versions:</h2>
IDE-Version: •ÏVision V5.36.0.0
Copyright (C) 2021 ARM Ltd and ARM Germany GmbH. All rights reserved.
License Information: Yeong Won Song, University, LIC=----
 
Tool Versions:
Toolchain:       MDK-Lite  Version: 5.36.0.0
Toolchain Path:  C:\Keil_v5\ARM\ARMCLANG\Bin
C Compiler:      ArmClang.exe V6.16
Assembler:       Armasm.exe V6.16
Linker/Locator:  ArmLink.exe V6.16
Library Manager: ArmAr.exe V6.16
Hex Converter:   FromElf.exe V6.16
CPU DLL:         SARMCM3.DLL V5.36.0.0
Dialog DLL:      DCM.DLL V1.17.3.0
Target DLL:      STLink\ST-LINKIII-KEIL_SWO.dll V3.0.9.0
Dialog DLL:      TCM.DLL V1.53.0.0
 
<h2>Project:</h2>
C:\Users\LEGION\source\repos\EC\LAB\Tutorial_USART\Tutorial_USART.uvprojx
Project File Date:  11/19/2021

<h2>Output:</h2>
*** Using Compiler 'V6.16', folder: 'C:\Keil_v5\ARM\ARMCLANG\Bin'
Build target 'Target 1'
Tutorial_USART.c(13): warning: In file included from...
../../lib\ecUART.h(41): warning: this function declaration is not a prototype [-Wstrict-prototypes]
void UART2_init();
               ^
                void
../../lib\ecUART.h(53): warning: no newline at end of file [-Wnewline-eof]
#endif
      ^
Tutorial_USART.c(15): warning: non-portable path to file '"string.h"'; specified path differs in case from file name on disk [-Wnonportable-include-path]
#include "String.h"
         ^~~~~~~~~~
         "string.h"
Tutorial_USART.c(20): warning: no previous extern declaration for non-static variable 'mcu2Data' [-Wmissing-variable-declarations]
uint8_t mcu2Data = 0;
        ^
Tutorial_USART.c(20): note: declare 'static' if the variable is not intended to be used outside of this translation unit
uint8_t mcu2Data = 0;
^
Tutorial_USART.c(21): warning: no previous extern declaration for non-static variable 'pcData' [-Wmissing-variable-declarations]
uint8_t pcData = 0;
        ^
Tutorial_USART.c(21): note: declare 'static' if the variable is not intended to be used outside of this translation unit
uint8_t pcData = 0;
^
Tutorial_USART.c(22): warning: no previous extern declaration for non-static variable 'indx' [-Wmissing-variable-declarations]
int indx =0;
    ^
Tutorial_USART.c(22): note: declare 'static' if the variable is not intended to be used outside of this translation unit
int indx =0;
^
Tutorial_USART.c(23): warning: no previous extern declaration for non-static variable 'maxBuf' [-Wmissing-variable-declarations]
int maxBuf=10;
    ^
Tutorial_USART.c(23): note: declare 'static' if the variable is not intended to be used outside of this translation unit
int maxBuf=10;
^
Tutorial_USART.c(24): warning: no previous extern declaration for non-static variable 'buffer' [-Wmissing-variable-declarations]
uint8_t buffer[100]={0,};
        ^
Tutorial_USART.c(24): note: declare 'static' if the variable is not intended to be used outside of this translation unit
uint8_t buffer[100]={0,};
^
Tutorial_USART.c(25): warning: no previous extern declaration for non-static variable 'bReceive' [-Wmissing-variable-declarations]
int bReceive=0;
    ^
Tutorial_USART.c(25): note: declare 'static' if the variable is not intended to be used outside of this translation unit
int bReceive=0;
^
Tutorial_USART.c(26): warning: no previous extern declaration for non-static variable 'led1On' [-Wmissing-variable-declarations]
int led1On = 0;
    ^
Tutorial_USART.c(26): note: declare 'static' if the variable is not intended to be used outside of this translation unit
int led1On = 0;
^
Tutorial_USART.c(27): warning: no previous extern declaration for non-static variable 'led2On' [-Wmissing-variable-declarations]
int led2On = 0;
    ^
Tutorial_USART.c(27): note: declare 'static' if the variable is not intended to be used outside of this translation unit
int led2On = 0;
^
Tutorial_USART.c(28): warning: no previous extern declaration for non-static variable 'led3On' [-Wmissing-variable-declarations]
int led3On = 0;
    ^
Tutorial_USART.c(28): note: declare 'static' if the variable is not intended to be used outside of this translation unit
int led3On = 0;
^
Tutorial_USART.c(29): warning: no previous extern declaration for non-static variable 'endChar' [-Wmissing-variable-declarations]
int endChar = 13;
    ^
Tutorial_USART.c(29): note: declare 'static' if the variable is not intended to be used outside of this translation unit
int endChar = 13;
^
Tutorial_USART.c(59): warning: implicit conversion changes signedness: 'int' to 'uint32_t' (aka 'unsigned int') [-Wsign-conversion]
                GPIO_write(GPIOA,5,led1On);
                ~~~~~~~~~~         ^~~~~~
Tutorial_USART.c(60): warning: implicit conversion changes signedness: 'int' to 'uint32_t' (aka 'unsigned int') [-Wsign-conversion]
                GPIO_write(GPIOA,6,led2On);
                ~~~~~~~~~~         ^~~~~~
Tutorial_USART.c(61): warning: implicit conversion changes signedness: 'int' to 'uint32_t' (aka 'unsigned int') [-Wsign-conversion]
                GPIO_write(GPIOA,7,led3On);
                ~~~~~~~~~~         ^~~~~~
Tutorial_USART.c(90): warning: implicit conversion changes signedness: 'int' to 'unsigned int' [-Wsign-conversion]
                                memset(buffer, 0, sizeof(char) * maxBuf);
                                                               ~ ^~~~~~
17 warnings generated.
compiling Tutorial_USART.c...
linking...
Program Size: Code=3372 RO-data=440 RW-data=12 ZI-data=1772  
FromELF: creating hex file...
".\Objects\Tutorial_USART.axf" - 0 Error(s), 17 Warning(s).

<h2>Software Packages used:</h2>

Package Vendor: ARM
                http://www.keil.com/pack/ARM.CMSIS.5.8.0.pack
                ARM.CMSIS.5.8.0
                CMSIS (Common Microcontroller Software Interface Standard)
   * Component: CORE Version: 5.5.0

Package Vendor: Keil
                http://www.keil.com/pack/Keil.STM32F4xx_DFP.2.15.0.pack
                Keil.STM32F4xx_DFP.2.15.0
                STMicroelectronics STM32F4 Series Device Support, Drivers and Examples
   * Component: Startup Version: 2.6.3

<h2>Collection of Component include folders:</h2>
  .\RTE\_Target_1
  C:\Users\LEGION\AppData\Local\Arm\Packs\ARM\CMSIS\5.8.0\CMSIS\Core\Include
  C:\Users\LEGION\AppData\Local\Arm\Packs\Keil\STM32F4xx_DFP\2.15.0\Drivers\CMSIS\Device\ST\STM32F4xx\Include

<h2>Collection of Component Files used:</h2>

   * Component: ARM::CMSIS:CORE:5.5.0

   * Component: Keil::Device:Startup:2.6.3
      Source file:   Drivers\CMSIS\Device\ST\STM32F4xx\Source\Templates\arm\startup_stm32f411xe.s
      Source file:   MDK\Device\Source\ARM\STM32F4xx_OTP.s
      Source file:   MDK\Device\Source\ARM\STM32F411xx_OPT.s
      Include file:  Drivers\CMSIS\Device\ST\STM32F4xx\Include\stm32f4xx.h
      Source file:   Drivers\CMSIS\Device\ST\STM32F4xx\Source\Templates\system_stm32f4xx.c
Build Time Elapsed:  00:00:00
</pre>
</body>
</html>
