<html>
<body>
<pre>
<h1>µVision Build Log</h1>
<h2>Tool Versions:</h2>
IDE-Version: •ÏVision V5.36.0.0
Copyright (C) 2021 ARM Ltd and ARM Germany GmbH. All rights reserved.
License Information: Yeong Won Song, University, LIC=----
 
Tool Versions:
Toolchain:       MDK-Lite  Version: 5.36.0.0
Toolchain Path:  C:\Keil_v5\ARM\ARMCLANG\Bin
C Compiler:      ArmClang.exe V6.16
Assembler:       Armasm.exe V6.16
Linker/Locator:  ArmLink.exe V6.16
Library Manager: ArmAr.exe V6.16
Hex Converter:   FromElf.exe V6.16
CPU DLL:         SARMCM3.DLL V5.36.0.0
Dialog DLL:      DCM.DLL V1.17.3.0
Target DLL:      STLink\ST-LINKIII-KEIL_SWO.dll V3.0.9.0
Dialog DLL:      TCM.DLL V1.53.0.0
 
<h2>Project:</h2>
C:\Users\LEGION\source\repos\EC\LAB\Zigbee\Zigbee.uvprojx
Project File Date:  12/17/2021

<h2>Output:</h2>
*** Using Compiler 'V6.16', folder: 'C:\Keil_v5\ARM\ARMCLANG\Bin'
Build target 'Target 1'
JSQRTEST.c(16): warning: In file included from...
../../lib\ecUART.h(41): warning: this function declaration is not a prototype [-Wstrict-prototypes]
void UART2_init();
               ^
                void
JSQRTEST.c(25): warning: no previous extern declaration for non-static variable 'mcu2Data' [-Wmissing-variable-declarations]
uint8_t mcu2Data = 0;
        ^
JSQRTEST.c(25): note: declare 'static' if the variable is not intended to be used outside of this translation unit
uint8_t mcu2Data = 0;
^
JSQRTEST.c(26): warning: no previous extern declaration for non-static variable 'pcData' [-Wmissing-variable-declarations]
uint8_t pcData = 0;
        ^
JSQRTEST.c(26): note: declare 'static' if the variable is not intended to be used outside of this translation unit
uint8_t pcData = 0;
^
JSQRTEST.c(27): warning: no previous extern declaration for non-static variable 'indx' [-Wmissing-variable-declarations]
int indx =0;
    ^
JSQRTEST.c(27): note: declare 'static' if the variable is not intended to be used outside of this translation unit
int indx =0;
^
JSQRTEST.c(28): warning: no previous extern declaration for non-static variable 'maxBuf' [-Wmissing-variable-declarations]
int maxBuf=10;
    ^
JSQRTEST.c(28): note: declare 'static' if the variable is not intended to be used outside of this translation unit
int maxBuf=10;
^
JSQRTEST.c(29): warning: no previous extern declaration for non-static variable 'buffer' [-Wmissing-variable-declarations]
uint8_t buffer[100]={0,};
        ^
JSQRTEST.c(29): note: declare 'static' if the variable is not intended to be used outside of this translation unit
uint8_t buffer[100]={0,};
^
JSQRTEST.c(30): warning: no previous extern declaration for non-static variable 'endChar' [-Wmissing-variable-declarations]
int endChar = 13;
    ^
JSQRTEST.c(30): note: declare 'static' if the variable is not intended to be used outside of this translation unit
int endChar = 13;
^
JSQRTEST.c(31): warning: multi-character character constant [-Wmultichar]
static uint8_t endBuf[2] = {'\r\n', '\r\n'};
                            ^
JSQRTEST.c(31): warning: multi-character character constant [-Wmultichar]
static uint8_t endBuf[2] = {'\r\n', '\r\n'};
                                    ^
JSQRTEST.c(31): warning: implicit conversion from 'int' to 'uint8_t' (aka 'unsigned char') changes value from 3338 to 10 [-Wconstant-conversion]
static uint8_t endBuf[2] = {'\r\n', '\r\n'};
                           ~        ^~~~~~
JSQRTEST.c(31): warning: implicit conversion from 'int' to 'uint8_t' (aka 'unsigned char') changes value from 3338 to 10 [-Wconstant-conversion]
static uint8_t endBuf[2] = {'\r\n', '\r\n'};
                           ~^~~~~~
JSQRTEST.c(34): warning: no previous extern declaration for non-static variable 'distance' [-Wmissing-variable-declarations]
float distance = 0;
      ^
JSQRTEST.c(34): note: declare 'static' if the variable is not intended to be used outside of this translation unit
float distance = 0;
^
JSQRTEST.c(88): warning: no previous extern declaration for non-static variable 'SENSOR' [-Wmissing-variable-declarations]
unsigned char SENSOR[7] = {'0','0','0','0','0','0','E'};
              ^
JSQRTEST.c(88): note: declare 'static' if the variable is not intended to be used outside of this translation unit
unsigned char SENSOR[7] = {'0','0','0','0','0','0','E'};
^
JSQRTEST.c(90): warning: no previous extern declaration for non-static variable 'BUTTON' [-Wmissing-variable-declarations]
unsigned char BUTTON[3] = {'B','0','E'};
              ^
JSQRTEST.c(90): note: declare 'static' if the variable is not intended to be used outside of this translation unit
unsigned char BUTTON[3] = {'B','0','E'};
^
JSQRTEST.c(91): warning: no previous extern declaration for non-static variable 'Ultra' [-Wmissing-variable-declarations]
unsigned char Ultra[3] = {'U','0','E'};
              ^
JSQRTEST.c(91): note: declare 'static' if the variable is not intended to be used outside of this translation unit
unsigned char Ultra[3] = {'U','0','E'};
^
JSQRTEST.c(92): warning: no previous extern declaration for non-static variable 'PIR' [-Wmissing-variable-declarations]
unsigned char PIR[3] = {'P','0','E'};
              ^
JSQRTEST.c(92): note: declare 'static' if the variable is not intended to be used outside of this translation unit
unsigned char PIR[3] = {'P','0','E'};
^
JSQRTEST.c(93): warning: no previous extern declaration for non-static variable 'WINDOW' [-Wmissing-variable-declarations]
unsigned char WINDOW[3] = {'I','0','E'};
              ^
JSQRTEST.c(93): note: declare 'static' if the variable is not intended to be used outside of this translation unit
unsigned char WINDOW[3] = {'I','0','E'};
^
JSQRTEST.c(94): warning: no previous extern declaration for non-static variable 'CURTAIN' [-Wmissing-variable-declarations]
unsigned char CURTAIN[3] = {'C','0','E'};
              ^
JSQRTEST.c(94): note: declare 'static' if the variable is not intended to be used outside of this translation unit
unsigned char CURTAIN[3] = {'C','0','E'};
^
JSQRTEST.c(96): warning: no previous extern declaration for non-static variable 'SIRENMODE' [-Wmissing-variable-declarations]
unsigned char SIRENMODE[3] = {'X','0','E'};
              ^
JSQRTEST.c(96): note: declare 'static' if the variable is not intended to be used outside of this translation unit
unsigned char SIRENMODE[3] = {'X','0','E'};
^
JSQRTEST.c(231): warning: implicit conversion from 'int' to 'float' may lose precision [-Wimplicit-int-float-conversion]
                                PWM_pulsewidth_us(&pwm1,200-50*DC_speed);
                                ~~~~~~~~~~~~~~~~~       ~~~^~~~~~~~~~~~
JSQRTEST.c(252): warning: incompatible pointer types passing 'uint8_t (*)[2]' to parameter of type 'uint8_t *' (aka 'unsigned char *') [-Wincompatible-pointer-types]
                        USART_write(USART2, &endBuf, 1);
                                            ^~~~~~~
../../lib\ecUART.h(42): note: passing argument to parameter 'buffer' here
void USART_write(USART_TypeDef* USARTx, uint8_t* buffer, uint32_t nBytes);
                                                 ^
JSQRTEST.c(258): warning: implicit conversion changes signedness: 'int' to 'unsigned int' [-Wsign-conversion]
                                memset(buffer, 0, sizeof(char) * maxBuf);
                                                               ~ ^~~~~~
JSQRTEST.c(292): warning: implicit conversion from 'int' to 'float' may lose precision [-Wimplicit-int-float-conversion]
                PWM_pulsewidth_ms(&pwm1,200-50*DC_speed);
                ~~~~~~~~~~~~~~~~~       ~~~^~~~~~~~~~~~
JSQRTEST.c(293): warning: implicit conversion from 'int' to 'float' may lose precision [-Wimplicit-int-float-conversion]
                }else PWM_pulsewidth_ms(&pwm1,50*DC_speed);
                      ~~~~~~~~~~~~~~~~~       ~~^~~~~~~~~
JSQRTEST.c(107): warning: no previous extern declaration for non-static variable 'pwm1' [-Wmissing-variable-declarations]
PWM_t pwm1;
      ^
JSQRTEST.c(107): note: declare 'static' if the variable is not intended to be used outside of this translation unit
PWM_t pwm1;
^
JSQRTEST.c(33): warning: unused variable 'overflow' [-Wunused-variable]
static int overflow = 0;
           ^
JSQRTEST.c(35): warning: unused variable 'timeSt' [-Wunused-variable]
static float timeSt = 0;
             ^
JSQRTEST.c(36): warning: unused variable 'timeEnd' [-Wunused-variable]
static float timeEnd= 0;
             ^
JSQRTEST.c(37): warning: unused variable 'sec' [-Wunused-variable]
static float sec = 0;
             ^
JSQRTEST.c(38): warning: unused variable 'PERSON_OUTSIDE' [-Wunused-variable]
static int PERSON_OUTSIDE =0;                   // Door front Flag
           ^
JSQRTEST.c(39): warning: unused variable 'Distance_validity' [-Wunused-variable]
static int Distance_validity =0;                        // Door front Flag
           ^
JSQRTEST.c(43): warning: unused variable 'flag' [-Wunused-variable]
static int flag =0 ;
           ^
JSQRTEST.c(45): warning: unused variable 'IR2' [-Wunused-variable]
static uint32_t IR2=0;
                ^
JSQRTEST.c(47): warning: unused variable 'WIN_OPEN' [-Wunused-variable]
static int WIN_OPEN =0;                                                 // Window open detect Flag
           ^
JSQRTEST.c(48): warning: unused variable 'WINDOW_Validity' [-Wunused-variable]
static int WINDOW_Validity =0;
           ^
JSQRTEST.c(49): warning: unused variable 'WINDOW_print' [-Wunused-variable]
static int WINDOW_print =0;
           ^
JSQRTEST.c(52): warning: unused variable 'PERSON_INSIDE' [-Wunused-variable]
static int PERSON_INSIDE =0;
           ^
JSQRTEST.c(55): warning: unused variable 'CURTAIN_OPEN' [-Wunused-variable]
static uint32_t CURTAIN_OPEN =0;
                ^
JSQRTEST.c(56): warning: unused variable 'Light_prev' [-Wunused-variable]
static uint32_t Light_prev = 0;
                ^
JSQRTEST.c(57): warning: unused variable 'Light_next' [-Wunused-variable]
static uint32_t Light_next = 0;
                ^
JSQRTEST.c(60): warning: unused variable 'button_pressed' [-Wunused-variable]
static int button_pressed = 0;
           ^
JSQRTEST.c(63): warning: unused variable 'DAQ_FLAG' [-Wunused-variable]
static int DAQ_FLAG= 0;
           ^
JSQRTEST.c(64): warning: unused variable 'DAQ_cnt' [-Wunused-variable]
static int DAQ_cnt= 0;
           ^
JSQRTEST.c(65): warning: unused variable 'DAQ_cnt2' [-Wunused-variable]
static int DAQ_cnt2= 0;
           ^
JSQRTEST.c(66): warning: unused variable 'Light_TRUE' [-Wunused-variable]
static int Light_TRUE= 0;
           ^
JSQRTEST.c(68): warning: unused variable 'Light_FlAG' [-Wunused-variable]
static int Light_FlAG= 0;
           ^
JSQRTEST.c(69): warning: unused variable 'Light_PREV' [-Wunused-variable]
static int Light_PREV= 0;
           ^
JSQRTEST.c(71): warning: unused variable 'ULT_FlAG' [-Wunused-variable]
static int ULT_FlAG= 0;
           ^
JSQRTEST.c(72): warning: unused variable 'ULT_prev' [-Wunused-variable]
static int ULT_prev= 0;
           ^
JSQRTEST.c(73): warning: unused variable 'ULT_next' [-Wunused-variable]
static int ULT_next= 0;
           ^
JSQRTEST.c(76): warning: unused variable 'WIN_FlAG' [-Wunused-variable]
static int WIN_FlAG= 0;
           ^
JSQRTEST.c(77): warning: unused variable 'WIN_prev' [-Wunused-variable]
static int WIN_prev= 0;
           ^
JSQRTEST.c(78): warning: unused variable 'ADC_SEND' [-Wunused-variable]
static int ADC_SEND= 0;
           ^
JSQRTEST.c(81): warning: unused variable 'sound' [-Wunused-variable]
static int sound =0;
           ^
JSQRTEST.c(82): warning: unused variable 'visitor' [-Wunused-variable]
static int visitor =0;
           ^
JSQRTEST.c(83): warning: unused variable 'siren' [-Wunused-variable]
static int siren = 0;
           ^
JSQRTEST.c(84): warning: unused variable 'stop' [-Wunused-variable]
static int stop = 0;
           ^
JSQRTEST.c(98): warning: unused variable 'count' [-Wunused-variable]
static int count= 2;
           ^
58 warnings generated.
compiling JSQRTEST.c...
linking...
Program Size: Code=7576 RO-data=440 RW-data=24 ZI-data=1792  
FromELF: creating hex file...
".\Objects\Zigbee.axf" - 0 Error(s), 58 Warning(s).

<h2>Software Packages used:</h2>

Package Vendor: ARM
                http://www.keil.com/pack/ARM.CMSIS.5.8.0.pack
                ARM.CMSIS.5.8.0
                CMSIS (Common Microcontroller Software Interface Standard)
   * Component: CORE Version: 5.5.0

Package Vendor: Keil
                http://www.keil.com/pack/Keil.STM32F4xx_DFP.2.15.0.pack
                Keil.STM32F4xx_DFP.2.15.0
                STMicroelectronics STM32F4 Series Device Support, Drivers and Examples
   * Component: Startup Version: 2.6.3

<h2>Collection of Component include folders:</h2>
  .\RTE\_Target_1
  C:\Users\LEGION\AppData\Local\Arm\Packs\ARM\CMSIS\5.8.0\CMSIS\Core\Include
  C:\Users\LEGION\AppData\Local\Arm\Packs\Keil\STM32F4xx_DFP\2.15.0\Drivers\CMSIS\Device\ST\STM32F4xx\Include

<h2>Collection of Component Files used:</h2>

   * Component: ARM::CMSIS:CORE:5.5.0

   * Component: Keil::Device:Startup:2.6.3
      Source file:   MDK\Device\Source\ARM\STM32F411xx_OPT.s
      Source file:   MDK\Device\Source\ARM\STM32F4xx_OTP.s
      Include file:  Drivers\CMSIS\Device\ST\STM32F4xx\Include\stm32f4xx.h
      Source file:   Drivers\CMSIS\Device\ST\STM32F4xx\Source\Templates\arm\startup_stm32f411xe.s
      Source file:   Drivers\CMSIS\Device\ST\STM32F4xx\Source\Templates\system_stm32f4xx.c
Build Time Elapsed:  00:00:01
</pre>
</body>
</html>
