Component: ARM Compiler 6.16 Tool: armlink [5dfeaa00]

==============================================================================

Section Cross References

    jsqrtest.o(.text) refers (Special) to _printf_d.o(.ARM.Collect$$_printf_percent$$00000009) for _printf_d
    jsqrtest.o(.text) refers (Special) to _printf_dec.o(.text) for _printf_int_dec
    jsqrtest.o(.text) refers (Special) to _printf_percent.o(.ARM.Collect$$_printf_percent$$00000000) for _printf_percent
    jsqrtest.o(.text) refers (Special) to _printf_s.o(.ARM.Collect$$_printf_percent$$00000014) for _printf_s
    jsqrtest.o(.text) refers (Special) to _printf_str.o(.text) for _printf_str
    jsqrtest.o(.text.main) refers (Special) to _printf_d.o(.ARM.Collect$$_printf_percent$$00000009) for _printf_d
    jsqrtest.o(.text.main) refers (Special) to _printf_dec.o(.text) for _printf_int_dec
    jsqrtest.o(.text.main) refers (Special) to _printf_percent.o(.ARM.Collect$$_printf_percent$$00000000) for _printf_percent
    jsqrtest.o(.text.main) refers (Special) to _printf_s.o(.ARM.Collect$$_printf_percent$$00000014) for _printf_s
    jsqrtest.o(.text.main) refers (Special) to _printf_str.o(.text) for _printf_str
    jsqrtest.o(.text.main) refers to jsqrtest.o(.text.setup) for setup
    jsqrtest.o(.text.main) refers to ecadc.o(.text.ADC_J_start) for ADC_J_start
    jsqrtest.o(.text.main) refers to puts.o(.text) for puts
    jsqrtest.o(.text.main) refers to jsqrtest.o(.bss.Button_Flag) for Button_Flag
    jsqrtest.o(.text.main) refers to jsqrtest.o(.bss.IR1) for IR1
    jsqrtest.o(.text.main) refers to jsqrtest.o(.bss.LED1_COND) for LED1_COND
    jsqrtest.o(.text.main) refers to noretval__2printf.o(.text) for __2printf
    jsqrtest.o(.text.main) refers to ecsystick.o(.text.delay_ms) for delay_ms
    jsqrtest.o(.ARM.exidx.text.main) refers (Special) to _printf_d.o(.ARM.Collect$$_printf_percent$$00000009) for _printf_d
    jsqrtest.o(.ARM.exidx.text.main) refers (Special) to _printf_dec.o(.text) for _printf_int_dec
    jsqrtest.o(.ARM.exidx.text.main) refers (Special) to _printf_percent.o(.ARM.Collect$$_printf_percent$$00000000) for _printf_percent
    jsqrtest.o(.ARM.exidx.text.main) refers (Special) to _printf_s.o(.ARM.Collect$$_printf_percent$$00000014) for _printf_s
    jsqrtest.o(.ARM.exidx.text.main) refers (Special) to _printf_str.o(.text) for _printf_str
    jsqrtest.o(.ARM.exidx.text.main) refers to jsqrtest.o(.text.main) for [Anonymous Symbol]
    jsqrtest.o(.text.setup) refers (Special) to _printf_d.o(.ARM.Collect$$_printf_percent$$00000009) for _printf_d
    jsqrtest.o(.text.setup) refers (Special) to _printf_dec.o(.text) for _printf_int_dec
    jsqrtest.o(.text.setup) refers (Special) to _printf_percent.o(.ARM.Collect$$_printf_percent$$00000000) for _printf_percent
    jsqrtest.o(.text.setup) refers (Special) to _printf_s.o(.ARM.Collect$$_printf_percent$$00000014) for _printf_s
    jsqrtest.o(.text.setup) refers (Special) to _printf_str.o(.text) for _printf_str
    jsqrtest.o(.text.setup) refers to ecrcc.o(.text.RCC_PLL_init) for RCC_PLL_init
    jsqrtest.o(.text.setup) refers to ecsystick.o(.text.SysTick_init) for SysTick_init
    jsqrtest.o(.text.setup) refers to ecexti.o(.text.EXTI_init) for EXTI_init
    jsqrtest.o(.text.setup) refers to ecgpio.o(.text.GPIO_init) for GPIO_init
    jsqrtest.o(.text.setup) refers to ecgpio.o(.text.GPIO_pupdr) for GPIO_pupdr
    jsqrtest.o(.text.setup) refers to ecgpio.o(.text.GPIO_ospeed) for GPIO_ospeed
    jsqrtest.o(.text.setup) refers to ecgpio.o(.text.GPIO_otype) for GPIO_otype
    jsqrtest.o(.text.setup) refers to ecuart.o(.text.USART_init) for USART_init
    jsqrtest.o(.text.setup) refers to ectim.o(.text.TIM_INT_init) for TIM_INT_init
    jsqrtest.o(.text.setup) refers to ectim.o(.text.TIM_usec_init) for TIM_usec_init
    jsqrtest.o(.text.setup) refers to jsqrtest.o(.bss.pwm1) for pwm1
    jsqrtest.o(.text.setup) refers to ecpwm.o(.text.PWM_init) for PWM_init
    jsqrtest.o(.text.setup) refers to ecpwm.o(.text.PWM_period_us) for PWM_period_us
    jsqrtest.o(.text.setup) refers to ecadc.o(.text.ADC_J_init) for ADC_J_init
    jsqrtest.o(.text.setup) refers to ecadc.o(.text.ADC_continue) for ADC_continue
    jsqrtest.o(.text.setup) refers to jsqrtest.o(.data.seqCHn) for seqCHn
    jsqrtest.o(.text.setup) refers to ecadc.o(.text.ADC_J_sequence) for ADC_J_sequence
    jsqrtest.o(.ARM.exidx.text.setup) refers (Special) to _printf_d.o(.ARM.Collect$$_printf_percent$$00000009) for _printf_d
    jsqrtest.o(.ARM.exidx.text.setup) refers (Special) to _printf_dec.o(.text) for _printf_int_dec
    jsqrtest.o(.ARM.exidx.text.setup) refers (Special) to _printf_percent.o(.ARM.Collect$$_printf_percent$$00000000) for _printf_percent
    jsqrtest.o(.ARM.exidx.text.setup) refers (Special) to _printf_s.o(.ARM.Collect$$_printf_percent$$00000014) for _printf_s
    jsqrtest.o(.ARM.exidx.text.setup) refers (Special) to _printf_str.o(.text) for _printf_str
[...]
    libshutdown.o(.ARM.Collect$$libshutdown$$00000000) refers (Special) to libshutdown2.o(.ARM.Collect$$libshutdown$$0000000C) for __rt_lib_shutdown_user_alloc_1
    sys_command.o(.text) refers (Special) to use_no_semi.o(.text) for __I$use$semihosting
    sys_command.o(.text) refers (Special) to indicate_semi.o(.text) for __semihosting_library_function
    sys_command_hlt.o(.text) refers (Special) to use_no_semi.o(.text) for __I$use$semihosting
    sys_command_hlt.o(.text) refers (Special) to indicate_semi.o(.text) for __semihosting_library_function
    defsig_rtmem_outer.o(.text) refers to defsig_rtmem_inner.o(.text) for __rt_SIGRTMEM_inner
    defsig_rtmem_outer.o(.text) refers to defsig_exit.o(.text) for __sig_exit
    defsig_rtmem_formal.o(.text) refers to rt_raise.o(.text) for __rt_raise
    rt_raise.o(.text) refers to __raise.o(.text) for __raise
    rt_raise.o(.text) refers to sys_exit.o(.text) for _sys_exit
    defsig_exit.o(.text) refers to sys_exit.o(.text) for _sys_exit
    defsig_rtmem_inner.o(.text) refers to defsig_general.o(.text) for __default_signal_display
    __raise.o(.text) refers to defsig.o(CL$$defsig) for __default_signal_handler
    defsig_general.o(.text) refers to sys_wrch.o(.text) for _ttywrch
    sys_wrch.o(.text) refers (Special) to use_no_semi.o(.text) for __I$use$semihosting
    sys_wrch.o(.text) refers (Special) to indicate_semi.o(.text) for __semihosting_library_function
    sys_wrch_hlt.o(.text) refers (Special) to use_no_semi.o(.text) for __I$use$semihosting
    sys_wrch_hlt.o(.text) refers (Special) to indicate_semi.o(.text) for __semihosting_library_function
    defsig.o(CL$$defsig) refers to defsig_rtmem_inner.o(.text) for __rt_SIGRTMEM_inner
    defsig_abrt_inner.o(.text) refers to defsig_general.o(.text) for __default_signal_display
    defsig_fpe_inner.o(.text) refers to defsig_general.o(.text) for __default_signal_display
    defsig_rtred_inner.o(.text) refers to defsig_general.o(.text) for __default_signal_display
    defsig_stak_inner.o(.text) refers to defsig_general.o(.text) for __default_signal_display
    defsig_pvfn_inner.o(.text) refers to defsig_general.o(.text) for __default_signal_display
    defsig_cppl_inner.o(.text) refers to defsig_general.o(.text) for __default_signal_display
    defsig_segv_inner.o(.text) refers to defsig_general.o(.text) for __default_signal_display
    defsig_other.o(.text) refers to defsig_general.o(.text) for __default_signal_display


==============================================================================

Removing Unused input sections from the image.

    Removing jsqrtest.o(.text), (0 bytes).
    Removing jsqrtest.o(.ARM.exidx.text.main), (8 bytes).
    Removing jsqrtest.o(.ARM.exidx.text.setup), (8 bytes).
    Removing jsqrtest.o(.ARM.exidx.text.ADC_IRQHandler), (8 bytes).
    Removing jsqrtest.o(.ARM.exidx.text.USART2_IRQHandler), (8 bytes).
    Removing jsqrtest.o(.ARM.exidx.text.State_input), (8 bytes).
    Removing jsqrtest.o(.ARM.exidx.text.EXTI15_10_IRQHandler), (8 bytes).
    Removing jsqrtest.o(.ARM.exidx.text.TIM4_IRQHandler), (8 bytes).
    Removing jsqrtest.o(.bss.pcData), (1 bytes).
    Removing jsqrtest.o(.bss.distance), (4 bytes).
    Removing jsqrtest.o(.data.SENSOR), (7 bytes).
    Removing jsqrtest.o(.data.BUTTON), (3 bytes).
    Removing jsqrtest.o(.data.Ultra), (3 bytes).
    Removing jsqrtest.o(.data.PIR), (3 bytes).
    Removing jsqrtest.o(.data.WINDOW), (3 bytes).
    Removing jsqrtest.o(.data.CURTAIN), (3 bytes).
    Removing jsqrtest.o(.data.SIRENMODE), (3 bytes).
    Removing jsqrtest.o(.ARM.use_no_argv), (4 bytes).
    Removing ec_api.o(.text), (0 bytes).
    Removing ec_api.o(.text._ZN12EC_DigitalIn4readEv), (16 bytes).
    Removing ec_api.o(.ARM.exidx.text._ZN12EC_DigitalIn4readEv), (8 bytes).
    Removing ec_api.o(.text._ZN12EC_DigitalIn5pupdrEi), (20 bytes).
    Removing ec_api.o(.ARM.exidx.text._ZN12EC_DigitalIn5pupdrEi), (8 bytes).
    Removing ec_api.o(.text._ZN13EC_DigitalOut5writeEi), (20 bytes).
    Removing ec_api.o(.ARM.exidx.text._ZN13EC_DigitalOut5writeEi), (8 bytes).
    Removing ec_api.o(.text._ZN13EC_DigitalOut5pupdrEi), (20 bytes).
    Removing ec_api.o(.ARM.exidx.text._ZN13EC_DigitalOut5pupdrEi), (8 bytes).
    Removing ec_api.o(.text._ZN13EC_DigitalOut5otypeEi), (20 bytes).
    Removing ec_api.o(.ARM.exidx.text._ZN13EC_DigitalOut5otypeEi), (8 bytes).
    Removing ec_api.o(.text._ZN13EC_DigitalOut6ospeedEi), (20 bytes).
    Removing ec_api.o(.ARM.exidx.text._ZN13EC_DigitalOut6ospeedEi), (8 bytes).
    Removing ec_api.o(.text._ZN9EC_Ticker8Delay_msEj), (10 bytes).
    Removing ec_api.o(.ARM.exidx.text._ZN9EC_Ticker8Delay_msEj), (8 bytes).
    Removing ec_api.o(.text._ZN9EC_Ticker7read_msEv), (20 bytes).
    Removing ec_api.o(.ARM.exidx.text._ZN9EC_Ticker7read_msEv), (8 bytes).
    Removing ec_api.o(.text._ZN9EC_Ticker5resetEv), (8 bytes).
    Removing ec_api.o(.ARM.exidx.text._ZN9EC_Ticker5resetEv), (8 bytes).
    Removing ecexti.o(.text), (0 bytes).
    Removing ecexti.o(.ARM.exidx.text.EXTI_init), (8 bytes).
    Removing ecexti.o(.ARM.exidx.text.EXTI_enable), (8 bytes).
    Removing ecexti.o(.ARM.exidx.text.__NVIC_SetPriority), (8 bytes).
    Removing ecexti.o(.ARM.exidx.text.__NVIC_EnableIRQ), (8 bytes).
    Removing ecexti.o(.text.EXTI_disable), (16 bytes).
    Removing ecexti.o(.ARM.exidx.text.EXTI_disable), (8 bytes).
    Removing ecexti.o(.ARM.exidx.text.is_pending_EXTI), (8 bytes).
    Removing ecexti.o(.ARM.exidx.text.clear_pending_EXTI), (8 bytes).
    Removing ecgpio.o(.text), (0 bytes).
    Removing ecgpio.o(.ARM.exidx.text.GPIO_init), (8 bytes).
    Removing ecgpio.o(.ARM.exidx.text.GPIO_mode), (8 bytes).
    Removing ecgpio.o(.ARM.exidx.text.GPIO_write), (8 bytes).
    Removing ecgpio.o(.text.GPIO_read), (12 bytes).
    Removing ecgpio.o(.ARM.exidx.text.GPIO_read), (8 bytes).
    Removing ecgpio.o(.ARM.exidx.text.GPIO_ospeed), (8 bytes).
    Removing ecgpio.o(.ARM.exidx.text.GPIO_otype), (8 bytes).
    Removing ecgpio.o(.ARM.exidx.text.GPIO_pupdr), (8 bytes).
    Removing ecgpio.o(.text.sevensegment_decoder), (144 bytes).
    Removing ecgpio.o(.ARM.exidx.text.sevensegment_decoder), (8 bytes).
    Removing ecgpio.o(.text.ButtonST), (62 bytes).
    Removing ecgpio.o(.ARM.exidx.text.ButtonST), (8 bytes).
    Removing ecgpio.o(.text.sevensegment_init), (418 bytes).
    Removing ecgpio.o(.ARM.exidx.text.sevensegment_init), (8 bytes).
    Removing ecgpio.o(.rodata.cst32), (32 bytes).
    Removing ecgpio.o(.rodata..L__const.sevensegment_decoder.number), (352 bytes).
    Removing ecpwm.o(.text), (0 bytes).
    Removing ecpwm.o(.ARM.exidx.text.PWM_init), (8 bytes).
    Removing ecpwm.o(.ARM.exidx.text.PWM_pinmap), (8 bytes).
    Removing ecpwm.o(.text.PWM_period_ms), (10 bytes).
    Removing ecpwm.o(.ARM.exidx.text.PWM_period_ms), (8 bytes).
    Removing ecpwm.o(.ARM.exidx.text.PWM_period_us), (8 bytes).
    Removing ecpwm.o(.ARM.exidx.text.PWM_pulsewidth_ms), (8 bytes).
    Removing ecpwm.o(.ARM.exidx.text.PWM_pulsewidth_us), (8 bytes).
    Removing ecpwm.o(.text.PWM_duty), (80 bytes).
    Removing ecpwm.o(.ARM.exidx.text.PWM_duty), (8 bytes).
    Removing ecrcc.o(.text), (0 bytes).
    Removing ecrcc.o(.text.RCC_HSI_init), (72 bytes).
    Removing ecrcc.o(.ARM.exidx.text.RCC_HSI_init), (8 bytes).
    Removing ecrcc.o(.ARM.exidx.text.RCC_PLL_init), (8 bytes).
    Removing ecrcc.o(.ARM.exidx.text.RCC_GPIOA_enable), (8 bytes).
    Removing ecrcc.o(.ARM.exidx.text.RCC_GPIOB_enable), (8 bytes).
    Removing ecrcc.o(.ARM.exidx.text.RCC_GPIOC_enable), (8 bytes).
    Removing ecsystick.o(.text), (0 bytes).
    Removing ecsystick.o(.ARM.exidx.text.SysTick_init), (8 bytes).
    Removing ecsystick.o(.ARM.exidx.text.__NVIC_SetPriority), (8 bytes).
    Removing ecsystick.o(.text.SysTick_val), (18 bytes).
    Removing ecsystick.o(.ARM.exidx.text.SysTick_val), (8 bytes).
    Removing ecsystick.o(.text.SysTick_reset), (24 bytes).
    Removing ecsystick.o(.ARM.exidx.text.SysTick_reset), (8 bytes).
    Removing ecsystick.o(.text.SysTick_enable), (18 bytes).
    Removing ecsystick.o(.ARM.exidx.text.SysTick_enable), (8 bytes).
    Removing ecsystick.o(.text.SysTick_disable), (16 bytes).
    Removing ecsystick.o(.ARM.exidx.text.SysTick_disable), (8 bytes).
    Removing ecsystick.o(.ARM.exidx.text.SysTick_Handler), (8 bytes).
    Removing ecsystick.o(.ARM.exidx.text.delay_ms), (8 bytes).
    Removing ectim.o(.text), (0 bytes).
    Removing ectim.o(.ARM.exidx.text.TIM_init), (8 bytes).
    Removing ectim.o(.ARM.exidx.text.TIM_period_ms), (8 bytes).
    Removing ectim.o(.ARM.exidx.text.TIM_usec_init), (8 bytes).
    Removing ectim.o(.ARM.exidx.text.TIM_period_us), (8 bytes).
    Removing ectim.o(.ARM.exidx.text.TIM_INT_init), (8 bytes).
    Removing ectim.o(.ARM.exidx.text.TIM_INT_enable), (8 bytes).
    Removing ectim.o(.ARM.exidx.text.__NVIC_EnableIRQ), (8 bytes).
    Removing ectim.o(.ARM.exidx.text.__NVIC_SetPriority), (8 bytes).
    Removing ectim.o(.text.TIM_INT_usec_init), (158 bytes).
    Removing ectim.o(.ARM.exidx.text.TIM_INT_usec_init), (8 bytes).
    Removing ectim.o(.text.TIM_INT_disable), (8 bytes).
    Removing ectim.o(.ARM.exidx.text.TIM_INT_disable), (8 bytes).
    Removing ectim.o(.ARM.exidx.text.is_UIF), (8 bytes).
    Removing ectim.o(.ARM.exidx.text.clear_UIF), (8 bytes).
    Removing ectim.o(.text.TIM_INT_CCIE_enable), (10 bytes).
    Removing ectim.o(.ARM.exidx.text.TIM_INT_CCIE_enable), (8 bytes).
    Removing ectim.o(.text.ICAP_init), (334 bytes).
    Removing ectim.o(.ARM.exidx.text.ICAP_init), (8 bytes).
    Removing ectim.o(.text.ICAP_pinmap), (296 bytes).
    Removing ectim.o(.ARM.exidx.text.ICAP_pinmap), (8 bytes).
    Removing ectim.o(.text.ICAP_setup), (206 bytes).
    Removing ectim.o(.ARM.exidx.text.ICAP_setup), (8 bytes).
    Removing ectim.o(.text.ICAP_counter_us), (18 bytes).
    Removing ectim.o(.ARM.exidx.text.ICAP_counter_us), (8 bytes).
    Removing ectim.o(.text.is_CCIF), (10 bytes).
    Removing ectim.o(.ARM.exidx.text.is_CCIF), (8 bytes).
    Removing ectim.o(.text.clear_CCIF), (16 bytes).
    Removing ectim.o(.ARM.exidx.text.clear_CCIF), (8 bytes).
    Removing ecadc.o(.text), (0 bytes).
    Removing ecadc.o(.text.ADC_init), (252 bytes).
    Removing ecadc.o(.ARM.exidx.text.ADC_init), (8 bytes).
    Removing ecadc.o(.ARM.exidx.text.ADC_pinmap), (8 bytes).
    Removing ecadc.o(.ARM.exidx.text.__NVIC_SetPriority), (8 bytes).
    Removing ecadc.o(.ARM.exidx.text.__NVIC_EnableIRQ), (8 bytes).
    Removing ecadc.o(.text.ADC_TRGO), (188 bytes).
    Removing ecadc.o(.ARM.exidx.text.ADC_TRGO), (8 bytes).
    Removing ecadc.o(.ARM.exidx.text.ADC_J_init), (8 bytes).
    Removing ecadc.o(.ARM.exidx.text.ADC_J_TRGO), (8 bytes).
    Removing ecadc.o(.ARM.exidx.text.ADC_continue), (8 bytes).
    Removing ecadc.o(.text.ADC_sequence), (192 bytes).
    Removing ecadc.o(.ARM.exidx.text.ADC_sequence), (8 bytes).
    Removing ecadc.o(.ARM.exidx.text.ADC_J_sequence), (8 bytes).
    Removing ecadc.o(.text.ADC_start), (26 bytes).
    Removing ecadc.o(.ARM.exidx.text.ADC_start), (8 bytes).
    Removing ecadc.o(.ARM.exidx.text.ADC_J_start), (8 bytes).
    Removing ecadc.o(.text.is_ADC_EOC), (16 bytes).
    Removing ecadc.o(.ARM.exidx.text.is_ADC_EOC), (8 bytes).
    Removing ecadc.o(.ARM.exidx.text.is_ADC_JEOC), (8 bytes).
    Removing ecadc.o(.ARM.exidx.text.clear_ADC_JEOC), (8 bytes).
    Removing ecadc.o(.text.ADC_read), (16 bytes).
    Removing ecadc.o(.ARM.exidx.text.ADC_read), (8 bytes).
    Removing ecadc.o(.ARM.exidx.text.is_ADC_OVR), (8 bytes).
    Removing ecadc.o(.ARM.exidx.text.clear_ADC_OVR), (8 bytes).
    Removing ecadc.o(.bss.result), (4 bytes).
    Removing ecuart.o(.text), (0 bytes).
    Removing ecuart.o(.ARM.exidx.text.fputc), (8 bytes).
    Removing ecuart.o(.ARM.exidx.text.USART_write), (8 bytes).
    Removing ecuart.o(.text.fgetc), (16 bytes).
    Removing ecuart.o(.ARM.exidx.text.fgetc), (8 bytes).
    Removing ecuart.o(.ARM.exidx.text.USART_getc), (8 bytes).
    Removing ecuart.o(.text.UART2_init), (198 bytes).
    Removing ecuart.o(.ARM.exidx.text.UART2_init), (8 bytes).
    Removing ecuart.o(.ARM.exidx.text.__NVIC_SetPriority), (8 bytes).
    Removing ecuart.o(.ARM.exidx.text.__NVIC_EnableIRQ), (8 bytes).
    Removing ecuart.o(.text.USART_delay), (2 bytes).
    Removing ecuart.o(.ARM.exidx.text.USART_delay), (8 bytes).
    Removing ecuart.o(.ARM.exidx.text.USART_begin), (8 bytes).
    Removing ecuart.o(.ARM.exidx.text.USART_init), (8 bytes).
    Removing ecuart.o(.ARM.exidx.text.is_USART_RXNE), (8 bytes).
    Removing ecuart.o(.bss.__stdin), (4 bytes).
    Removing ecstepper.o(.text), (0 bytes).
    Removing ecstepper.o(.text.Stepper_init), (218 bytes).
    Removing ecstepper.o(.ARM.exidx.text.Stepper_init), (8 bytes).
    Removing ecstepper.o(.text.Stepper_pinOut), (114 bytes).
    Removing ecstepper.o(.ARM.exidx.text.Stepper_pinOut), (8 bytes).
    Removing ecstepper.o(.text.Stepper_setSpeed), (42 bytes).
    Removing ecstepper.o(.ARM.exidx.text.Stepper_setSpeed), (8 bytes).
    Removing ecstepper.o(.text.Stepper_step), (104 bytes).
    Removing ecstepper.o(.ARM.exidx.text.Stepper_step), (8 bytes).
    Removing ecstepper.o(.text.Stepper_stop), (56 bytes).
    Removing ecstepper.o(.ARM.exidx.text.Stepper_stop), (8 bytes).
    Removing ecstepper.o(.data.direction), (4 bytes).
    Removing ecstepper.o(.data.step_delay), (4 bytes).
    Removing ecstepper.o(.data.step_per_rev), (4 bytes).
    Removing ecstepper.o(.data.FSM_full), (48 bytes).
    Removing ecstepper.o(.data.FSM_half), (96 bytes).
    Removing ecstepper.o(.bss.myStepper), (36 bytes).
    Removing system_stm32f4xx.o(.text), (0 bytes).
    Removing system_stm32f4xx.o(.ARM.exidx.text.SystemInit), (8 bytes).
    Removing system_stm32f4xx.o(.text.SystemCoreClockUpdate), (126 bytes).
    Removing system_stm32f4xx.o(.ARM.exidx.text.SystemCoreClockUpdate), (8 bytes).
    Removing system_stm32f4xx.o(.data.SystemCoreClock), (4 bytes).
    Removing system_stm32f4xx.o(.rodata.AHBPrescTable), (16 bytes).
    Removing system_stm32f4xx.o(.rodata.APBPrescTable), (8 bytes).

188 unused section(s) (total 5176 bytes) removed from the image.

==============================================================================

Image Symbol Table

    Local Symbols

    Symbol Name                              Value     Ov Type        Size  Object(Section)

    ../clib/angel/boardlib.s                 0x00000000   Number         0  boardinit1.o ABSOLUTE
    ../clib/angel/boardlib.s                 0x00000000   Number         0  boardinit2.o ABSOLUTE
    ../clib/angel/boardlib.s                 0x00000000   Number         0  boardinit3.o ABSOLUTE
    ../clib/angel/boardlib.s                 0x00000000   Number         0  boardshut.o ABSOLUTE
    ../clib/angel/handlers.s                 0x00000000   Number         0  __scatter_copy.o ABSOLUTE
    ../clib/angel/handlers.s                 0x00000000   Number         0  __scatter_zi.o ABSOLUTE
    ../clib/angel/kernel.s                   0x00000000   Number         0  __rtentry.o ABSOLUTE
    ../clib/angel/kernel.s                   0x00000000   Number         0  __rtentry2.o ABSOLUTE
    ../clib/angel/kernel.s                   0x00000000   Number         0  __rtentry4.o ABSOLUTE
    ../clib/angel/kernel.s                   0x00000000   Number         0  rtexit.o ABSOLUTE
    ../clib/angel/kernel.s                   0x00000000   Number         0  rtexit2.o ABSOLUTE
    ../clib/angel/rt.s                       0x00000000   Number         0  rt_raise.o ABSOLUTE
    ../clib/angel/scatter.s                  0x00000000   Number         0  __scatter.o ABSOLUTE
    ../clib/angel/startup.s                  0x00000000   Number         0  __main.o ABSOLUTE
    ../clib/angel/sys.s                      0x00000000   Number         0  sys_stackheap_outer.o ABSOLUTE
    ../clib/angel/sys.s                      0x00000000   Number         0  libspace.o ABSOLUTE
    ../clib/angel/sys.s                      0x00000000   Number         0  use_no_semi.o ABSOLUTE
    ../clib/angel/sys.s                      0x00000000   Number         0  indicate_semi.o ABSOLUTE
    ../clib/angel/sysapp.c                   0x00000000   Number         0  sys_exit.o ABSOLUTE
    ../clib/angel/sysapp.c                   0x00000000   Number         0  sys_exit_hlt.o ABSOLUTE
    ../clib/angel/sysapp.c                   0x00000000   Number         0  sys_command.o ABSOLUTE
    ../clib/angel/sysapp.c                   0x00000000   Number         0  sys_command_hlt.o ABSOLUTE
    ../clib/angel/sysapp.c                   0x00000000   Number         0  sys_wrch.o ABSOLUTE
    ../clib/angel/sysapp.c                   0x00000000   Number         0  sys_wrch_hlt.o ABSOLUTE
    ../clib/armsys.c                         0x00000000   Number         0  argv_veneer.o ABSOLUTE
    ../clib/armsys.c                         0x00000000   Number         0  argv_veneer.o ABSOLUTE
    ../clib/armsys.c                         0x00000000   Number         0  _get_argv_nomalloc.o ABSOLUTE
    ../clib/armsys.c                         0x00000000   Number         0  no_argv.o ABSOLUTE
    ../clib/heapalloc.c                      0x00000000   Number         0  hrguard.o ABSOLUTE
    ../clib/heapaux.c                        0x00000000   Number         0  heapauxi.o ABSOLUTE
    ../clib/libinit.s                        0x00000000   Number         0  libinit.o ABSOLUTE
    ../clib/libinit.s                        0x00000000   Number         0  libinit2.o ABSOLUTE
    ../clib/libinit.s                        0x00000000   Number         0  libshutdown.o ABSOLUTE
    ../clib/libinit.s                        0x00000000   Number         0  libshutdown2.o ABSOLUTE
    ../clib/memcpset.s                       0x00000000   Number         0  rt_memclr_w.o ABSOLUTE
    ../clib/printf.c                         0x00000000   Number         0  __2printf.o ABSOLUTE
    ../clib/printf.c                         0x00000000   Number         0  noretval__2printf.o ABSOLUTE
    ../clib/printf.c                         0x00000000   Number         0  __printf.o ABSOLUTE
    ../clib/printf.c                         0x00000000   Number         0  _printf_str.o ABSOLUTE
    ../clib/printf.c                         0x00000000   Number         0  _printf_dec.o ABSOLUTE
    ../clib/printf.c                         0x00000000   Number         0  __printf_flags.o ABSOLUTE
    ../clib/printf.c                         0x00000000   Number         0  __printf_ss.o ABSOLUTE
    ../clib/printf.c                         0x00000000   Number         0  __printf_flags_ss.o ABSOLUTE
    ../clib/printf.c                         0x00000000   Number         0  __printf_wp.o ABSOLUTE
    ../clib/printf.c                         0x00000000   Number         0  __printf_flags_wp.o ABSOLUTE
    ../clib/printf.c                         0x00000000   Number         0  __printf_ss_wp.o ABSOLUTE
    ../clib/printf.c                         0x00000000   Number         0  __printf_flags_ss_wp.o ABSOLUTE
    ../clib/printf.c                         0x00000000   Number         0  _printf_intcommon.o ABSOLUTE
    ../clib/printf.c                         0x00000000   Number         0  _printf_char.o ABSOLUTE
    ../clib/printf.c                         0x00000000   Number         0  _printf_char_file.o ABSOLUTE
    ../clib/printf.c                         0x00000000   Number         0  _printf_char_common.o ABSOLUTE
    ../clib/printf.c                         0x00000000   Number         0  __printf_nopercent.o ABSOLUTE
    ../clib/printf_percent.s                 0x00000000   Number         0  _printf_s.o ABSOLUTE
    ../clib/printf_percent.s                 0x00000000   Number         0  _printf_d.o ABSOLUTE
    ../clib/printf_percent.s                 0x00000000   Number         0  _printf_percent.o ABSOLUTE
    ../clib/printf_percent.s                 0x00000000   Number         0  _printf_percent_end.o ABSOLUTE
    ../clib/signal.c                         0x00000000   Number         0  defsig_rtmem_outer.o ABSOLUTE
    ../clib/signal.c                         0x00000000   Number         0  defsig_rtmem_formal.o ABSOLUTE
    ../clib/signal.c                         0x00000000   Number         0  defsig_exit.o ABSOLUTE
    ../clib/signal.c                         0x00000000   Number         0  defsig_rtmem_inner.o ABSOLUTE
    ../clib/signal.c                         0x00000000   Number         0  __raise.o ABSOLUTE
    ../clib/signal.c                         0x00000000   Number         0  defsig_general.o ABSOLUTE
    ../clib/signal.c                         0x00000000   Number         0  defsig_abrt_inner.o ABSOLUTE
    ../clib/signal.c                         0x00000000   Number         0  defsig_fpe_inner.o ABSOLUTE
    ../clib/signal.c                         0x00000000   Number         0  defsig_rtred_inner.o ABSOLUTE
    ../clib/signal.c                         0x00000000   Number         0  defsig_stak_inner.o ABSOLUTE
    ../clib/signal.c                         0x00000000   Number         0  defsig_pvfn_inner.o ABSOLUTE
    ../clib/signal.c                         0x00000000   Number         0  defsig_cppl_inner.o ABSOLUTE
    ../clib/signal.c                         0x00000000   Number         0  defsig_segv_inner.o ABSOLUTE
    ../clib/signal.c                         0x00000000   Number         0  defsig_other.o ABSOLUTE
    ../clib/signal.s                         0x00000000   Number         0  defsig.o ABSOLUTE
    ../clib/stdio.c                          0x00000000   Number         0  puts.o ABSOLUTE
    ../clib/stdio.c                          0x00000000   Number         0  ferror.o ABSOLUTE
    ../clib/stdio.c                          0x00000000   Number         0  ferror_locked.o ABSOLUTE
    ../clib/stdlib.c                         0x00000000   Number         0  exit.o ABSOLUTE
    ../fplib/fnaninf.s                       0x00000000   Number         0  fnaninf.o ABSOLUTE
    ../fplib/fpinit.s                        0x00000000   Number         0  fpinit.o ABSOLUTE
    ../fplib/frnd.s                          0x00000000   Number         0  frnd.o ABSOLUTE
    ../fplib/usenofp.s                       0x00000000   Number         0  usenofp.o ABSOLUTE
    ../mathlib/round.c                       0x00000000   Number         0  roundf.o ABSOLUTE
    EC_API.cpp                               0x00000000   Number         0  ec_api.o ABSOLUTE
    JSQRTEST.c                               0x00000000   Number         0  jsqrtest.o ABSOLUTE
    RTE/Device/STM32F411RETx/startup_stm32f411xe.s 0x00000000   Number         0  startup_stm32f411xe.o ABSOLUTE
    dc.s                                     0x00000000   Number         0  dc.o ABSOLUTE
    ecADC.c                                  0x00000000   Number         0  ecadc.o ABSOLUTE
    ecEXTI.c                                 0x00000000   Number         0  ecexti.o ABSOLUTE
    ecGPIO.c                                 0x00000000   Number         0  ecgpio.o ABSOLUTE
    ecPWM.c                                  0x00000000   Number         0  ecpwm.o ABSOLUTE
    ecRCC.c                                  0x00000000   Number         0  ecrcc.o ABSOLUTE
    ecStepper.c                              0x00000000   Number         0  ecstepper.o ABSOLUTE
    ecSysTick.c                              0x00000000   Number         0  ecsystick.o ABSOLUTE
    ecTIM.c                                  0x00000000   Number         0  ectim.o ABSOLUTE
    ecUART.c                                 0x00000000   Number         0  ecuart.o ABSOLUTE
    system_stm32f4xx.c                       0x00000000   Number         0  system_stm32f4xx.o ABSOLUTE
    RESET                                    0x08000000   Section      408  startup_stm32f411xe.o(RESET)
    !!!main                                  0x08000198   Section        8  __main.o(!!!main)
    !!!scatter                               0x080001a0   Section       52  __scatter.o(!!!scatter)
    !!handler_copy                           0x080001d4   Section       26  __scatter_copy.o(!!handler_copy)
    !!handler_zi                             0x080001f0   Section       28  __scatter_zi.o(!!handler_zi)
    .ARM.Collect$$_printf_percent$$00000000  0x0800020c   Section        0  _printf_percent.o(.ARM.Collect$$_printf_percent$$00000000)
    .ARM.Collect$$_printf_percent$$00000009  0x0800020c   Section        6  _printf_d.o(.ARM.Collect$$_printf_percent$$00000009)
    .ARM.Collect$$_printf_percent$$00000014  0x08000212   Section        6  _printf_s.o(.ARM.Collect$$_printf_percent$$00000014)
    .ARM.Collect$$_printf_percent$$00000017  0x08000218   Section        4  _printf_percent_end.o(.ARM.Collect$$_printf_percent$$00000017)
    .ARM.Collect$$libinit$$00000000          0x0800021c   Section        2  libinit.o(.ARM.Collect$$libinit$$00000000)
    .ARM.Collect$$libinit$$00000001          0x0800021e   Section        4  libinit2.o(.ARM.Collect$$libinit$$00000001)
    .ARM.Collect$$libinit$$00000004          0x08000222   Section        0  libinit2.o(.ARM.Collect$$libinit$$00000004)
    .ARM.Collect$$libinit$$0000000A          0x08000222   Section        0  libinit2.o(.ARM.Collect$$libinit$$0000000A)
    .ARM.Collect$$libinit$$0000000C          0x08000222   Section        0  libinit2.o(.ARM.Collect$$libinit$$0000000C)
    .ARM.Collect$$libinit$$0000000E          0x08000222   Section        0  libinit2.o(.ARM.Collect$$libinit$$0000000E)
    .ARM.Collect$$libinit$$00000011          0x08000222   Section        0  libinit2.o(.ARM.Collect$$libinit$$00000011)
    .ARM.Collect$$libinit$$00000013          0x08000222   Section        0  libinit2.o(.ARM.Collect$$libinit$$00000013)
    .ARM.Collect$$libinit$$00000015          0x08000222   Section        0  libinit2.o(.ARM.Collect$$libinit$$00000015)
    .ARM.Collect$$libinit$$00000017          0x08000222   Section        0  libinit2.o(.ARM.Collect$$libinit$$00000017)
    .ARM.Collect$$libinit$$00000019          0x08000222   Section        0  libinit2.o(.ARM.Collect$$libinit$$00000019)
    .ARM.Collect$$libinit$$0000001B          0x08000222   Section        0  libinit2.o(.ARM.Collect$$libinit$$0000001B)
    .ARM.Collect$$libinit$$0000001D          0x08000222   Section        0  libinit2.o(.ARM.Collect$$libinit$$0000001D)
    .ARM.Collect$$libinit$$0000001F          0x08000222   Section        0  libinit2.o(.ARM.Collect$$libinit$$0000001F)
    .ARM.Collect$$libinit$$00000021          0x08000222   Section        0  libinit2.o(.ARM.Collect$$libinit$$00000021)
    .ARM.Collect$$libinit$$00000023          0x08000222   Section        0  libinit2.o(.ARM.Collect$$libinit$$00000023)
    .ARM.Collect$$libinit$$00000025          0x08000222   Section        0  libinit2.o(.ARM.Collect$$libinit$$00000025)
    .ARM.Collect$$libinit$$0000002C          0x08000222   Section        0  libinit2.o(.ARM.Collect$$libinit$$0000002C)
    .ARM.Collect$$libinit$$0000002E          0x08000222   Section        0  libinit2.o(.ARM.Collect$$libinit$$0000002E)
    .ARM.Collect$$libinit$$00000030          0x08000222   Section        0  libinit2.o(.ARM.Collect$$libinit$$00000030)
    .ARM.Collect$$libinit$$00000032          0x08000222   Section        0  libinit2.o(.ARM.Collect$$libinit$$00000032)
    .ARM.Collect$$libinit$$00000033          0x08000222   Section        2  libinit2.o(.ARM.Collect$$libinit$$00000033)
    .ARM.Collect$$libshutdown$$00000000      0x08000224   Section        2  libshutdown.o(.ARM.Collect$$libshutdown$$00000000)
    .ARM.Collect$$libshutdown$$00000002      0x08000226   Section        0  libshutdown2.o(.ARM.Collect$$libshutdown$$00000002)
    .ARM.Collect$$libshutdown$$00000004      0x08000226   Section        0  libshutdown2.o(.ARM.Collect$$libshutdown$$00000004)
    .ARM.Collect$$libshutdown$$00000007      0x08000226   Section        0  libshutdown2.o(.ARM.Collect$$libshutdown$$00000007)
    .ARM.Collect$$libshutdown$$0000000A      0x08000226   Section        0  libshutdown2.o(.ARM.Collect$$libshutdown$$0000000A)
    .ARM.Collect$$libshutdown$$0000000C      0x08000226   Section        0  libshutdown2.o(.ARM.Collect$$libshutdown$$0000000C)
    .ARM.Collect$$libshutdown$$0000000F      0x08000226   Section        0  libshutdown2.o(.ARM.Collect$$libshutdown$$0000000F)
    .ARM.Collect$$libshutdown$$00000010      0x08000226   Section        2  libshutdown2.o(.ARM.Collect$$libshutdown$$00000010)
    .ARM.Collect$$rtentry$$00000000          0x08000228   Section        0  __rtentry.o(.ARM.Collect$$rtentry$$00000000)
    .ARM.Collect$$rtentry$$00000002          0x08000228   Section        0  __rtentry2.o(.ARM.Collect$$rtentry$$00000002)
    .ARM.Collect$$rtentry$$00000004          0x08000228   Section        6  __rtentry4.o(.ARM.Collect$$rtentry$$00000004)
    .ARM.Collect$$rtentry$$00000009          0x0800022e   Section        0  __rtentry2.o(.ARM.Collect$$rtentry$$00000009)
    .ARM.Collect$$rtentry$$0000000A          0x0800022e   Section        4  __rtentry2.o(.ARM.Collect$$rtentry$$0000000A)
    .ARM.Collect$$rtentry$$0000000C          0x08000232   Section        0  __rtentry2.o(.ARM.Collect$$rtentry$$0000000C)
    .ARM.Collect$$rtentry$$0000000D          0x08000232   Section        8  __rtentry2.o(.ARM.Collect$$rtentry$$0000000D)
    .ARM.Collect$$rtexit$$00000000           0x0800023a   Section        2  rtexit.o(.ARM.Collect$$rtexit$$00000000)
    .ARM.Collect$$rtexit$$00000002           0x0800023c   Section        0  rtexit2.o(.ARM.Collect$$rtexit$$00000002)
    .ARM.Collect$$rtexit$$00000003           0x0800023c   Section        4  rtexit2.o(.ARM.Collect$$rtexit$$00000003)
    .ARM.Collect$$rtexit$$00000004           0x08000240   Section        6  rtexit2.o(.ARM.Collect$$rtexit$$00000004)
    $v0                                      0x08000248   Number         0  startup_stm32f411xe.o(.text)
    .text                                    0x08000248   Section       64  startup_stm32f411xe.o(.text)
    .text                                    0x08000288   Section        0  noretval__2printf.o(.text)
    .text                                    0x080002a0   Section        0  __printf.o(.text)
    .text                                    0x08000308   Section        0  _printf_str.o(.text)
    .text                                    0x0800035c   Section        0  _printf_dec.o(.text)
    .text                                    0x080003d4   Section        0  puts.o(.text)
    .text                                    0x08000400   Section       78  rt_memclr_w.o(.text)
    .text                                    0x0800044e   Section        0  heapauxi.o(.text)
    .text                                    0x08000454   Section        0  _printf_intcommon.o(.text)
    .text                                    0x08000506   Section        0  _printf_char.o(.text)
    .text                                    0x08000534   Section        0  _printf_char_file.o(.text)
    _printf_input_char                       0x08000559   Thumb Code    10  _printf_char_common.o(.text)
    .text                                    0x08000558   Section        0  _printf_char_common.o(.text)
    .text                                    0x08000588   Section        0  ferror.o(.text)
    .text                                    0x08000590   Section       74  sys_stackheap_outer.o(.text)
    .text                                    0x080005da   Section        0  exit.o(.text)
    .text                                    0x080005ec   Section        8  libspace.o(.text)
    .text                                    0x080005f4   Section        0  sys_exit.o(.text)
    .text                                    0x08000600   Section        2  use_no_semi.o(.text)
    .text                                    0x08000602   Section        0  indicate_semi.o(.text)
    [Anonymous Symbol]                       0x08000604   Section        0  jsqrtest.o(.text.ADC_IRQHandler)
    [Anonymous Symbol]                       0x0800066c   Section        0  ecadc.o(.text.ADC_J_TRGO)
    [Anonymous Symbol]                       0x08000748   Section        0  ecadc.o(.text.ADC_J_init)
    [Anonymous Symbol]                       0x0800084c   Section        0  ecadc.o(.text.ADC_J_sequence)
    [Anonymous Symbol]                       0x080008a4   Section        0  ecadc.o(.text.ADC_J_start)
    [Anonymous Symbol]                       0x080008c0   Section        0  ecadc.o(.text.ADC_continue)
    [Anonymous Symbol]                       0x080008ec   Section        0  ecadc.o(.text.ADC_pinmap)
    [Anonymous Symbol]                       0x0800096c   Section        0  jsqrtest.o(.text.EXTI15_10_IRQHandler)
    [Anonymous Symbol]                       0x08000998   Section        0  ecexti.o(.text.EXTI_enable)
    [Anonymous Symbol]                       0x080009cc   Section        0  ecexti.o(.text.EXTI_init)
    [Anonymous Symbol]                       0x08000b50   Section        0  ecgpio.o(.text.GPIO_init)
    [Anonymous Symbol]                       0x08000b98   Section        0  ecgpio.o(.text.GPIO_mode)
    [Anonymous Symbol]                       0x08000bbc   Section        0  ecgpio.o(.text.GPIO_ospeed)
    [Anonymous Symbol]                       0x08000be0   Section        0  ecgpio.o(.text.GPIO_otype)
    [Anonymous Symbol]                       0x08000c08   Section        0  ecgpio.o(.text.GPIO_pupdr)
    [Anonymous Symbol]                       0x08000c2c   Section        0  ecgpio.o(.text.GPIO_write)
    [Anonymous Symbol]                       0x08000c54   Section        0  ecpwm.o(.text.PWM_init)
    [Anonymous Symbol]                       0x08000f18   Section        0  ecpwm.o(.text.PWM_period_us)
    [Anonymous Symbol]                       0x08000f24   Section        0  ecpwm.o(.text.PWM_pinmap)
    [Anonymous Symbol]                       0x0800104c   Section        0  ecpwm.o(.text.PWM_pulsewidth_ms)
    [Anonymous Symbol]                       0x080010c4   Section        0  ecpwm.o(.text.PWM_pulsewidth_us)
    [Anonymous Symbol]                       0x08001134   Section        0  ecrcc.o(.text.RCC_GPIOA_enable)
    [Anonymous Symbol]                       0x08001148   Section        0  ecrcc.o(.text.RCC_GPIOB_enable)
    [Anonymous Symbol]                       0x0800115c   Section        0  ecrcc.o(.text.RCC_GPIOC_enable)
    [Anonymous Symbol]                       0x08001170   Section        0  ecrcc.o(.text.RCC_PLL_init)
    [Anonymous Symbol]                       0x08001250   Section        0  jsqrtest.o(.text.State_input)
    [Anonymous Symbol]                       0x08001350   Section        0  ecsystick.o(.text.SysTick_Handler)
    [Anonymous Symbol]                       0x08001368   Section        0  ecsystick.o(.text.SysTick_init)
    [Anonymous Symbol]                       0x080013a0   Section        0  system_stm32f4xx.o(.text.SystemInit)
    [Anonymous Symbol]                       0x080013bc   Section        0  jsqrtest.o(.text.TIM4_IRQHandler)
    [Anonymous Symbol]                       0x08001474   Section        0  ectim.o(.text.TIM_INT_enable)
    [Anonymous Symbol]                       0x08001480   Section        0  ectim.o(.text.TIM_INT_init)
    [Anonymous Symbol]                       0x08001520   Section        0  ectim.o(.text.TIM_init)
    [Anonymous Symbol]                       0x0800161c   Section        0  ectim.o(.text.TIM_period_ms)
    [Anonymous Symbol]                       0x08001634   Section        0  ectim.o(.text.TIM_period_us)
    [Anonymous Symbol]                       0x08001658   Section        0  ectim.o(.text.TIM_usec_init)
    [Anonymous Symbol]                       0x08001754   Section        0  jsqrtest.o(.text.USART2_IRQHandler)
    [Anonymous Symbol]                       0x08001820   Section        0  ecuart.o(.text.USART_begin)
    [Anonymous Symbol]                       0x080019dc   Section        0  ecuart.o(.text.USART_getc)
    [Anonymous Symbol]                       0x080019e8   Section        0  ecuart.o(.text.USART_init)
    [Anonymous Symbol]                       0x08001a44   Section        0  ecuart.o(.text.USART_write)
    __NVIC_EnableIRQ                         0x08001a71   Thumb Code    32  ecexti.o(.text.__NVIC_EnableIRQ)
    [Anonymous Symbol]                       0x08001a70   Section        0  ecexti.o(.text.__NVIC_EnableIRQ)
    __NVIC_EnableIRQ                         0x08001a91   Thumb Code    32  ectim.o(.text.__NVIC_EnableIRQ)
    [Anonymous Symbol]                       0x08001a90   Section        0  ectim.o(.text.__NVIC_EnableIRQ)
    __NVIC_EnableIRQ                         0x08001ab1   Thumb Code    16  ecadc.o(.text.__NVIC_EnableIRQ)
    [Anonymous Symbol]                       0x08001ab0   Section        0  ecadc.o(.text.__NVIC_EnableIRQ)
    __NVIC_EnableIRQ                         0x08001ac1   Thumb Code    32  ecuart.o(.text.__NVIC_EnableIRQ)
    [Anonymous Symbol]                       0x08001ac0   Section        0  ecuart.o(.text.__NVIC_EnableIRQ)
    __NVIC_SetPriority                       0x08001ae1   Thumb Code    16  ecexti.o(.text.__NVIC_SetPriority)
    [Anonymous Symbol]                       0x08001ae0   Section        0  ecexti.o(.text.__NVIC_SetPriority)
    __NVIC_SetPriority                       0x08001af1   Thumb Code    14  ecsystick.o(.text.__NVIC_SetPriority)
    [Anonymous Symbol]                       0x08001af0   Section        0  ecsystick.o(.text.__NVIC_SetPriority)
    __NVIC_SetPriority                       0x08001b01   Thumb Code    16  ectim.o(.text.__NVIC_SetPriority)
    [Anonymous Symbol]                       0x08001b00   Section        0  ectim.o(.text.__NVIC_SetPriority)
    __NVIC_SetPriority                       0x08001b11   Thumb Code    14  ecadc.o(.text.__NVIC_SetPriority)
    [Anonymous Symbol]                       0x08001b10   Section        0  ecadc.o(.text.__NVIC_SetPriority)
    __NVIC_SetPriority                       0x08001b21   Thumb Code    16  ecuart.o(.text.__NVIC_SetPriority)
    [Anonymous Symbol]                       0x08001b20   Section        0  ecuart.o(.text.__NVIC_SetPriority)
    [Anonymous Symbol]                       0x08001b30   Section        0  ecadc.o(.text.clear_ADC_JEOC)
    [Anonymous Symbol]                       0x08001b44   Section        0  ecadc.o(.text.clear_ADC_OVR)
    [Anonymous Symbol]                       0x08001b58   Section        0  ectim.o(.text.clear_UIF)
    [Anonymous Symbol]                       0x08001b60   Section        0  ecexti.o(.text.clear_pending_EXTI)
    [Anonymous Symbol]                       0x08001b78   Section        0  ecsystick.o(.text.delay_ms)
    [Anonymous Symbol]                       0x08001b8c   Section        0  ecuart.o(.text.fputc)
    [Anonymous Symbol]                       0x08001bb0   Section        0  ecadc.o(.text.is_ADC_JEOC)
    [Anonymous Symbol]                       0x08001bc0   Section        0  ecadc.o(.text.is_ADC_OVR)
    [Anonymous Symbol]                       0x08001bd0   Section        0  ectim.o(.text.is_UIF)
    [Anonymous Symbol]                       0x08001bd8   Section        0  ecuart.o(.text.is_USART_RXNE)
    [Anonymous Symbol]                       0x08001be0   Section        0  ecexti.o(.text.is_pending_EXTI)
    [Anonymous Symbol]                       0x08001bf4   Section        0  jsqrtest.o(.text.main)
    [Anonymous Symbol]                       0x08001ca0   Section        0  jsqrtest.o(.text.setup)
    i.__hardfp_roundf                        0x08001d90   Section        0  roundf.o(i.__hardfp_roundf)
    $v0                                      0x08001e2a   Number         0  fnaninf.o(x$fpl$fnaninf)
    x$fpl$fnaninf                            0x08001e2a   Section      140  fnaninf.o(x$fpl$fnaninf)
    $v0                                      0x08001eb6   Number         0  fpinit.o(x$fpl$fpinit)
    x$fpl$fpinit                             0x08001eb6   Section       26  fpinit.o(x$fpl$fpinit)
    $v0                                      0x08001ed0   Number         0  frnd.o(x$fpl$frnd)
    x$fpl$frnd                               0x08001ed0   Section       96  frnd.o(x$fpl$frnd)
    x$fpl$usenofp                            0x08001f30   Section        0  usenofp.o(x$fpl$usenofp)
    endBuf                                   0x20000004   Data           2  jsqrtest.o(.data.endBuf)
    [Anonymous Symbol]                       0x20000004   Section        0  jsqrtest.o(.data.endBuf)
    seqCHn                                   0x20000010   Data           8  jsqrtest.o(.data.seqCHn)
    [Anonymous Symbol]                       0x20000010   Section        0  jsqrtest.o(.data.seqCHn)
    .bss                                     0x20000018   Section       96  libspace.o(.bss)
    Button_Flag                              0x20000078   Data           4  jsqrtest.o(.bss.Button_Flag)
    [Anonymous Symbol]                       0x20000078   Section        0  jsqrtest.o(.bss.Button_Flag)
    DIR                                      0x2000007c   Data           1  jsqrtest.o(.bss.DIR)
    [Anonymous Symbol]                       0x2000007c   Section        0  jsqrtest.o(.bss.DIR)
    IR1                                      0x20000080   Data           4  jsqrtest.o(.bss.IR1)
    [Anonymous Symbol]                       0x20000080   Section        0  jsqrtest.o(.bss.IR1)
    LED1_COND                                0x20000084   Data           1  jsqrtest.o(.bss.LED1_COND)
    [Anonymous Symbol]                       0x20000084   Section        0  jsqrtest.o(.bss.LED1_COND)
    LED1_Flag                                0x20000088   Data           4  jsqrtest.o(.bss.LED1_Flag)
    [Anonymous Symbol]                       0x20000088   Section        0  jsqrtest.o(.bss.LED1_Flag)
    TimeDelay                                0x2000008c   Data           4  ecsystick.o(.bss.TimeDelay)
    [Anonymous Symbol]                       0x2000008c   Section        0  ecsystick.o(.bss.TimeDelay)
    bReceive                                 0x20000094   Data           1  jsqrtest.o(.bss.bReceive)
    [Anonymous Symbol]                       0x20000094   Section        0  jsqrtest.o(.bss.bReceive)
    Heap_Mem                                 0x20000118   Data         512  startup_stm32f411xe.o(HEAP)
    HEAP                                     0x20000118   Section      512  startup_stm32f411xe.o(HEAP)
    Stack_Mem                                0x20000318   Data        1024  startup_stm32f411xe.o(STACK)
    STACK                                    0x20000318   Section     1024  startup_stm32f411xe.o(STACK)
    __initial_sp                             0x20000718   Data           0  startup_stm32f411xe.o(STACK)

    Global Symbols

    Symbol Name                              Value     Ov Type        Size  Object(Section)

    BuildAttributes$$THM_ISAv4$E$P$D$K$B$S$7EM$VFPi3$EXTD16$VFPS$VFMA$PE$A:L22UL41UL21$X:L11$S22US41US21$IEEE1$IW$~IW$USESV6$~STKCKD$USESV7$~SHL$OTIME$ROPI$IEEEJ$EBA8$UX$STANDARDLIB$REQ8$PRES8$EABIv2 0x00000000   Number         0  anon$$obj.o ABSOLUTE
    __ARM_exceptions_init                     - Undefined Weak Reference
    __alloca_initialize                       - Undefined Weak Reference
    __arm_preinit_                            - Undefined Weak Reference
    __cpp_initialize__aeabi_                  - Undefined Weak Reference
    __cxa_finalize                            - Undefined Weak Reference
    __rt_locale                               - Undefined Weak Reference
    __sigvec_lookup                           - Undefined Weak Reference
    _atexit_init                              - Undefined Weak Reference
    _call_atexit_fns                          - Undefined Weak Reference
    _clock_init                               - Undefined Weak Reference
    _fp_trap_init                             - Undefined Weak Reference
    _fp_trap_shutdown                         - Undefined Weak Reference
    _get_lc_collate                           - Undefined Weak Reference
    _get_lc_ctype                             - Undefined Weak Reference
    _get_lc_monetary                          - Undefined Weak Reference
    _get_lc_numeric                           - Undefined Weak Reference
    _get_lc_time                              - Undefined Weak Reference
    _getenv_init                              - Undefined Weak Reference
    _handle_redirection                       - Undefined Weak Reference
    _init_alloc                               - Undefined Weak Reference
    _init_user_alloc                          - Undefined Weak Reference
    _initio                                   - Undefined Weak Reference
    _mutex_acquire                            - Undefined Weak Reference
    _mutex_release                            - Undefined Weak Reference
    _printf_mbtowc                            - Undefined Weak Reference
    _printf_post_padding                      - Undefined Weak Reference
    _printf_pre_padding                       - Undefined Weak Reference
    _printf_truncate_signed                   - Undefined Weak Reference
    _printf_truncate_unsigned                 - Undefined Weak Reference
    _rand_init                                - Undefined Weak Reference
    _signal_finish                            - Undefined Weak Reference
    _signal_init                              - Undefined Weak Reference
    _terminate_alloc                          - Undefined Weak Reference
    _terminate_user_alloc                     - Undefined Weak Reference
    _terminateio                              - Undefined Weak Reference
    __Vectors_Size                           0x00000198   Number         0  startup_stm32f411xe.o ABSOLUTE
    __Vectors                                0x08000000   Data           4  startup_stm32f411xe.o(RESET)
    __Vectors_End                            0x08000198   Data           0  startup_stm32f411xe.o(RESET)
    __main                                   0x08000199   Thumb Code     8  __main.o(!!!main)
    __scatterload                            0x080001a1   Thumb Code     0  __scatter.o(!!!scatter)
    __scatterload_rt2                        0x080001a1   Thumb Code    44  __scatter.o(!!!scatter)
    __scatterload_rt2_thumb_only             0x080001a1   Thumb Code     0  __scatter.o(!!!scatter)
    __scatterload_null                       0x080001af   Thumb Code     0  __scatter.o(!!!scatter)
    __scatterload_copy                       0x080001d5   Thumb Code    26  __scatter_copy.o(!!handler_copy)
    __scatterload_zeroinit                   0x080001f1   Thumb Code    28  __scatter_zi.o(!!handler_zi)
    _printf_d                                0x0800020d   Thumb Code     0  _printf_d.o(.ARM.Collect$$_printf_percent$$00000009)
    _printf_percent                          0x0800020d   Thumb Code     0  _printf_percent.o(.ARM.Collect$$_printf_percent$$00000000)
    _printf_s                                0x08000213   Thumb Code     0  _printf_s.o(.ARM.Collect$$_printf_percent$$00000014)
    _printf_percent_end                      0x08000219   Thumb Code     0  _printf_percent_end.o(.ARM.Collect$$_printf_percent$$00000017)
    __rt_lib_init                            0x0800021d   Thumb Code     0  libinit.o(.ARM.Collect$$libinit$$00000000)
    __rt_lib_init_fp_1                       0x0800021f   Thumb Code     0  libinit2.o(.ARM.Collect$$libinit$$00000001)
    __rt_lib_init_alloca_1                   0x08000223   Thumb Code     0  libinit2.o(.ARM.Collect$$libinit$$0000002E)
    __rt_lib_init_argv_1                     0x08000223   Thumb Code     0  libinit2.o(.ARM.Collect$$libinit$$0000002C)
    __rt_lib_init_atexit_1                   0x08000223   Thumb Code     0  libinit2.o(.ARM.Collect$$libinit$$0000001B)
    __rt_lib_init_clock_1                    0x08000223   Thumb Code     0  libinit2.o(.ARM.Collect$$libinit$$00000021)
    __rt_lib_init_cpp_1                      0x08000223   Thumb Code     0  libinit2.o(.ARM.Collect$$libinit$$00000032)
    __rt_lib_init_exceptions_1               0x08000223   Thumb Code     0  libinit2.o(.ARM.Collect$$libinit$$00000030)
    __rt_lib_init_fp_trap_1                  0x08000223   Thumb Code     0  libinit2.o(.ARM.Collect$$libinit$$0000001F)
    __rt_lib_init_getenv_1                   0x08000223   Thumb Code     0  libinit2.o(.ARM.Collect$$libinit$$00000023)
    __rt_lib_init_heap_1                     0x08000223   Thumb Code     0  libinit2.o(.ARM.Collect$$libinit$$0000000A)
    __rt_lib_init_lc_collate_1               0x08000223   Thumb Code     0  libinit2.o(.ARM.Collect$$libinit$$00000011)
    __rt_lib_init_lc_ctype_1                 0x08000223   Thumb Code     0  libinit2.o(.ARM.Collect$$libinit$$00000013)
    __rt_lib_init_lc_monetary_1              0x08000223   Thumb Code     0  libinit2.o(.ARM.Collect$$libinit$$00000015)
    __rt_lib_init_lc_numeric_1               0x08000223   Thumb Code     0  libinit2.o(.ARM.Collect$$libinit$$00000017)
    __rt_lib_init_lc_time_1                  0x08000223   Thumb Code     0  libinit2.o(.ARM.Collect$$libinit$$00000019)
    __rt_lib_init_preinit_1                  0x08000223   Thumb Code     0  libinit2.o(.ARM.Collect$$libinit$$00000004)
    __rt_lib_init_rand_1                     0x08000223   Thumb Code     0  libinit2.o(.ARM.Collect$$libinit$$0000000E)
    __rt_lib_init_return                     0x08000223   Thumb Code     0  libinit2.o(.ARM.Collect$$libinit$$00000033)
    __rt_lib_init_signal_1                   0x08000223   Thumb Code     0  libinit2.o(.ARM.Collect$$libinit$$0000001D)
    __rt_lib_init_stdio_1                    0x08000223   Thumb Code     0  libinit2.o(.ARM.Collect$$libinit$$00000025)
    __rt_lib_init_user_alloc_1               0x08000223   Thumb Code     0  libinit2.o(.ARM.Collect$$libinit$$0000000C)
    __rt_lib_shutdown                        0x08000225   Thumb Code     0  libshutdown.o(.ARM.Collect$$libshutdown$$00000000)
    __rt_lib_shutdown_cpp_1                  0x08000227   Thumb Code     0  libshutdown2.o(.ARM.Collect$$libshutdown$$00000002)
    __rt_lib_shutdown_fp_trap_1              0x08000227   Thumb Code     0  libshutdown2.o(.ARM.Collect$$libshutdown$$00000007)
    __rt_lib_shutdown_heap_1                 0x08000227   Thumb Code     0  libshutdown2.o(.ARM.Collect$$libshutdown$$0000000F)
    __rt_lib_shutdown_return                 0x08000227   Thumb Code     0  libshutdown2.o(.ARM.Collect$$libshutdown$$00000010)
    __rt_lib_shutdown_signal_1               0x08000227   Thumb Code     0  libshutdown2.o(.ARM.Collect$$libshutdown$$0000000A)
    __rt_lib_shutdown_stdio_1                0x08000227   Thumb Code     0  libshutdown2.o(.ARM.Collect$$libshutdown$$00000004)
    __rt_lib_shutdown_user_alloc_1           0x08000227   Thumb Code     0  libshutdown2.o(.ARM.Collect$$libshutdown$$0000000C)
    __rt_entry                               0x08000229   Thumb Code     0  __rtentry.o(.ARM.Collect$$rtentry$$00000000)
    __rt_entry_presh_1                       0x08000229   Thumb Code     0  __rtentry2.o(.ARM.Collect$$rtentry$$00000002)
    __rt_entry_sh                            0x08000229   Thumb Code     0  __rtentry4.o(.ARM.Collect$$rtentry$$00000004)
    __rt_entry_li                            0x0800022f   Thumb Code     0  __rtentry2.o(.ARM.Collect$$rtentry$$0000000A)
    __rt_entry_postsh_1                      0x0800022f   Thumb Code     0  __rtentry2.o(.ARM.Collect$$rtentry$$00000009)
    __rt_entry_main                          0x08000233   Thumb Code     0  __rtentry2.o(.ARM.Collect$$rtentry$$0000000D)
    __rt_entry_postli_1                      0x08000233   Thumb Code     0  __rtentry2.o(.ARM.Collect$$rtentry$$0000000C)
    __rt_exit                                0x0800023b   Thumb Code     0  rtexit.o(.ARM.Collect$$rtexit$$00000000)
    __rt_exit_ls                             0x0800023d   Thumb Code     0  rtexit2.o(.ARM.Collect$$rtexit$$00000003)
    __rt_exit_prels_1                        0x0800023d   Thumb Code     0  rtexit2.o(.ARM.Collect$$rtexit$$00000002)
    __rt_exit_exit                           0x08000241   Thumb Code     0  rtexit2.o(.ARM.Collect$$rtexit$$00000004)
    Reset_Handler                            0x08000249   Thumb Code     8  startup_stm32f411xe.o(.text)
    NMI_Handler                              0x08000251   Thumb Code     2  startup_stm32f411xe.o(.text)
    HardFault_Handler                        0x08000253   Thumb Code     2  startup_stm32f411xe.o(.text)
    MemManage_Handler                        0x08000255   Thumb Code     2  startup_stm32f411xe.o(.text)
    BusFault_Handler                         0x08000257   Thumb Code     2  startup_stm32f411xe.o(.text)
    UsageFault_Handler                       0x08000259   Thumb Code     2  startup_stm32f411xe.o(.text)
    SVC_Handler                              0x0800025b   Thumb Code     2  startup_stm32f411xe.o(.text)
    DebugMon_Handler                         0x0800025d   Thumb Code     2  startup_stm32f411xe.o(.text)
    PendSV_Handler                           0x0800025f   Thumb Code     2  startup_stm32f411xe.o(.text)
    DMA1_Stream0_IRQHandler                  0x08000263   Thumb Code     0  startup_stm32f411xe.o(.text)
    DMA1_Stream1_IRQHandler                  0x08000263   Thumb Code     0  startup_stm32f411xe.o(.text)
    DMA1_Stream2_IRQHandler                  0x08000263   Thumb Code     0  startup_stm32f411xe.o(.text)
    DMA1_Stream3_IRQHandler                  0x08000263   Thumb Code     0  startup_stm32f411xe.o(.text)
    DMA1_Stream4_IRQHandler                  0x08000263   Thumb Code     0  startup_stm32f411xe.o(.text)
    DMA1_Stream5_IRQHandler                  0x08000263   Thumb Code     0  startup_stm32f411xe.o(.text)
    DMA1_Stream6_IRQHandler                  0x08000263   Thumb Code     0  startup_stm32f411xe.o(.text)
    DMA1_Stream7_IRQHandler                  0x08000263   Thumb Code     0  startup_stm32f411xe.o(.text)
    DMA2_Stream0_IRQHandler                  0x08000263   Thumb Code     0  startup_stm32f411xe.o(.text)
    DMA2_Stream1_IRQHandler                  0x08000263   Thumb Code     0  startup_stm32f411xe.o(.text)
    DMA2_Stream2_IRQHandler                  0x08000263   Thumb Code     0  startup_stm32f411xe.o(.text)
    DMA2_Stream3_IRQHandler                  0x08000263   Thumb Code     0  startup_stm32f411xe.o(.text)
    DMA2_Stream4_IRQHandler                  0x08000263   Thumb Code     0  startup_stm32f411xe.o(.text)
    DMA2_Stream5_IRQHandler                  0x08000263   Thumb Code     0  startup_stm32f411xe.o(.text)
    DMA2_Stream6_IRQHandler                  0x08000263   Thumb Code     0  startup_stm32f411xe.o(.text)
    DMA2_Stream7_IRQHandler                  0x08000263   Thumb Code     0  startup_stm32f411xe.o(.text)
    EXTI0_IRQHandler                         0x08000263   Thumb Code     0  startup_stm32f411xe.o(.text)
    EXTI1_IRQHandler                         0x08000263   Thumb Code     0  startup_stm32f411xe.o(.text)
    EXTI2_IRQHandler                         0x08000263   Thumb Code     0  startup_stm32f411xe.o(.text)
    EXTI3_IRQHandler                         0x08000263   Thumb Code     0  startup_stm32f411xe.o(.text)
    EXTI4_IRQHandler                         0x08000263   Thumb Code     0  startup_stm32f411xe.o(.text)
    EXTI9_5_IRQHandler                       0x08000263   Thumb Code     0  startup_stm32f411xe.o(.text)
    FLASH_IRQHandler                         0x08000263   Thumb Code     0  startup_stm32f411xe.o(.text)
    FPU_IRQHandler                           0x08000263   Thumb Code     0  startup_stm32f411xe.o(.text)
    I2C1_ER_IRQHandler                       0x08000263   Thumb Code     0  startup_stm32f411xe.o(.text)
    I2C1_EV_IRQHandler                       0x08000263   Thumb Code     0  startup_stm32f411xe.o(.text)
    I2C2_ER_IRQHandler                       0x08000263   Thumb Code     0  startup_stm32f411xe.o(.text)
    I2C2_EV_IRQHandler                       0x08000263   Thumb Code     0  startup_stm32f411xe.o(.text)
    I2C3_ER_IRQHandler                       0x08000263   Thumb Code     0  startup_stm32f411xe.o(.text)
    I2C3_EV_IRQHandler                       0x08000263   Thumb Code     0  startup_stm32f411xe.o(.text)
    OTG_FS_IRQHandler                        0x08000263   Thumb Code     0  startup_stm32f411xe.o(.text)
    OTG_FS_WKUP_IRQHandler                   0x08000263   Thumb Code     0  startup_stm32f411xe.o(.text)
    PVD_IRQHandler                           0x08000263   Thumb Code     0  startup_stm32f411xe.o(.text)
    RCC_IRQHandler                           0x08000263   Thumb Code     0  startup_stm32f411xe.o(.text)
    RTC_Alarm_IRQHandler                     0x08000263   Thumb Code     0  startup_stm32f411xe.o(.text)
    RTC_WKUP_IRQHandler                      0x08000263   Thumb Code     0  startup_stm32f411xe.o(.text)
    SDIO_IRQHandler                          0x08000263   Thumb Code     0  startup_stm32f411xe.o(.text)
    SPI1_IRQHandler                          0x08000263   Thumb Code     0  startup_stm32f411xe.o(.text)
    SPI2_IRQHandler                          0x08000263   Thumb Code     0  startup_stm32f411xe.o(.text)
    SPI3_IRQHandler                          0x08000263   Thumb Code     0  startup_stm32f411xe.o(.text)
    SPI4_IRQHandler                          0x08000263   Thumb Code     0  startup_stm32f411xe.o(.text)
    SPI5_IRQHandler                          0x08000263   Thumb Code     0  startup_stm32f411xe.o(.text)
    TAMP_STAMP_IRQHandler                    0x08000263   Thumb Code     0  startup_stm32f411xe.o(.text)
    TIM1_BRK_TIM9_IRQHandler                 0x08000263   Thumb Code     0  startup_stm32f411xe.o(.text)
    TIM1_CC_IRQHandler                       0x08000263   Thumb Code     0  startup_stm32f411xe.o(.text)
    TIM1_TRG_COM_TIM11_IRQHandler            0x08000263   Thumb Code     0  startup_stm32f411xe.o(.text)
    TIM1_UP_TIM10_IRQHandler                 0x08000263   Thumb Code     0  startup_stm32f411xe.o(.text)
    TIM2_IRQHandler                          0x08000263   Thumb Code     0  startup_stm32f411xe.o(.text)
    TIM3_IRQHandler                          0x08000263   Thumb Code     0  startup_stm32f411xe.o(.text)
    TIM5_IRQHandler                          0x08000263   Thumb Code     0  startup_stm32f411xe.o(.text)
    USART1_IRQHandler                        0x08000263   Thumb Code     0  startup_stm32f411xe.o(.text)
    USART6_IRQHandler                        0x08000263   Thumb Code     0  startup_stm32f411xe.o(.text)
    WWDG_IRQHandler                          0x08000263   Thumb Code     0  startup_stm32f411xe.o(.text)
    __user_initial_stackheap                 0x08000265   Thumb Code     0  startup_stm32f411xe.o(.text)
    __2printf                                0x08000289   Thumb Code    20  noretval__2printf.o(.text)
    __printf                                 0x080002a1   Thumb Code   104  __printf.o(.text)
    _printf_str                              0x08000309   Thumb Code    82  _printf_str.o(.text)
    _printf_int_dec                          0x0800035d   Thumb Code   104  _printf_dec.o(.text)
    puts                                     0x080003d5   Thumb Code    40  puts.o(.text)
    __aeabi_memclr4                          0x08000401   Thumb Code     0  rt_memclr_w.o(.text)
    __aeabi_memclr8                          0x08000401   Thumb Code     0  rt_memclr_w.o(.text)
    __rt_memclr_w                            0x08000401   Thumb Code     0  rt_memclr_w.o(.text)
    _memset_w                                0x08000405   Thumb Code    74  rt_memclr_w.o(.text)
    __use_two_region_memory                  0x0800044f   Thumb Code     2  heapauxi.o(.text)
    __rt_heap_escrow$2region                 0x08000451   Thumb Code     2  heapauxi.o(.text)
    __rt_heap_expand$2region                 0x08000453   Thumb Code     2  heapauxi.o(.text)
    _printf_int_common                       0x08000455   Thumb Code   178  _printf_intcommon.o(.text)
    _printf_cs_common                        0x08000507   Thumb Code    20  _printf_char.o(.text)
    _printf_char                             0x0800051b   Thumb Code    16  _printf_char.o(.text)
    _printf_string                           0x0800052b   Thumb Code     8  _printf_char.o(.text)
    _printf_char_file                        0x08000535   Thumb Code    32  _printf_char_file.o(.text)
    _printf_char_common                      0x08000563   Thumb Code    32  _printf_char_common.o(.text)
    ferror                                   0x08000589   Thumb Code     8  ferror.o(.text)
    __user_setup_stackheap                   0x08000591   Thumb Code    74  sys_stackheap_outer.o(.text)
    exit                                     0x080005db   Thumb Code    18  exit.o(.text)
    __user_libspace                          0x080005ed   Thumb Code     8  libspace.o(.text)
    __user_perproc_libspace                  0x080005ed   Thumb Code     0  libspace.o(.text)
    __user_perthread_libspace                0x080005ed   Thumb Code     0  libspace.o(.text)
    _sys_exit                                0x080005f5   Thumb Code     8  sys_exit.o(.text)
    __I$use$semihosting                      0x08000601   Thumb Code     0  use_no_semi.o(.text)
    __use_no_semihosting_swi                 0x08000601   Thumb Code     2  use_no_semi.o(.text)
    __semihosting_library_function           0x08000603   Thumb Code     0  indicate_semi.o(.text)
    ADC_IRQHandler                           0x08000605   Thumb Code   104  jsqrtest.o(.text.ADC_IRQHandler)
    ADC_J_TRGO                               0x0800066d   Thumb Code   218  ecadc.o(.text.ADC_J_TRGO)
    ADC_J_init                               0x08000749   Thumb Code   260  ecadc.o(.text.ADC_J_init)
    ADC_J_sequence                           0x0800084d   Thumb Code    88  ecadc.o(.text.ADC_J_sequence)
    ADC_J_start                              0x080008a5   Thumb Code    26  ecadc.o(.text.ADC_J_start)
    ADC_continue                             0x080008c1   Thumb Code    44  ecadc.o(.text.ADC_continue)
    ADC_pinmap                               0x080008ed   Thumb Code    96  ecadc.o(.text.ADC_pinmap)
    EXTI15_10_IRQHandler                     0x0800096d   Thumb Code    42  jsqrtest.o(.text.EXTI15_10_IRQHandler)
    EXTI_enable                              0x08000999   Thumb Code    52  ecexti.o(.text.EXTI_enable)
    EXTI_init                                0x080009cd   Thumb Code   386  ecexti.o(.text.EXTI_init)
    GPIO_init                                0x08000b51   Thumb Code    70  ecgpio.o(.text.GPIO_init)
    GPIO_mode                                0x08000b99   Thumb Code    34  ecgpio.o(.text.GPIO_mode)
    GPIO_ospeed                              0x08000bbd   Thumb Code    34  ecgpio.o(.text.GPIO_ospeed)
    GPIO_otype                               0x08000be1   Thumb Code    40  ecgpio.o(.text.GPIO_otype)
    GPIO_pupdr                               0x08000c09   Thumb Code    34  ecgpio.o(.text.GPIO_pupdr)
    GPIO_write                               0x08000c2d   Thumb Code    40  ecgpio.o(.text.GPIO_write)
    PWM_init                                 0x08000c55   Thumb Code   706  ecpwm.o(.text.PWM_init)
    PWM_period_us                            0x08000f19   Thumb Code    10  ecpwm.o(.text.PWM_period_us)
    PWM_pinmap                               0x08000f25   Thumb Code   296  ecpwm.o(.text.PWM_pinmap)
    PWM_pulsewidth_ms                        0x0800104d   Thumb Code   118  ecpwm.o(.text.PWM_pulsewidth_ms)
    PWM_pulsewidth_us                        0x080010c5   Thumb Code   112  ecpwm.o(.text.PWM_pulsewidth_us)
    RCC_GPIOA_enable                         0x08001135   Thumb Code    18  ecrcc.o(.text.RCC_GPIOA_enable)
    RCC_GPIOB_enable                         0x08001149   Thumb Code    18  ecrcc.o(.text.RCC_GPIOB_enable)
    RCC_GPIOC_enable                         0x0800115d   Thumb Code    18  ecrcc.o(.text.RCC_GPIOC_enable)
    RCC_PLL_init                             0x08001171   Thumb Code   222  ecrcc.o(.text.RCC_PLL_init)
    State_input                              0x08001251   Thumb Code   256  jsqrtest.o(.text.State_input)
    SysTick_Handler                          0x08001351   Thumb Code    24  ecsystick.o(.text.SysTick_Handler)
    SysTick_init                             0x08001369   Thumb Code    56  ecsystick.o(.text.SysTick_init)
    SystemInit                               0x080013a1   Thumb Code    26  system_stm32f4xx.o(.text.SystemInit)
    TIM4_IRQHandler                          0x080013bd   Thumb Code   184  jsqrtest.o(.text.TIM4_IRQHandler)
    TIM_INT_enable                           0x08001475   Thumb Code    10  ectim.o(.text.TIM_INT_enable)
    TIM_INT_init                             0x08001481   Thumb Code   158  ectim.o(.text.TIM_INT_init)
    TIM_init                                 0x08001521   Thumb Code   252  ectim.o(.text.TIM_init)
    TIM_period_ms                            0x0800161d   Thumb Code    22  ectim.o(.text.TIM_period_ms)
    TIM_period_us                            0x08001635   Thumb Code    34  ectim.o(.text.TIM_period_us)
    TIM_usec_init                            0x08001659   Thumb Code   252  ectim.o(.text.TIM_usec_init)
    USART2_IRQHandler                        0x08001755   Thumb Code   176  jsqrtest.o(.text.USART2_IRQHandler)
    USART_begin                              0x08001821   Thumb Code   444  ecuart.o(.text.USART_begin)
    USART_getc                               0x080019dd   Thumb Code    12  ecuart.o(.text.USART_getc)
    USART_init                               0x080019e9   Thumb Code    92  ecuart.o(.text.USART_init)
    USART_write                              0x08001a45   Thumb Code    44  ecuart.o(.text.USART_write)
    clear_ADC_JEOC                           0x08001b31   Thumb Code    18  ecadc.o(.text.clear_ADC_JEOC)
    clear_ADC_OVR                            0x08001b45   Thumb Code    18  ecadc.o(.text.clear_ADC_OVR)
    clear_UIF                                0x08001b59   Thumb Code     8  ectim.o(.text.clear_UIF)
    clear_pending_EXTI                       0x08001b61   Thumb Code    22  ecexti.o(.text.clear_pending_EXTI)
    delay_ms                                 0x08001b79   Thumb Code    20  ecsystick.o(.text.delay_ms)
    fputc                                    0x08001b8d   Thumb Code    34  ecuart.o(.text.fputc)
    is_ADC_JEOC                              0x08001bb1   Thumb Code    16  ecadc.o(.text.is_ADC_JEOC)
    is_ADC_OVR                               0x08001bc1   Thumb Code    16  ecadc.o(.text.is_ADC_OVR)
    is_UIF                                   0x08001bd1   Thumb Code     8  ectim.o(.text.is_UIF)
    is_USART_RXNE                            0x08001bd9   Thumb Code     8  ecuart.o(.text.is_USART_RXNE)
    is_pending_EXTI                          0x08001be1   Thumb Code    20  ecexti.o(.text.is_pending_EXTI)
    main                                     0x08001bf5   Thumb Code   104  jsqrtest.o(.text.main)
    setup                                    0x08001ca1   Thumb Code   240  jsqrtest.o(.text.setup)
    __hardfp_roundf                          0x08001d91   Thumb Code   154  roundf.o(i.__hardfp_roundf)
    __fpl_fnaninf                            0x08001e2b   Thumb Code   140  fnaninf.o(x$fpl$fnaninf)
    _fp_init                                 0x08001eb7   Thumb Code    26  fpinit.o(x$fpl$fpinit)
    __fplib_config_fpu_vfp                   0x08001ecf   Thumb Code     0  fpinit.o(x$fpl$fpinit)
    __fplib_config_pureend_doubles           0x08001ecf   Thumb Code     0  fpinit.o(x$fpl$fpinit)
    _frnd                                    0x08001ed1   Thumb Code    96  frnd.o(x$fpl$frnd)
    Region$$Table$$Base                      0x08001f30   Number         0  anon$$obj.o(Region$$Table)
    __I$use$fp                               0x08001f30   Number         0  usenofp.o(x$fpl$usenofp)
    Region$$Table$$Limit                     0x08001f50   Number         0  anon$$obj.o(Region$$Table)
    EC_SYSCLK                                0x20000000   Data           4  ecrcc.o(.data.EC_SYSCLK)
    endChar                                  0x20000008   Data           4  jsqrtest.o(.data.endChar)
    maxBuf                                   0x2000000c   Data           4  jsqrtest.o(.data.maxBuf)
    __libspace_start                         0x20000018   Data          96  libspace.o(.bss)
    __temporary_stack_top$libspace           0x20000078   Data           0  libspace.o(.bss)
    __stdout                                 0x20000090   Data           4  ecuart.o(.bss.__stdout)
    buffer                                   0x20000098   Data         100  jsqrtest.o(.bss.buffer)
    indx                                     0x200000fc   Data           4  jsqrtest.o(.bss.indx)
    mcu2Data                                 0x20000100   Data           1  jsqrtest.o(.bss.mcu2Data)
    pwm1                                     0x20000104   Data          16  jsqrtest.o(.bss.pwm1)



==============================================================================

Memory Map of the image

  Image Entry point : 0x08000199

  Load Region LR_IROM1 (Base: 0x08000000, Size: 0x00001f68, Max: 0x00080000, ABSOLUTE)

    Execution Region ER_IROM1 (Exec base: 0x08000000, Load base: 0x08000000, Size: 0x00001f50, Max: 0x00080000, ABSOLUTE)

    Exec Addr    Load Addr    Size         Type   Attr      Idx    E Section Name        Object

    0x08000000   0x08000000   0x00000198   Data   RO          338    RESET               startup_stm32f411xe.o
    0x08000198   0x08000198   0x00000008   Code   RO          401  * !!!main             c_w.l(__main.o)
    0x080001a0   0x080001a0   0x00000034   Code   RO          588    !!!scatter          c_w.l(__scatter.o)
    0x080001d4   0x080001d4   0x0000001a   Code   RO          590    !!handler_copy      c_w.l(__scatter_copy.o)
    0x080001ee   0x080001ee   0x00000002   PAD
    0x080001f0   0x080001f0   0x0000001c   Code   RO          592    !!handler_zi        c_w.l(__scatter_zi.o)
    0x0800020c   0x0800020c   0x00000000   Code   RO          394    .ARM.Collect$$_printf_percent$$00000000  c_w.l(_printf_percent.o)
    0x0800020c   0x0800020c   0x00000006   Code   RO          393    .ARM.Collect$$_printf_percent$$00000009  c_w.l(_printf_d.o)
    0x08000212   0x08000212   0x00000006   Code   RO          392    .ARM.Collect$$_printf_percent$$00000014  c_w.l(_printf_s.o)
    0x08000218   0x08000218   0x00000004   Code   RO          414    .ARM.Collect$$_printf_percent$$00000017  c_w.l(_printf_percent_end.o)
    0x0800021c   0x0800021c   0x00000002   Code   RO          452    .ARM.Collect$$libinit$$00000000  c_w.l(libinit.o)
    0x0800021e   0x0800021e   0x00000004   Code   RO          458    .ARM.Collect$$libinit$$00000001  c_w.l(libinit2.o)
    0x08000222   0x08000222   0x00000000   Code   RO          461    .ARM.Collect$$libinit$$00000004  c_w.l(libinit2.o)
    0x08000222   0x08000222   0x00000000   Code   RO          464    .ARM.Collect$$libinit$$0000000A  c_w.l(libinit2.o)
    0x08000222   0x08000222   0x00000000   Code   RO          466    .ARM.Collect$$libinit$$0000000C  c_w.l(libinit2.o)
    0x08000222   0x08000222   0x00000000   Code   RO          468    .ARM.Collect$$libinit$$0000000E  c_w.l(libinit2.o)
    0x08000222   0x08000222   0x00000000   Code   RO          471    .ARM.Collect$$libinit$$00000011  c_w.l(libinit2.o)
    0x08000222   0x08000222   0x00000000   Code   RO          473    .ARM.Collect$$libinit$$00000013  c_w.l(libinit2.o)
    0x08000222   0x08000222   0x00000000   Code   RO          475    .ARM.Collect$$libinit$$00000015  c_w.l(libinit2.o)
    0x08000222   0x08000222   0x00000000   Code   RO          477    .ARM.Collect$$libinit$$00000017  c_w.l(libinit2.o)
    0x08000222   0x08000222   0x00000000   Code   RO          479    .ARM.Collect$$libinit$$00000019  c_w.l(libinit2.o)
    0x08000222   0x08000222   0x00000000   Code   RO          481    .ARM.Collect$$libinit$$0000001B  c_w.l(libinit2.o)
    0x08000222   0x08000222   0x00000000   Code   RO          483    .ARM.Collect$$libinit$$0000001D  c_w.l(libinit2.o)
    0x08000222   0x08000222   0x00000000   Code   RO          485    .ARM.Collect$$libinit$$0000001F  c_w.l(libinit2.o)
    0x08000222   0x08000222   0x00000000   Code   RO          487    .ARM.Collect$$libinit$$00000021  c_w.l(libinit2.o)
    0x08000222   0x08000222   0x00000000   Code   RO          489    .ARM.Collect$$libinit$$00000023  c_w.l(libinit2.o)
    0x08000222   0x08000222   0x00000000   Code   RO          491    .ARM.Collect$$libinit$$00000025  c_w.l(libinit2.o)
    0x08000222   0x08000222   0x00000000   Code   RO          495    .ARM.Collect$$libinit$$0000002C  c_w.l(libinit2.o)
    0x08000222   0x08000222   0x00000000   Code   RO          497    .ARM.Collect$$libinit$$0000002E  c_w.l(libinit2.o)
    0x08000222   0x08000222   0x00000000   Code   RO          499    .ARM.Collect$$libinit$$00000030  c_w.l(libinit2.o)
    0x08000222   0x08000222   0x00000000   Code   RO          501    .ARM.Collect$$libinit$$00000032  c_w.l(libinit2.o)
    0x08000222   0x08000222   0x00000002   Code   RO          502    .ARM.Collect$$libinit$$00000033  c_w.l(libinit2.o)
    0x08000224   0x08000224   0x00000002   Code   RO          524    .ARM.Collect$$libshutdown$$00000000  c_w.l(libshutdown.o)
    0x08000226   0x08000226   0x00000000   Code   RO          539    .ARM.Collect$$libshutdown$$00000002  c_w.l(libshutdown2.o)
    0x08000226   0x08000226   0x00000000   Code   RO          541    .ARM.Collect$$libshutdown$$00000004  c_w.l(libshutdown2.o)
    0x08000226   0x08000226   0x00000000   Code   RO          544    .ARM.Collect$$libshutdown$$00000007  c_w.l(libshutdown2.o)
    0x08000226   0x08000226   0x00000000   Code   RO          547    .ARM.Collect$$libshutdown$$0000000A  c_w.l(libshutdown2.o)
    0x08000226   0x08000226   0x00000000   Code   RO          549    .ARM.Collect$$libshutdown$$0000000C  c_w.l(libshutdown2.o)
    0x08000226   0x08000226   0x00000000   Code   RO          552    .ARM.Collect$$libshutdown$$0000000F  c_w.l(libshutdown2.o)
    0x08000226   0x08000226   0x00000002   Code   RO          553    .ARM.Collect$$libshutdown$$00000010  c_w.l(libshutdown2.o)
    0x08000228   0x08000228   0x00000000   Code   RO          407    .ARM.Collect$$rtentry$$00000000  c_w.l(__rtentry.o)
    0x08000228   0x08000228   0x00000000   Code   RO          419    .ARM.Collect$$rtentry$$00000002  c_w.l(__rtentry2.o)
    0x08000228   0x08000228   0x00000006   Code   RO          431    .ARM.Collect$$rtentry$$00000004  c_w.l(__rtentry4.o)
    0x0800022e   0x0800022e   0x00000000   Code   RO          421    .ARM.Collect$$rtentry$$00000009  c_w.l(__rtentry2.o)
    0x0800022e   0x0800022e   0x00000004   Code   RO          422    .ARM.Collect$$rtentry$$0000000A  c_w.l(__rtentry2.o)
    0x08000232   0x08000232   0x00000000   Code   RO          424    .ARM.Collect$$rtentry$$0000000C  c_w.l(__rtentry2.o)
    0x08000232   0x08000232   0x00000008   Code   RO          425    .ARM.Collect$$rtentry$$0000000D  c_w.l(__rtentry2.o)
    0x0800023a   0x0800023a   0x00000002   Code   RO          456    .ARM.Collect$$rtexit$$00000000  c_w.l(rtexit.o)
    0x0800023c   0x0800023c   0x00000000   Code   RO          504    .ARM.Collect$$rtexit$$00000002  c_w.l(rtexit2.o)
    0x0800023c   0x0800023c   0x00000004   Code   RO          505    .ARM.Collect$$rtexit$$00000003  c_w.l(rtexit2.o)
    0x08000240   0x08000240   0x00000006   Code   RO          506    .ARM.Collect$$rtexit$$00000004  c_w.l(rtexit2.o)
    0x08000246   0x08000246   0x00000002   PAD
    0x08000248   0x08000248   0x00000040   Code   RO          339    .text               startup_stm32f411xe.o
    0x08000288   0x08000288   0x00000018   Code   RO          364    .text               c_w.l(noretval__2printf.o)
    0x080002a0   0x080002a0   0x00000068   Code   RO          366    .text               c_w.l(__printf.o)
    0x08000308   0x08000308   0x00000052   Code   RO          368    .text               c_w.l(_printf_str.o)
    0x0800035a   0x0800035a   0x00000002   PAD
    0x0800035c   0x0800035c   0x00000078   Code   RO          370    .text               c_w.l(_printf_dec.o)
    0x080003d4   0x080003d4   0x0000002c   Code   RO          395    .text               c_w.l(puts.o)
    0x08000400   0x08000400   0x0000004e   Code   RO          397    .text               c_w.l(rt_memclr_w.o)
    0x0800044e   0x0800044e   0x00000006   Code   RO          399    .text               c_w.l(heapauxi.o)
    0x08000454   0x08000454   0x000000b2   Code   RO          408    .text               c_w.l(_printf_intcommon.o)
    0x08000506   0x08000506   0x0000002c   Code   RO          410    .text               c_w.l(_printf_char.o)
    0x08000532   0x08000532   0x00000002   PAD
    0x08000534   0x08000534   0x00000024   Code   RO          412    .text               c_w.l(_printf_char_file.o)
    0x08000558   0x08000558   0x00000030   Code   RO          433    .text               c_w.l(_printf_char_common.o)
    0x08000588   0x08000588   0x00000008   Code   RO          435    .text               c_w.l(ferror.o)
    0x08000590   0x08000590   0x0000004a   Code   RO          441    .text               c_w.l(sys_stackheap_outer.o)
    0x080005da   0x080005da   0x00000012   Code   RO          445    .text               c_w.l(exit.o)
    0x080005ec   0x080005ec   0x00000008   Code   RO          453    .text               c_w.l(libspace.o)
    0x080005f4   0x080005f4   0x0000000c   Code   RO          514    .text               c_w.l(sys_exit.o)
    0x08000600   0x08000600   0x00000002   Code   RO          529    .text               c_w.l(use_no_semi.o)
    0x08000602   0x08000602   0x00000000   Code   RO          531    .text               c_w.l(indicate_semi.o)
    0x08000602   0x08000602   0x00000002   PAD
    0x08000604   0x08000604   0x00000068   Code   RO            6    .text.ADC_IRQHandler  jsqrtest.o
    0x0800066c   0x0800066c   0x000000da   Code   RO          248    .text.ADC_J_TRGO    ecadc.o
    0x08000746   0x08000746   0x00000002   PAD
    0x08000748   0x08000748   0x00000104   Code   RO          246    .text.ADC_J_init    ecadc.o
    0x0800084c   0x0800084c   0x00000058   Code   RO          254    .text.ADC_J_sequence  ecadc.o
    0x080008a4   0x080008a4   0x0000001a   Code   RO          258    .text.ADC_J_start   ecadc.o
    0x080008be   0x080008be   0x00000002   PAD
    0x080008c0   0x080008c0   0x0000002c   Code   RO          250    .text.ADC_continue  ecadc.o
    0x080008ec   0x080008ec   0x00000080   Code   RO          238    .text.ADC_pinmap    ecadc.o
    0x0800096c   0x0800096c   0x0000002a   Code   RO           12    .text.EXTI15_10_IRQHandler  jsqrtest.o
    0x08000996   0x08000996   0x00000002   PAD
    0x08000998   0x08000998   0x00000034   Code   RO           75    .text.EXTI_enable   ecexti.o
    0x080009cc   0x080009cc   0x00000182   Code   RO           73    .text.EXTI_init     ecexti.o
    0x08000b4e   0x08000b4e   0x00000002   PAD
    0x08000b50   0x08000b50   0x00000046   Code   RO           95    .text.GPIO_init     ecgpio.o
    0x08000b96   0x08000b96   0x00000002   PAD
    0x08000b98   0x08000b98   0x00000022   Code   RO           97    .text.GPIO_mode     ecgpio.o
    0x08000bba   0x08000bba   0x00000002   PAD
    0x08000bbc   0x08000bbc   0x00000022   Code   RO          103    .text.GPIO_ospeed   ecgpio.o
    0x08000bde   0x08000bde   0x00000002   PAD
    0x08000be0   0x08000be0   0x00000028   Code   RO          105    .text.GPIO_otype    ecgpio.o
    0x08000c08   0x08000c08   0x00000022   Code   RO          107    .text.GPIO_pupdr    ecgpio.o
    0x08000c2a   0x08000c2a   0x00000002   PAD
    0x08000c2c   0x08000c2c   0x00000028   Code   RO           99    .text.GPIO_write    ecgpio.o
    0x08000c54   0x08000c54   0x000002c2   Code   RO          125    .text.PWM_init      ecpwm.o
    0x08000f16   0x08000f16   0x00000002   PAD
    0x08000f18   0x08000f18   0x0000000a   Code   RO          131    .text.PWM_period_us  ecpwm.o
    0x08000f22   0x08000f22   0x00000002   PAD
    0x08000f24   0x08000f24   0x00000128   Code   RO          127    .text.PWM_pinmap    ecpwm.o
    0x0800104c   0x0800104c   0x00000076   Code   RO          133    .text.PWM_pulsewidth_ms  ecpwm.o
    0x080010c2   0x080010c2   0x00000002   PAD
    0x080010c4   0x080010c4   0x00000070   Code   RO          135    .text.PWM_pulsewidth_us  ecpwm.o
    0x08001134   0x08001134   0x00000012   Code   RO          151    .text.RCC_GPIOA_enable  ecrcc.o
    0x08001146   0x08001146   0x00000002   PAD
    0x08001148   0x08001148   0x00000012   Code   RO          153    .text.RCC_GPIOB_enable  ecrcc.o
    0x0800115a   0x0800115a   0x00000002   PAD
    0x0800115c   0x0800115c   0x00000012   Code   RO          155    .text.RCC_GPIOC_enable  ecrcc.o
    0x0800116e   0x0800116e   0x00000002   PAD
    0x08001170   0x08001170   0x000000de   Code   RO          149    .text.RCC_PLL_init  ecrcc.o
    0x0800124e   0x0800124e   0x00000002   PAD
    0x08001250   0x08001250   0x00000100   Code   RO           10    .text.State_input   jsqrtest.o
    0x08001350   0x08001350   0x00000018   Code   RO          177    .text.SysTick_Handler  ecsystick.o
    0x08001368   0x08001368   0x00000038   Code   RO          165    .text.SysTick_init  ecsystick.o
    0x080013a0   0x080013a0   0x0000001a   Code   RO          346    .text.SystemInit    system_stm32f4xx.o
    0x080013ba   0x080013ba   0x00000002   PAD
    0x080013bc   0x080013bc   0x000000b8   Code   RO           14    .text.TIM4_IRQHandler  jsqrtest.o
    0x08001474   0x08001474   0x0000000a   Code   RO          200    .text.TIM_INT_enable  ectim.o
    0x0800147e   0x0800147e   0x00000002   PAD
    0x08001480   0x08001480   0x0000009e   Code   RO          198    .text.TIM_INT_init  ectim.o
    0x0800151e   0x0800151e   0x00000002   PAD
    0x08001520   0x08001520   0x000000fc   Code   RO          190    .text.TIM_init      ectim.o
    0x0800161c   0x0800161c   0x00000016   Code   RO          192    .text.TIM_period_ms  ectim.o
    0x08001632   0x08001632   0x00000002   PAD
    0x08001634   0x08001634   0x00000022   Code   RO          196    .text.TIM_period_us  ectim.o
    0x08001656   0x08001656   0x00000002   PAD
    0x08001658   0x08001658   0x000000fc   Code   RO          194    .text.TIM_usec_init  ectim.o
    0x08001754   0x08001754   0x000000cc   Code   RO            8    .text.USART2_IRQHandler  jsqrtest.o
    0x08001820   0x08001820   0x000001bc   Code   RO          297    .text.USART_begin   ecuart.o
    0x080019dc   0x080019dc   0x0000000c   Code   RO          287    .text.USART_getc    ecuart.o
    0x080019e8   0x080019e8   0x0000005c   Code   RO          299    .text.USART_init    ecuart.o
    0x08001a44   0x08001a44   0x0000002c   Code   RO          283    .text.USART_write   ecuart.o
    0x08001a70   0x08001a70   0x00000020   Code   RO           79    .text.__NVIC_EnableIRQ  ecexti.o
    0x08001a90   0x08001a90   0x00000020   Code   RO          202    .text.__NVIC_EnableIRQ  ectim.o
    0x08001ab0   0x08001ab0   0x00000010   Code   RO          242    .text.__NVIC_EnableIRQ  ecadc.o
    0x08001ac0   0x08001ac0   0x00000020   Code   RO          293    .text.__NVIC_EnableIRQ  ecuart.o
    0x08001ae0   0x08001ae0   0x00000010   Code   RO           77    .text.__NVIC_SetPriority  ecexti.o
    0x08001af0   0x08001af0   0x0000000e   Code   RO          167    .text.__NVIC_SetPriority  ecsystick.o
    0x08001afe   0x08001afe   0x00000002   PAD
    0x08001b00   0x08001b00   0x00000010   Code   RO          204    .text.__NVIC_SetPriority  ectim.o
    0x08001b10   0x08001b10   0x0000000e   Code   RO          240    .text.__NVIC_SetPriority  ecadc.o
    0x08001b1e   0x08001b1e   0x00000002   PAD
    0x08001b20   0x08001b20   0x00000010   Code   RO          291    .text.__NVIC_SetPriority  ecuart.o
    0x08001b30   0x08001b30   0x00000012   Code   RO          264    .text.clear_ADC_JEOC  ecadc.o
    0x08001b42   0x08001b42   0x00000002   PAD
    0x08001b44   0x08001b44   0x00000012   Code   RO          270    .text.clear_ADC_OVR  ecadc.o
    0x08001b56   0x08001b56   0x00000002   PAD
    0x08001b58   0x08001b58   0x00000008   Code   RO          212    .text.clear_UIF     ectim.o
    0x08001b60   0x08001b60   0x00000016   Code   RO           85    .text.clear_pending_EXTI  ecexti.o
    0x08001b76   0x08001b76   0x00000002   PAD
    0x08001b78   0x08001b78   0x00000014   Code   RO          179    .text.delay_ms      ecsystick.o
    0x08001b8c   0x08001b8c   0x00000022   Code   RO          281    .text.fputc         ecuart.o
    0x08001bae   0x08001bae   0x00000002   PAD
    0x08001bb0   0x08001bb0   0x00000010   Code   RO          262    .text.is_ADC_JEOC   ecadc.o
    0x08001bc0   0x08001bc0   0x00000010   Code   RO          268    .text.is_ADC_OVR    ecadc.o
    0x08001bd0   0x08001bd0   0x00000008   Code   RO          210    .text.is_UIF        ectim.o
    0x08001bd8   0x08001bd8   0x00000008   Code   RO          301    .text.is_USART_RXNE  ecuart.o
    0x08001be0   0x08001be0   0x00000014   Code   RO           83    .text.is_pending_EXTI  ecexti.o
    0x08001bf4   0x08001bf4   0x000000ac   Code   RO            2    .text.main          jsqrtest.o
    0x08001ca0   0x08001ca0   0x000000f0   Code   RO            4    .text.setup         jsqrtest.o
    0x08001d90   0x08001d90   0x0000009a   Code   RO          403    i.__hardfp_roundf   m_wm.l(roundf.o)
    0x08001e2a   0x08001e2a   0x0000008c   Code   RO          439    x$fpl$fnaninf       fz_wm.l(fnaninf.o)
    0x08001eb6   0x08001eb6   0x0000001a   Code   RO          512    x$fpl$fpinit        fz_wm.l(fpinit.o)
    0x08001ed0   0x08001ed0   0x00000060   Code   RO          415    x$fpl$frnd          fz_wm.l(frnd.o)
    0x08001f30   0x08001f30   0x00000000   Code   RO          417    x$fpl$usenofp       fz_wm.l(usenofp.o)
    0x08001f30   0x08001f30   0x00000020   Data   RO          587    Region$$Table       anon$$obj.o


    Execution Region RW_IRAM1 (Exec base: 0x20000000, Load base: 0x08001f50, Size: 0x00000718, Max: 0x00020000, ABSOLUTE)

    Exec Addr    Load Addr    Size         Type   Attr      Idx    E Section Name        Object

    0x20000000   0x08001f50   0x00000004   Data   RW          157    .data.EC_SYSCLK     ecrcc.o
    0x20000004   0x08001f54   0x00000002   Data   RW           36    .data.endBuf        jsqrtest.o
    0x20000006   0x08001f56   0x00000002   PAD
    0x20000008   0x08001f58   0x00000004   Data   RW           21    .data.endChar       jsqrtest.o
    0x2000000c   0x08001f5c   0x00000004   Data   RW           19    .data.maxBuf        jsqrtest.o
    0x20000010   0x08001f60   0x00000008   Data   RW           34    .data.seqCHn        jsqrtest.o
    0x20000018        -       0x00000060   Zero   RW          454    .bss                c_w.l(libspace.o)
    0x20000078        -       0x00000004   Zero   RW           30    .bss.Button_Flag    jsqrtest.o
    0x2000007c        -       0x00000001   Zero   RW           37    .bss.DIR            jsqrtest.o
    0x2000007d   0x08001f68   0x00000003   PAD
    0x20000080        -       0x00000004   Zero   RW           31    .bss.IR1            jsqrtest.o
    0x20000084        -       0x00000001   Zero   RW           32    .bss.LED1_COND      jsqrtest.o
    0x20000085   0x08001f68   0x00000003   PAD
    0x20000088        -       0x00000004   Zero   RW           38    .bss.LED1_Flag      jsqrtest.o
    0x2000008c        -       0x00000004   Zero   RW          181    .bss.TimeDelay      ecsystick.o
    0x20000090        -       0x00000004   Zero   RW          303    .bss.__stdout       ecuart.o
    0x20000094        -       0x00000001   Zero   RW           35    .bss.bReceive       jsqrtest.o
    0x20000095   0x08001f68   0x00000003   PAD
    0x20000098        -       0x00000064   Zero   RW           20    .bss.buffer         jsqrtest.o
    0x200000fc        -       0x00000004   Zero   RW           18    .bss.indx           jsqrtest.o
    0x20000100        -       0x00000001   Zero   RW           16    .bss.mcu2Data       jsqrtest.o
    0x20000101   0x08001f68   0x00000003   PAD
    0x20000104        -       0x00000010   Zero   RW           33    .bss.pwm1           jsqrtest.o
    0x20000114   0x08001f68   0x00000004   PAD
    0x20000118        -       0x00000200   Zero   RW          337    HEAP                startup_stm32f411xe.o
    0x20000318        -       0x00000400   Zero   RW          336    STACK               startup_stm32f411xe.o


==============================================================================

Image component sizes


      Code (inc. data)   RO Data    RW Data    ZI Data      Debug   Object Name

       862         32          0          0          0       8881   ecadc.o
       528         22          0          0          0       6267   ecexti.o
       252          0          0          0          0       3351   ecgpio.o
      1242         40          0          0          0       5436   ecpwm.o
       276          0          0          4          0       2116   ecrcc.o
       114          0          0          0          4       4205   ecsystick.o
       792          0          0          0          0      10049   ectim.o
       682          8          0          0          4       7544   ecuart.o
      1202        160          0         18        136       3850   jsqrtest.o
        64         26        408          0       1536        876   startup_stm32f411xe.o
        26          0          0          0          0       2816   system_stm32f4xx.o

    ----------------------------------------------------------------------
      6092        288        440         24       1696      55391   Object Totals
         0          0         32          0          0          0   (incl. Generated)
        52          0          0          2         16          0   (incl. Padding)

    ----------------------------------------------------------------------

      Code (inc. data)   RO Data    RW Data    ZI Data      Debug   Library Member Name

         8          0          0          0          0         68   __main.o
       104          0          0          0          0         84   __printf.o
         0          0          0          0          0          0   __rtentry.o
        12          0          0          0          0          0   __rtentry2.o
         6          0          0          0          0          0   __rtentry4.o
        52          8          0          0          0          0   __scatter.o
        26          0          0          0          0          0   __scatter_copy.o
        28          0          0          0          0          0   __scatter_zi.o
        44          0          0          0          0        108   _printf_char.o
        48          6          0          0          0         96   _printf_char_common.o
        36          4          0          0          0         80   _printf_char_file.o
         6          0          0          0          0          0   _printf_d.o
       120         16          0          0          0         92   _printf_dec.o
       178          0          0          0          0         88   _printf_intcommon.o
         0          0          0          0          0          0   _printf_percent.o
         4          0          0          0          0          0   _printf_percent_end.o
         6          0          0          0          0          0   _printf_s.o
        82          0          0          0          0         80   _printf_str.o
        18          0          0          0          0         80   exit.o
         8          0          0          0          0         68   ferror.o
         6          0          0          0          0        152   heapauxi.o
         0          0          0          0          0          0   indicate_semi.o
         2          0          0          0          0          0   libinit.o
         6          0          0          0          0          0   libinit2.o
         2          0          0          0          0          0   libshutdown.o
         2          0          0          0          0          0   libshutdown2.o
         8          4          0          0         96         68   libspace.o
        24          4          0          0          0         84   noretval__2printf.o
        44          4          0          0          0         84   puts.o
        78          0          0          0          0         80   rt_memclr_w.o
         2          0          0          0          0          0   rtexit.o
        10          0          0          0          0          0   rtexit2.o
        12          4          0          0          0         68   sys_exit.o
        74          0          0          0          0         80   sys_stackheap_outer.o
         2          0          0          0          0         68   use_no_semi.o
       140          4          0          0          0        132   fnaninf.o
        26          0          0          0          0        116   fpinit.o
        96          4          0          0          0        124   frnd.o
         0          0          0          0          0          0   usenofp.o
       154          0          0          0          0        140   roundf.o

    ----------------------------------------------------------------------
      1484         58          0          0         96       2040   Library Totals
        10          0          0          0          0          0   (incl. Padding)

    ----------------------------------------------------------------------

      Code (inc. data)   RO Data    RW Data    ZI Data      Debug   Library Name

      1058         50          0          0         96       1528   c_w.l
       262          8          0          0          0        372   fz_wm.l
       154          0          0          0          0        140   m_wm.l

    ----------------------------------------------------------------------
      1484         58          0          0         96       2040   Library Totals

    ----------------------------------------------------------------------

==============================================================================


      Code (inc. data)   RO Data    RW Data    ZI Data      Debug   

      7576        346        440         24       1792      56323   Grand Totals
      7576        346        440         24       1792      56323   ELF Image Totals
      7576        346        440         24          0          0   ROM Totals

==============================================================================

    Total RO  Size (Code + RO Data)                 8016 (   7.83kB)
    Total RW  Size (RW Data + ZI Data)              1816 (   1.77kB)
    Total ROM Size (Code + RO Data + RW Data)       8040 (   7.85kB)

==============================================================================

