<html>
<body>
<pre>
<h1>µVision Build Log</h1>
<h2>Tool Versions:</h2>
IDE-Version: •ÏVision V5.36.0.0
Copyright (C) 2021 ARM Ltd and ARM Germany GmbH. All rights reserved.
License Information: Yeong Won Song, University, LIC=----
 
Tool Versions:
Toolchain:       MDK-Lite  Version: 5.36.0.0
Toolchain Path:  C:\Keil_v5\ARM\ARMCLANG\Bin
C Compiler:      ArmClang.exe V6.16
Assembler:       Armasm.exe V6.16
Linker/Locator:  ArmLink.exe V6.16
Library Manager: ArmAr.exe V6.16
Hex Converter:   FromElf.exe V6.16
CPU DLL:         SARMCM3.DLL V5.36.0.0
Dialog DLL:      DCM.DLL V1.17.3.0
Target DLL:      STLink\ST-LINKIII-KEIL_SWO.dll V3.0.9.0
Dialog DLL:      TCM.DLL V1.53.0.0
 
<h2>Project:</h2>
C:\Users\LEGION\source\repos\EC\LAB\RC_CAR_Bluetooth\RC_CAR_Bluetooth.uvprojx
Project File Date:  11/23/2021

<h2>Output:</h2>
*** Using Compiler 'V6.16', folder: 'C:\Keil_v5\ARM\ARMCLANG\Bin'
Build target 'Target 1'
RC_LAB_CAR.c(10): warning: In file included from...
../../lib\ecHAL.h(8): warning: In file included from...
../../lib/ecUART.h(41): warning: this function declaration is not a prototype [-Wstrict-prototypes]
void UART2_init();
               ^
                void
RC_LAB_CAR.c(15): warning: no previous extern declaration for non-static variable 'mcu2Data' [-Wmissing-variable-declarations]
uint8_t mcu2Data = 0;
        ^
RC_LAB_CAR.c(15): note: declare 'static' if the variable is not intended to be used outside of this translation unit
uint8_t mcu2Data = 0;
^
RC_LAB_CAR.c(16): warning: no previous extern declaration for non-static variable 'pcData' [-Wmissing-variable-declarations]
uint8_t pcData = 0;
        ^
RC_LAB_CAR.c(16): note: declare 'static' if the variable is not intended to be used outside of this translation unit
uint8_t pcData = 0;
^
RC_LAB_CAR.c(17): warning: no previous extern declaration for non-static variable 'indx' [-Wmissing-variable-declarations]
int indx =0;
    ^
RC_LAB_CAR.c(17): note: declare 'static' if the variable is not intended to be used outside of this translation unit
int indx =0;
^
RC_LAB_CAR.c(18): warning: no previous extern declaration for non-static variable 'maxBuf' [-Wmissing-variable-declarations]
int maxBuf=10;
    ^
RC_LAB_CAR.c(18): note: declare 'static' if the variable is not intended to be used outside of this translation unit
int maxBuf=10;
^
RC_LAB_CAR.c(19): warning: no previous extern declaration for non-static variable 'buffer' [-Wmissing-variable-declarations]
uint8_t buffer[100]={0,};
        ^
RC_LAB_CAR.c(19): note: declare 'static' if the variable is not intended to be used outside of this translation unit
uint8_t buffer[100]={0,};
^
RC_LAB_CAR.c(20): warning: no previous extern declaration for non-static variable 'endChar' [-Wmissing-variable-declarations]
int endChar = 13;
    ^
RC_LAB_CAR.c(20): note: declare 'static' if the variable is not intended to be used outside of this translation unit
int endChar = 13;
^
RC_LAB_CAR.c(35): warning: multi-character character constant [-Wmultichar]
static uint8_t endBuf[2] = {'\r\n', '\r\n'};
                            ^
RC_LAB_CAR.c(35): warning: multi-character character constant [-Wmultichar]
static uint8_t endBuf[2] = {'\r\n', '\r\n'};
                                    ^
RC_LAB_CAR.c(35): warning: implicit conversion from 'int' to 'uint8_t' (aka 'unsigned char') changes value from 3338 to 10 [-Wconstant-conversion]
static uint8_t endBuf[2] = {'\r\n', '\r\n'};
                           ~        ^~~~~~
RC_LAB_CAR.c(35): warning: implicit conversion from 'int' to 'uint8_t' (aka 'unsigned char') changes value from 3338 to 10 [-Wconstant-conversion]
static uint8_t endBuf[2] = {'\r\n', '\r\n'};
                           ~^~~~~~
RC_LAB_CAR.c(88): warning: incompatible pointer types passing 'uint8_t (*)[2]' to parameter of type 'uint8_t *' (aka 'unsigned char *') [-Wincompatible-pointer-types]
                        USART_write(USART1, &endBuf, 1);
                                            ^~~~~~~
../../lib/ecUART.h(42): note: passing argument to parameter 'buffer' here
void USART_write(USART_TypeDef* USARTx, uint8_t* buffer, uint32_t nBytes);
                                                 ^
RC_LAB_CAR.c(94): warning: implicit conversion changes signedness: 'int' to 'unsigned int' [-Wsign-conversion]
                                memset(buffer, 0, sizeof(char) * maxBuf);
                                                               ~ ^~~~~~
RC_LAB_CAR.c(130): warning: implicit conversion loses floating-point precision: 'double' to 'float' [-Wimplicit-float-conversion]
                PWM_pulsewidth_ms(&pwm1,0.5*count+0.5);       //Servo Motor angle (LEFT/RIGHT)
                ~~~~~~~~~~~~~~~~~       ~~~~~~~~~^~~~
RC_LAB_CAR.c(132): warning: implicit conversion loses floating-point precision: 'double' to 'float' [-Wimplicit-float-conversion]
                PWM_pulsewidth_ms(&pwm2,2-0.5*DC_speed);
                ~~~~~~~~~~~~~~~~~       ~^~~~~~~~~~~~~
RC_LAB_CAR.c(133): warning: implicit conversion loses floating-point precision: 'double' to 'float' [-Wimplicit-float-conversion]
                }else PWM_pulsewidth_ms(&pwm2,0.5*DC_speed);
                      ~~~~~~~~~~~~~~~~~       ~~~^~~~~~~~~
RC_LAB_CAR.c(22): warning: no previous extern declaration for non-static variable 'pwm1' [-Wmissing-variable-declarations]
PWM_t pwm1;
      ^
RC_LAB_CAR.c(22): note: declare 'static' if the variable is not intended to be used outside of this translation unit
PWM_t pwm1;
^
RC_LAB_CAR.c(23): warning: no previous extern declaration for non-static variable 'pwm2' [-Wmissing-variable-declarations]
PWM_t pwm2;
      ^
RC_LAB_CAR.c(23): note: declare 'static' if the variable is not intended to be used outside of this translation unit
PWM_t pwm2;
^
18 warnings generated.
compiling RC_LAB_CAR.c...
linking...
Program Size: Code=6884 RO-data=448 RW-data=20 ZI-data=1796  
FromELF: creating hex file...
".\Objects\RC_CAR_Bluetooth.axf" - 0 Error(s), 18 Warning(s).

<h2>Software Packages used:</h2>

Package Vendor: ARM
                http://www.keil.com/pack/ARM.CMSIS.5.8.0.pack
                ARM.CMSIS.5.8.0
                CMSIS (Common Microcontroller Software Interface Standard)
   * Component: CORE Version: 5.5.0

Package Vendor: Keil
                http://www.keil.com/pack/Keil.STM32F4xx_DFP.2.15.0.pack
                Keil.STM32F4xx_DFP.2.15.0
                STMicroelectronics STM32F4 Series Device Support, Drivers and Examples
   * Component: Startup Version: 2.6.3

<h2>Collection of Component include folders:</h2>
  .\RTE\_Target_1
  C:\Users\LEGION\AppData\Local\Arm\Packs\ARM\CMSIS\5.8.0\CMSIS\Core\Include
  C:\Users\LEGION\AppData\Local\Arm\Packs\Keil\STM32F4xx_DFP\2.15.0\Drivers\CMSIS\Device\ST\STM32F4xx\Include

<h2>Collection of Component Files used:</h2>

   * Component: ARM::CMSIS:CORE:5.5.0

   * Component: Keil::Device:Startup:2.6.3
      Source file:   MDK\Device\Source\ARM\STM32F411xx_OPT.s
      Source file:   MDK\Device\Source\ARM\STM32F4xx_OTP.s
      Include file:  Drivers\CMSIS\Device\ST\STM32F4xx\Include\stm32f4xx.h
      Source file:   Drivers\CMSIS\Device\ST\STM32F4xx\Source\Templates\arm\startup_stm32f411xe.s
      Source file:   Drivers\CMSIS\Device\ST\STM32F4xx\Source\Templates\system_stm32f4xx.c
Build Time Elapsed:  00:00:01
</pre>
</body>
</html>
