<html>
<body>
<pre>
<h1>µVision Build Log</h1>
<h2>Tool Versions:</h2>
IDE-Version: •ÏVision V5.36.0.0
Copyright (C) 2021 ARM Ltd and ARM Germany GmbH. All rights reserved.
License Information: Yeong Won Song, University, LIC=----
 
Tool Versions:
Toolchain:       MDK-Lite  Version: 5.36.0.0
Toolchain Path:  C:\Keil_v5\ARM\ARMCLANG\Bin
C Compiler:      ArmClang.exe V6.16
Assembler:       Armasm.exe V6.16
Linker/Locator:  ArmLink.exe V6.16
Library Manager: ArmAr.exe V6.16
Hex Converter:   FromElf.exe V6.16
CPU DLL:         SARMCM3.DLL V5.36.0.0
Dialog DLL:      DCM.DLL V1.17.3.0
Target DLL:      STLink\ST-LINKIII-KEIL_SWO.dll V3.0.9.0
Dialog DLL:      TCM.DLL V1.53.0.0
 
<h2>Project:</h2>
C:\Users\LEGION\source\repos\EC\LAB\Tutorial_TIMER_InputCapture\Tutorial_TIMER_InputCapture.uvprojx
Project File Date:  11/12/2021

<h2>Output:</h2>
*** Using Compiler 'V6.16', folder: 'C:\Keil_v5\ARM\ARMCLANG\Bin'
Build target 'Target 1'
IRsensor.c(14): warning: In file included from...
../../lib\ecUART.h(8): warning: this function declaration is not a prototype [-Wstrict-prototypes]
void UART2_init();
               ^
                void
IRsensor.c(15): warning: In file included from...
../../lib\ecADC.h(14): warning: 'RISE' macro redefined [-Wmacro-redefined]
#define RISE 1
        ^
../../lib\ecTIM.h(14): note: previous definition is here
#define RISE 0
        ^
IRsensor.c(15): warning: In file included from...
../../lib\ecADC.h(15): warning: 'FALL' macro redefined [-Wmacro-redefined]
#define FALL 2
        ^
../../lib\ecTIM.h(15): note: previous definition is here
#define FALL 1
        ^
IRsensor.c(15): warning: In file included from...
../../lib\ecADC.h(16): warning: 'BOTH' macro redefined [-Wmacro-redefined]
#define BOTH 3
        ^
../../lib\ecTIM.h(16): note: previous definition is here
#define BOTH 2
        ^
4 warnings generated.
compiling IRsensor.c...
linking...
Program Size: Code=3340 RO-data=440 RW-data=12 ZI-data=1660  
FromELF: creating hex file...
".\Objects\Tutorial_TIMER_InputCapture.axf" - 0 Error(s), 4 Warning(s).

<h2>Software Packages used:</h2>

Package Vendor: ARM
                http://www.keil.com/pack/ARM.CMSIS.5.8.0.pack
                ARM.CMSIS.5.8.0
                CMSIS (Common Microcontroller Software Interface Standard)
   * Component: CORE Version: 5.5.0

Package Vendor: Keil
                http://www.keil.com/pack/Keil.STM32F4xx_DFP.2.15.0.pack
                Keil.STM32F4xx_DFP.2.15.0
                STMicroelectronics STM32F4 Series Device Support, Drivers and Examples
   * Component: Startup Version: 2.6.3

<h2>Collection of Component include folders:</h2>
  .\RTE\_Target_1
  C:\Users\LEGION\AppData\Local\Arm\Packs\ARM\CMSIS\5.8.0\CMSIS\Core\Include
  C:\Users\LEGION\AppData\Local\Arm\Packs\Keil\STM32F4xx_DFP\2.15.0\Drivers\CMSIS\Device\ST\STM32F4xx\Include

<h2>Collection of Component Files used:</h2>

   * Component: ARM::CMSIS:CORE:5.5.0

   * Component: Keil::Device:Startup:2.6.3
      Source file:   MDK\Device\Source\ARM\STM32F411xx_OPT.s
      Source file:   Drivers\CMSIS\Device\ST\STM32F4xx\Source\Templates\arm\startup_stm32f411xe.s
      Source file:   MDK\Device\Source\ARM\STM32F4xx_OTP.s
      Include file:  Drivers\CMSIS\Device\ST\STM32F4xx\Include\stm32f4xx.h
      Source file:   Drivers\CMSIS\Device\ST\STM32F4xx\Source\Templates\system_stm32f4xx.c
Build Time Elapsed:  00:00:00
</pre>
</body>
</html>
